null
java/io/FileSystem/chargetSeparator()
java/io/FileSystem/chargetPathSeparator()
java/io/FileInputStream/voidclose()java/io/IOException
java/util/HashMap/java/lang/Objectput(java/lang/Objectjava/lang/Object)
java/lang/ConditionalSpecialCasing/Entry/intgetCodePoint()
java/util/Hashtable/java/lang/Objectget(java/lang/Object)
java/util/HashSet/booleanadd(java/lang/Object)
java/util/Hashtable/java/lang/Objectput(java/lang/Objectjava/lang/Object)
java/lang/Runnable/voidrun()
java/lang/Thread/voidstart()
java/lang/ref/ReferenceQueue/booleanenqueue(java/lang/ref/Reference)
sun/misc/Cleaner/voidclean()
sun/reflect/ReflectionFactory/voidsetLangReflectAccess(sun/reflect/LangReflectAccess)
java/io/PrintStream/voidprintln(java/lang/String)
org/joone/net/NeuralNetLoader/org/joone/net/NeuralNetgetNeuralNet()
org/joone/util/NeuralNetRunner/voidsetNnet(org/joone/net/NeuralNet)
org/joone/util/NeuralNetRunner/voidexecute()
java/lang/Throwable/java/lang/StringgetMessage()
java/lang/Throwable/java/lang/ThrowableinitCause(java/lang/Throwable)
java/io/ObjectInputStream/BlockDataInputStream/intread()java/io/IOException
java/lang/CharSequence/charcharAt(int)
java/lang/CharSequence/intlength()
java/lang/Throwable/java/lang/ThrowablefillInStackTrace()
java/io/OutputStream/voidwrite(byte1intint)java/io/IOException
java/io/OutputStream/voidwrite(int)java/io/IOException
java/util/Vector/intsize()
java/util/Stack/java/lang/Objectpeek()
java/util/Vector/voidremoveElementAt(int)
sun/misc/ProxyGenerator/ConstantPool/shortgetUtf8(java/lang/String)
java/util/Map/java/lang/Objectput(java/lang/Objectjava/lang/Object)
sun/reflect/MethodAccessor/java/lang/Objectinvoke(java/lang/Objectjava/lang/Object1)java/lang/IllegalArgumentExceptionjava/lang/reflect/InvocationTargetException
java/lang/ref/Reference/java/lang/Objectget()
java/io/PrintStream/voidprint(java/lang/String)
java/text/CharacterIterator/intgetIndex()
java/text/CharacterIterator/intgetEndIndex()
sun/nio/cs/StreamEncoder/voidflushBuffer()java/io/IOException
java/util/ArrayList/voidensureCapacity(int)
java/io/ObjectInputStream/BlockDataInputStream/java/lang/StringreadUTF()java/io/IOException
sun/misc/ProxyGenerator/ConstantPool/shortgetClass(java/lang/String)
sun/misc/ProxyGenerator/ConstantPool/shortgetNameAndType(java/lang/Stringjava/lang/String)
java/util/regex/Pattern/Node/booleanstudy(java/util/regex/Pattern/TreeInfo)
java/util/regex/Pattern/Loop/booleanstudy(java/util/regex/Pattern/TreeInfo)
java/util/AbstractList/java/util/ListIteratorlistIterator()
sun/reflect/ConstructorAccessor/java/lang/ObjectnewInstance(java/lang/Object1)java/lang/InstantiationExceptionjava/lang/IllegalArgumentExceptionjava/lang/reflect/InvocationTargetException
java/lang/AbstractStringBuilder/voidexpandCapacity(int)
java/lang/Object/inthashCode()
java/util/HashMap/voidaddEntry(intjava/lang/Objectjava/lang/Objectint)
java/lang/Object/booleanequals(java/lang/Object)
java/util/HashMap/Entry/voidrecordAccess(java/util/HashMap)
java/util/SubList$1/booleanhasNext()
java/util/ListIterator/java/lang/Objectnext()
java/util/AbstractList/java/lang/Objectget(int)
java/io/ObjectInputStream/HandleTable/HandleList/intsize()
java/io/ObjectInputStream/HandleTable/HandleList/intget(int)
java/io/ObjectInputStream/HandleTable/voidmarkException(intjava/lang/ClassNotFoundException)
java/io/InputStream/intread()java/io/IOException
java/io/ObjectInputStream/PeekInputStream/voidclose()java/io/IOException
java/lang/ClassLoader/booleandesiredAssertionStatus(java/lang/String)
java/text/BreakIterator/voidsetText(java/text/CharacterIterator)
java/util/regex/Pattern/Node/booleanmatch(java/util/regex/Matcherintjava/lang/CharSequence)
java/util/regex/Pattern/Loop/booleanmatchInit(java/util/regex/Matcherintjava/lang/CharSequence)
java/io/ObjectInputStream/HandleTable/java/lang/ClassNotFoundExceptionlookupException(int)
java/io/ObjectInputStream/java/lang/ObjectresolveObject(java/lang/Object)java/io/IOException
java/io/ObjectInputStream/HandleTable/voidsetObject(intjava/lang/Object)
java/text/RuleBasedBreakIterator/voidreadTables(java/lang/String)java/io/IOExceptionjava/util/MissingResourceException
java/io/ObjectInputStream/PeekInputStream/intread(byte1intint)java/io/IOException
java/lang/ClassLoader/booleanisAncestor(java/lang/ClassLoader)
java/lang/SecurityManager/voidcheckPermission(java/security/Permission)
java/lang/SecurityManager/voidcheckAccess(java/lang/ThreadGroup)
java/io/ObjectInputStream/BlockDataInputStream/booleangetBlockDataMode()
java/io/ObjectInputStream/BlockDataInputStream/intcurrentBlockRemaining()
java/io/ObjectInputStream/BlockDataInputStream/booleansetBlockDataMode(boolean)java/io/IOException
java/io/ObjectInputStream/BlockDataInputStream/bytepeekByte()java/io/IOException
java/io/ObjectInputStream/BlockDataInputStream/intpeek()java/io/IOException
java/io/ObjectInputStream/BlockDataInputStream/bytereadByte()java/io/IOException
java/util/HashMap/HashIterator/java/util/HashMap/EntrynextEntry()
java/text/CharacterIterator/java/lang/Objectclone()
java/lang/Runtime/voidexit(int)
java/text/CharacterIterator/intgetBeginIndex()
java/util/concurrent/locks/ReentrantLock/voidlock()
java/util/concurrent/locks/ReentrantLock/voidunlock()
java/lang/Throwable/java/lang/StringgetLocalizedMessage()
java/util/HashMap/java/util/IteratornewValueIterator()
java/text/CharacterIterator/charsetIndex(int)
java/util/Map/java/lang/Objectget(java/lang/Object)
java/util/List/java/util/Iteratoriterator()
java/util/Iterator/booleanhasNext()
java/util/List/booleanadd(java/lang/Object)
java/util/Iterator/java/lang/Objectnext()
java/util/List/intsize()
java/util/List/java/lang/Object1toArray(java/lang/Object1)
java/io/InputStream/intavailable()java/io/IOException
java/util/HashMap/voidinit()
java/io/ObjectInputStream/BlockDataInputStream/voidskipBlockData()java/io/IOException
java/util/Vector/intindexOf(java/lang/Objectint)
java/io/ObjectInputStream/HandleTable/HandleList/voidadd(int)
java/io/ObjectInputStream/BlockDataInputStream/intreadInt()java/io/IOException
java/io/ObjectInputStream/HandleTable/intsize()
java/io/ObjectInputStream/HandleTable/java/lang/ObjectlookupObject(int)
java/lang/Object/java/lang/Objectfake$clone()
java/lang/AbstractStringBuilder/intlength()
java/lang/AbstractStringBuilder/voidsetLength(int)
java/util/regex/Pattern/Node/java/util/regex/Pattern/Nodedup(boolean)
sun/reflect/ReflectionFactory/java/lang/reflect/FieldcopyField(java/lang/reflect/Field)
sun/misc/FDBigInt/sun/misc/FDBigIntmult(sun/misc/FDBigInt)
sun/misc/FDBigInt/sun/misc/FDBigIntmult(int)
java/util/AbstractList/java/util/ListIteratorlistIterator(int)
java/io/InputStream/voidclose()java/io/IOException
java/io/File/java/lang/StringgetPath()
java/lang/SecurityManager/voidcheckRead(java/lang/String)
java/io/ObjectStreamClass/java/lang/ClassforClass()
java/io/ObjectInputStream/HandleTable/intassign(java/lang/Object)
java/io/ObjectStreamClass/java/lang/ClassNotFoundExceptiongetResolveException()
java/io/ObjectInputStream/HandleTable/voidfinish(int)
java/io/ObjectInputStream/BlockDataInputStream/intreadUnsignedShort()java/io/IOException
java/util/AbstractCollection/intsize()
java/util/HashMap/Entry/java/lang/ObjectgetKey()
java/lang/SecurityManager/voidcheckPropertyAccess(java/lang/String)
java/util/Properties/java/lang/StringgetProperty(java/lang/String)
java/lang/ThreadLocal/java/lang/ThreadLocal/ThreadLocalMapgetMap(java/lang/Thread)
java/lang/ThreadLocal/java/lang/ObjectinitialValue()
java/lang/ThreadLocal/voidcreateMap(java/lang/Threadjava/lang/Object)
java/io/ObjectInputStream/PeekInputStream/voidreadFully(byte1intint)java/io/IOException
java/util/concurrent/ConcurrentMap/booleanremove(java/lang/Objectjava/lang/Object)
java/util/concurrent/ConcurrentMap/java/lang/ObjectputIfAbsent(java/lang/Objectjava/lang/Object)
java/io/ObjectStreamClass/EntryFuture/booleanset(java/lang/Object)
java/io/ObjectStreamClass/EntryFuture/java/lang/Objectget()
java/lang/Class/MethodArray/intlength()
java/lang/Class/MethodArray/java/lang/reflect/Methodget(int)
java/lang/Class/MethodArray/voidadd(java/lang/reflect/Method)
java/security/PrivilegedActionException/java/lang/StringtoString()
java/io/FilterInputStream/intread(byte1)java/io/IOException
java/io/BufferedInputStream/voidclose()java/io/IOException
sun/reflect/ReflectionFactory/java/lang/reflect/ConstructorcopyConstructor(java/lang/reflect/Constructor)
java/io/ObjectInputStream/BlockDataInputStream/java/lang/StringreadLongUTF()java/io/IOException
java/text/CharacterIterator/charfirst()
java/io/OutputStream/voidflush()java/io/IOException
java/io/ObjectStreamField/chargetTypeCode()
java/io/ObjectStreamField/voidsetOffset(int)
java/util/HashMap/java/util/HashMap/EntryremoveEntryForKey(java/lang/Object)
java/io/ObjectStreamClass/booleanhasBlockExternalData()
java/io/Externalizable/voidreadExternal(java/io/ObjectInput)java/io/IOExceptionjava/lang/ClassNotFoundException
java/io/ObjectInputStream/BlockDataInputStream/shortreadShort()java/io/IOException
java/io/ObjectInputStream/PeekInputStream/intread()java/io/IOException
java/lang/Object/java/lang/Objectclone()java/lang/CloneNotSupportedException
java/text/RuleBasedBreakIterator/intgetCurrent()
java/text/RuleBasedBreakIterator/java/text/CharacterIteratorgetText()
java/text/RuleBasedBreakIterator/intgetNext()
java/text/RuleBasedBreakIterator/intlookupCategory(int)
java/text/RuleBasedBreakIterator/intlookupState(intint)
java/util/ArrayList/intsize()
java/lang/CharSequence/java/lang/CharSequencesubSequence(intint)
java/lang/Object/java/lang/StringtoString()
java/util/ArrayList/booleanadd(java/lang/Object)
java/util/AbstractList/java/util/ListsubList(intint)
java/util/ArrayList/java/lang/Objectget(int)
sun/misc/FDBigInt/voidlshiftMe(int)java/lang/IllegalArgumentException
java/util/ArrayList/intindexOf(java/lang/Object)
java/text/CharacterIterator/charcurrent()
java/text/CharacterIterator/charnext()
java/text/CharacterIterator/charprevious()
java/io/ObjectInputStream/BlockDataInputStream/intread(byte1intintboolean)java/io/IOException
java/lang/ref/ReferenceQueue/java/lang/ref/Referencepoll()
java/io/ObjectStreamClass/java/io/ObjectStreamClass/ClassDataSlot1getClassDataLayout()java/io/InvalidClassException
java/io/ObjectStreamClass/booleanhasReadObjectMethod()
java/io/ObjectStreamClass/booleanhasReadObjectNoDataMethod()
java/io/ObjectStreamClass/booleanhasWriteObjectData()
java/io/ObjectStreamClass/voidinvokeReadObjectNoData(java/lang/Object)java/io/IOExceptionjava/lang/UnsupportedOperationException
java/io/ObjectStreamClass/voidinvokeReadObject(java/lang/Objectjava/io/ObjectInputStream)java/lang/ClassNotFoundExceptionjava/io/IOExceptionjava/lang/UnsupportedOperationException
java/io/ObjectInputStream/CallbackContext/voidsetUsed()
java/util/concurrent/locks/AbstractQueuedSynchronizer/booleantryAcquire(int)
sun/misc/ProxyGenerator/ConstantPool/shortgetString(java/lang/String)
sun/misc/ProxyGenerator/ConstantPool/shortgetMethodRef(java/lang/Stringjava/lang/Stringjava/lang/String)
sun/misc/ProxyGenerator/ConstantPool/shortgetFieldRef(java/lang/Stringjava/lang/Stringjava/lang/String)
java/text/RuleBasedBreakIterator/intfollowing(int)
sun/reflect/ReflectionFactory/sun/reflect/MethodAccessornewMethodAccessor(java/lang/reflect/Method)
java/io/ObjectInputStream/java/lang/StringreadUTF()java/io/IOException
java/io/ObjectInputStream/longreadLong()java/io/IOException
java/io/ObjectInputStream/bytereadByte()java/io/IOException
java/io/ObjectInputStream/shortreadShort()java/io/IOException
java/io/ObjectInputStream/java/lang/StringreadTypeString()java/io/IOException
java/util/Vector/voidaddElement(java/lang/Object)
sun/security/util/Debug/voidprintln(java/lang/String)
java/security/DomainCombiner/java/security/ProtectionDomain1combine(java/security/ProtectionDomain1java/security/ProtectionDomain1)
java/util/HashMap/Entry/voidrecordRemoval(java/util/HashMap)
java/io/BufferedWriter/voidnewLine()java/io/IOException
java/io/BufferedWriter/voidflushBuffer()java/io/IOException
java/io/OutputStreamWriter/voidflushBuffer()java/io/IOException
sun/text/Trie/intgetSurrogateOffset(charchar)
java/util/Map/java/lang/Objectremove(java/lang/Object)
java/io/ObjectInputStream/voidreadStreamHeader()java/io/IOExceptionjava/io/StreamCorruptedException
java/util/HashMap/booleancontainsKey(java/lang/Object)
java/io/ObjectInputValidation/voidvalidateObject()java/io/InvalidObjectException
org/joone/log/ILogger/voiderror(java/lang/Objectjava/lang/Throwable)
java/util/HashMap/java/lang/Objectget(java/lang/Object)
java/util/StringTokenizer/intcountTokens()
java/lang/SecurityManager/voidcheckMemberAccess(java/lang/Classint)
java/lang/SecurityManager/voidcheckPackageAccess(java/lang/String)
java/util/SubList$1/intnextIndex()
java/io/ObjectStreamClass/voidreadNonProxy(java/io/ObjectInputStream)java/io/IOExceptionjava/lang/ClassNotFoundException
java/text/DictionaryBasedBreakIterator/intlookupCategory(int)
java/util/Vector/booleanisEmpty()
java/util/Vector/booleancontains(java/lang/Object)
java/util/Stack/java/lang/Objectpop()
java/util/Stack/java/lang/Objectpush(java/lang/Object)
java/util/Vector/java/lang/ObjectelementAt(int)
java/util/Vector/java/lang/Objectclone()
java/text/BreakIterator/java/lang/Objectclone()
java/io/ObjectInputStream/BlockDataInputStream/voidclose()java/io/IOException
java/io/InputStream/intread(byte1intint)java/io/IOException
org/joone/log/ILogger/voidsetParentClass(java/lang/Class)
java/lang/Throwable/voidprintStackTrace()
java/lang/ThreadLocal/java/lang/ObjectchildValue(java/lang/Object)
java/util/ListIterator/voidset(java/lang/Object)
java/util/AbstractList/java/lang/Objectset(intjava/lang/Object)
java/text/RuleBasedBreakIterator/intlookupBackwardState(intint)
java/io/ObjectInputStream/java/lang/ClassresolveProxyClass(java/lang/String1)java/io/IOExceptionjava/lang/ClassNotFoundException
java/io/ObjectStreamClass/voidinitProxy(java/lang/Classjava/lang/ClassNotFoundExceptionjava/io/ObjectStreamClass)java/io/InvalidClassException
java/io/ObjectInputStream/BlockDataInputStream/longreadLong()java/io/IOException
sun/misc/SoftCache/java/lang/Objectget(java/lang/Object)
sun/misc/SoftCache/java/lang/Objectput(java/lang/Objectjava/lang/Object)
java/util/AbstractList/java/util/Iteratoriterator()
java/lang/ThreadGroup/voidadd(java/lang/Thread)
java/util/AbstractList/java/lang/Objectremove(int)
java/util/HashMap/voidtransfer(java/util/HashMap/Entry1)
java/util/HashSet/java/util/Iteratoriterator()
java/lang/Throwable/java/lang/ThrowablegetCause()
java/lang/ref/SoftReference/java/lang/Objectget()
java/lang/Class/MethodArray/voidaddAll(java/lang/reflect/Method1)
java/lang/Class/MethodArray/voidremoveByNameAndSignature(java/lang/reflect/Method)
java/lang/Class/MethodArray/voidaddAllIfNotPresent(java/lang/Class/MethodArray)
java/lang/Class/MethodArray/voidcompactAndTrim()
java/lang/Class/MethodArray/java/lang/reflect/Method1getArray()
java/lang/Class/MethodArray/voidaddAll(java/lang/Class/MethodArray)
java/io/PrintStream/voidprint(java/lang/Object)
java/lang/Throwable/voidprintStackTrace(java/io/PrintStream)
java/lang/AbstractStringBuilder/java/lang/AbstractStringBuilderappend(java/lang/String)
java/util/Map/booleancontainsKey(java/lang/Object)
java/io/ObjectStreamClass/java/lang/StringgetName()
sun/text/Trie/DataManipulate/intgetFoldingOffset(int)
java/util/List/java/util/ListIteratorlistIterator()
java/util/ListIterator/booleanhasNext()
java/lang/SecurityManager/voidcheckAccess(java/lang/Thread)
java/util/ListIterator/intnextIndex()
org/joone/log/JooneLogger/java/lang/StringformatMsg(java/lang/Stringjava/lang/String)
java/io/Writer/voidwrite(char1intint)java/io/IOException
java/io/ObjectStreamClass/intgetPrimDataSize()
java/io/ObjectInputStream/BlockDataInputStream/voidreadFully(byte1intintboolean)java/io/IOException
java/io/ObjectStreamClass/voidsetPrimFieldValues(java/lang/Objectbyte1)
java/io/ObjectStreamClass/java/io/ObjectStreamField1getFields(boolean)
java/io/ObjectStreamClass/intgetNumObjFields()
java/io/ObjectStreamField/booleanisUnshared()
java/io/ObjectStreamField/java/lang/reflect/FieldgetField()
java/io/ObjectInputStream/HandleTable/voidmarkDependency(intint)
java/io/ObjectStreamClass/voidsetObjFieldValues(java/lang/Objectjava/lang/Object1)
sun/misc/FDBigInt/intnormalizeMe()java/lang/IllegalArgumentException
sun/misc/FDBigInt/intquoRemIteration(sun/misc/FDBigInt)java/lang/IllegalArgumentException
sun/misc/FDBigInt/intcmp(sun/misc/FDBigInt)
sun/misc/FDBigInt/sun/misc/FDBigIntadd(sun/misc/FDBigInt)
java/util/concurrent/locks/ReentrantLock/Sync/voidlock()
java/io/ObjectStreamClass/booleanisEnum()
java/text/BreakIterator/voidsetText(java/lang/String)
java/text/BreakIterator/booleanisBoundary(int)
java/util/Random/voidsetSeed(long)
java/io/Writer/voidwrite(java/lang/Stringintint)java/io/IOException
org/joone/net/NeuralNet/org/joone/engine/MonitorgetMonitor()
org/joone/engine/Monitor/voidaddNeuralNetListener(org/joone/engine/NeuralNetListener)
org/joone/net/NeuralNet/voidstart()
org/joone/engine/Monitor/voidGo()
java/io/ObjectInputStream/java/io/ObjectStreamClassreadClassDescriptor()java/io/IOExceptionjava/lang/ClassNotFoundException
java/io/ObjectInputStream/java/lang/ClassresolveClass(java/io/ObjectStreamClass)java/io/IOExceptionjava/lang/ClassNotFoundException
java/io/ObjectStreamClass/voidinitNonProxy(java/io/ObjectStreamClassjava/lang/Classjava/lang/ClassNotFoundExceptionjava/io/ObjectStreamClass)java/io/InvalidClassException
java/util/ArrayList/java/lang/Object1toArray(java/lang/Object1)
sun/misc/SoftCache/java/lang/Objectfill(java/lang/Object)
java/io/Writer/voidwrite(java/lang/String)java/io/IOException
java/util/ResourceBundle/java/lang/ObjecthandleGetObject(java/lang/String)
java/lang/ThreadLocal/java/lang/Objectget()
java/io/ObjectInputStream/HandleTable/voidclear()
java/io/ObjectInputStream/ValidationList/voidclear()
java/lang/Throwable/java/lang/StringtoString()
java/util/Set/booleancontains(java/lang/Object)
java/util/Set/booleanadd(java/lang/Object)
java/util/WeakHashMap/java/util/WeakHashMap/EntrygetEntry(java/lang/Object)
java/lang/SecurityManager/voidcheckExit(int)
java/lang/ConditionalSpecialCasing/Entry/java/lang/StringgetLanguage()
java/lang/ConditionalSpecialCasing/Entry/intgetCondition()
java/lang/ConditionalSpecialCasing/Entry/char1getUpperCase()
java/lang/ConditionalSpecialCasing/Entry/char1getLowerCase()
java/io/ObjectStreamClass/EntryFuture/java/lang/ThreadgetOwner()
java/util/AbstractCollection/java/util/Iteratoriterator()
java/util/HashMap/java/util/SetkeySet()
java/util/Set/java/util/Iteratoriterator()
java/io/ObjectStreamClass/longgetSerialVersionUID()
java/io/ObjectStreamClass/FieldReflector/java/io/ObjectStreamField1getFields()
java/text/RuleBasedBreakIterator/byte1readFile(java/lang/String)java/io/IOExceptionjava/util/MissingResourceException
java/util/concurrent/locks/AbstractQueuedSynchronizer/booleantryRelease(int)
java/io/FileSystem/java/lang/Stringnormalize(java/lang/String)
java/io/FileSystem/intprefixLength(java/lang/String)
java/lang/Thread/voidinterrupt()
java/io/ObjectInputStream/PeekInputStream/intavailable()java/io/IOException
java/io/ObjectInputStream/PeekInputStream/intpeek()java/io/IOException
java/util/List/java/util/ListIteratorlistIterator(int)
java/util/ListIterator/java/lang/Objectprevious()
java/lang/reflect/InvocationTargetException/java/lang/ThrowablegetTargetException()
sun/reflect/ReflectionFactory/sun/reflect/ConstructorAccessornewConstructorAccessor(java/lang/reflect/Constructor)
java/io/ObjectStreamClass/voidcheckDeserialize()java/io/InvalidClassException
java/io/ObjectStreamClass/booleanisInstantiable()
java/io/ObjectStreamClass/java/lang/ObjectnewInstance()java/lang/InstantiationExceptionjava/lang/reflect/InvocationTargetExceptionjava/lang/UnsupportedOperationException
java/io/ObjectStreamClass/booleanisExternalizable()
java/io/ObjectStreamClass/booleanhasReadResolveMethod()
java/io/ObjectStreamClass/java/lang/ObjectinvokeReadResolve(java/lang/Object)java/io/IOExceptionjava/lang/UnsupportedOperationException
sun/misc/FloatingDecimal/voidappendTo(java/lang/Appendable)
java/util/Map/java/util/Collectionvalues()
java/util/Collection/java/util/Iteratoriterator()
java/io/ByteArrayOutputStream/intsize()
java/net/InetAddress/java/lang/StringgetHostAddress()
java/lang/SecurityManager/voidcheckConnect(java/lang/Stringint)
java/lang/SecurityManager/java/lang/ThreadGroupgetThreadGroup()
java/lang/ThreadGroup/voidaddUnstarted()
java/lang/Thread/java/lang/ClassLoadergetContextClassLoader()
java/io/ObjectInputStream/BlockDataInputStream/voidreadBooleans(boolean1intint)java/io/IOException
java/io/ObjectInputStream/BlockDataInputStream/voidreadChars(char1intint)java/io/IOException
java/io/ObjectInputStream/BlockDataInputStream/voidreadShorts(short1intint)java/io/IOException
java/io/ObjectInputStream/BlockDataInputStream/voidreadDoubles(double1intint)java/io/IOException
java/io/ObjectInputStream/BlockDataInputStream/voidreadFloats(float1intint)java/io/IOException
java/io/ObjectInputStream/BlockDataInputStream/voidreadLongs(long1intint)java/io/IOException
java/io/ObjectInputStream/BlockDataInputStream/voidreadInts(int1intint)java/io/IOException
sun/reflect/ReflectionFactory/java/lang/reflect/MethodcopyMethod(java/lang/reflect/Method)
sun/misc/ProxyGenerator/ConstantPool/Entry/voidwrite(java/io/DataOutputStream)java/io/IOException
sun/nio/ch/Interruptible/voidinterrupt()
java/io/ObjectInputStream/voidclose()java/io/IOException
sun/misc/ProxyGenerator/ConstantPool/voidwrite(java/io/OutputStream)java/io/IOException
java/io/ByteArrayOutputStream/byte1toByteArray()
sun/misc/ProxyGenerator/MethodInfo/voidwrite(java/io/DataOutputStream)java/io/IOException
sun/misc/ProxyGenerator/FieldInfo/voidwrite(java/io/DataOutputStream)java/io/IOException
sun/misc/ProxyGenerator/ConstantPool/voidsetReadOnly()
java/io/ByteArrayOutputStream/voidwriteTo(java/io/OutputStream)java/io/IOException
java/util/ListIterator/voidremove()
java/io/PrintStream/voidprintln(java/lang/Object)
java/io/ObjectInputStream/ValidationList/voiddoCallbacks()java/io/InvalidObjectException
java/io/ObjectInputStream/java/lang/ObjectreadObjectOverride()java/io/IOExceptionjava/lang/ClassNotFoundException
java/util/List/java/lang/Objectget(int)
java/util/List/java/lang/Objectset(intjava/lang/Object)
java/util/HashMap/voidresize(int)
java/lang/Class/MethodArray/voidaddIfNotPresent(java/lang/reflect/Method)
java/util/Hashtable/voidrehash()
java/io/PrintStream/voidprintln()
java/util/List/voidclear()
java/util/List/java/lang/Objectremove(int)
java/text/RuleBasedBreakIterator/inthandlePrevious()
java/text/RuleBasedBreakIterator/inthandleNext()
java/net/NetworkInterface$1checkedAddresses/java/net/InetAddressnextElement()
java/util/WeakHashMap/voidresize(int)
java/io/ObjectStreamField/intgetOffset()
java/io/ObjectStreamField/booleanisPrimitive()
sun/misc/ProxyGenerator/ConstantPool/shortgetInterfaceMethodRef(java/lang/Stringjava/lang/Stringjava/lang/String)
java/io/DataOutput/voidwrite(byte1intint)java/io/IOException
sun/nio/cs/StreamEncoder/voidwrite(char1intint)java/io/IOException
java/util/Enumeration/booleanhasMoreElements()
java/util/Enumeration/java/lang/ObjectnextElement()
java/util/List/booleancontains(java/lang/Object)
java/util/LinkedList/intsize()
java/util/LinkedList/booleanadd(java/lang/Object)
java/io/ObjectStreamField/java/lang/StringgetName()
java/io/ObjectStreamField/java/lang/StringgetSignature()
java/nio/channels/spi/AbstractInterruptibleChannel/voidimplCloseChannel()java/io/IOException
java/util/HashMap/java/util/IteratornewKeyIterator()
java/awt/AWTPermission/void(java/lang/String)
java/io/DataInput/bytereadByte()java/io/IOException
java/lang/StringBuilder/java/lang/StringBuilderappend(java/lang/String)
java/lang/IllegalArgumentException/void()
java/lang/StringIndexOutOfBoundsException/void(int)
java/util/ArrayList/void()
java/lang/Throwable/void()
java/util/Collections/EmptySet/void(java/util/Collections$1)
java/util/regex/Pattern/Category/void(int)
java/lang/String/booleanequals(java/lang/Object)
java/lang/StringBuilder/java/lang/StringBuilderappend(java/lang/Object)
java/io/DataOutputStream/voidwrite(byte1intint)java/io/IOException
java/io/FilterOutputStream/voidwrite(byte1intint)java/io/IOException
java/util/concurrent/atomic/AtomicBoolean/voidset(boolean)
java/io/DataOutputStream/voidwriteShort(int)java/io/IOException
java/io/DataOutput/voidwriteShort(int)java/io/IOException
java/lang/StringBuffer/java/lang/StringBufferappend(java/lang/String)
java/lang/Object/void()
java/util/HashMap/HashIterator/void(java/util/HashMap)
java/lang/StringIndexOutOfBoundsException/void()
java/util/AbstractList/Itr/void(java/util/AbstractListjava/util/AbstractList$1)
java/lang/reflect/Method/java/lang/Objectinvoke(java/lang/Objectjava/lang/Object1)java/lang/IllegalAccessExceptionjava/lang/IllegalArgumentExceptionjava/lang/reflect/InvocationTargetException
java/lang/Throwable/void(java/lang/Stringjava/lang/Throwable)
java/lang/Class/booleanisPrimitive()
java/lang/StringBuilder/java/lang/StringtoString()
java/lang/AbstractStringBuilder/java/lang/StringtoString()
java/lang/CharSequence/java/lang/StringtoString()
java/lang/reflect/Method/java/lang/StringgetName()
java/lang/reflect/Member/java/lang/StringgetName()
java/util/Collections/EmptyList/void(java/util/Collections$1)
java/lang/StringBuilder/void()
java/util/regex/Pattern/BitClass/java/util/regex/Pattern/Nodeadd(intint)
java/lang/InternalError/void(java/lang/String)
java/io/ObjectStreamException/void()
java/text/StringCharacterIterator/charcurrent()
java/io/DataInputStream/void(java/io/InputStream)
java/util/AbstractList/booleanadd(java/lang/Object)
java/util/AbstractCollection/booleanadd(java/lang/Object)
java/util/Collection/booleanadd(java/lang/Object)
java/lang/String/intlastIndexOf(int)
java/util/Collection/intsize()
java/lang/Integer/intintValue()
java/lang/Number/intintValue()
java/lang/Class$3/void()
java/util/regex/Pattern/NotSingle/booleanstudy(java/util/regex/Pattern/TreeInfo)
java/util/regex/Pattern/Dollar/booleanstudy(java/util/regex/Pattern/TreeInfo)
java/util/regex/Pattern/NotRange/booleanstudy(java/util/regex/Pattern/TreeInfo)
java/util/regex/Pattern/NotCtype/booleanstudy(java/util/regex/Pattern/TreeInfo)
java/util/regex/Pattern/Prolog/booleanstudy(java/util/regex/Pattern/TreeInfo)
java/util/regex/Pattern/Not/booleanstudy(java/util/regex/Pattern/TreeInfo)
java/util/regex/Pattern/Ques/booleanstudy(java/util/regex/Pattern/TreeInfo)
java/util/regex/Pattern/Ctype/booleanstudy(java/util/regex/Pattern/TreeInfo)
java/util/regex/Pattern/BitClass/booleanstudy(java/util/regex/Pattern/TreeInfo)
java/util/regex/Pattern/Add/booleanstudy(java/util/regex/Pattern/TreeInfo)
java/util/regex/Pattern/Start/booleanstudy(java/util/regex/Pattern/TreeInfo)
java/util/regex/Pattern/Curly/booleanstudy(java/util/regex/Pattern/TreeInfo)
java/util/regex/Pattern/BnM/booleanstudy(java/util/regex/Pattern/TreeInfo)
java/util/regex/Pattern/SingleU/booleanstudy(java/util/regex/Pattern/TreeInfo)
java/util/regex/Pattern/SingleA/booleanstudy(java/util/regex/Pattern/TreeInfo)
java/util/regex/Pattern/Slice/booleanstudy(java/util/regex/Pattern/TreeInfo)
java/util/regex/Pattern/CIBackRef/booleanstudy(java/util/regex/Pattern/TreeInfo)
java/util/regex/Pattern/Both/booleanstudy(java/util/regex/Pattern/TreeInfo)
java/util/regex/Pattern/SliceA/booleanstudy(java/util/regex/Pattern/TreeInfo)
java/util/regex/Pattern/Range/booleanstudy(java/util/regex/Pattern/TreeInfo)
java/util/regex/Pattern/Dot/booleanstudy(java/util/regex/Pattern/TreeInfo)
java/util/regex/Pattern/Category/booleanstudy(java/util/regex/Pattern/TreeInfo)
java/util/regex/Pattern/NotSingleU/booleanstudy(java/util/regex/Pattern/TreeInfo)
java/util/regex/Pattern/UBlock/booleanstudy(java/util/regex/Pattern/TreeInfo)
java/util/regex/Pattern/NotSingleA/booleanstudy(java/util/regex/Pattern/TreeInfo)
java/util/regex/Pattern/LazyLoop/booleanstudy(java/util/regex/Pattern/TreeInfo)
java/util/regex/Pattern/GroupCurly/booleanstudy(java/util/regex/Pattern/TreeInfo)
java/util/regex/Pattern/UnixDot/booleanstudy(java/util/regex/Pattern/TreeInfo)
java/util/regex/Pattern/BackRef/booleanstudy(java/util/regex/Pattern/TreeInfo)
java/util/regex/Pattern/All/booleanstudy(java/util/regex/Pattern/TreeInfo)
java/util/regex/Pattern/Single/booleanstudy(java/util/regex/Pattern/TreeInfo)
java/util/regex/Pattern/SliceU/booleanstudy(java/util/regex/Pattern/TreeInfo)
java/util/regex/Pattern/Sub/booleanstudy(java/util/regex/Pattern/TreeInfo)
java/util/regex/Pattern/UnixDollar/booleanstudy(java/util/regex/Pattern/TreeInfo)
java/util/regex/Pattern/Branch/booleanstudy(java/util/regex/Pattern/TreeInfo)
java/lang/reflect/Constructor/sun/reflect/ConstructorAccessorgetConstructorAccessor()
java/util/regex/Pattern/NotSingle/void(int)
java/util/SubList/java/util/Iteratoriterator()
java/lang/Iterable/java/util/Iteratoriterator()
java/lang/String/intlength()
java/util/regex/Matcher/intstart()
java/util/regex/MatchResult/intstart()
java/util/regex/Pattern/JavaISOControl/void()
java/lang/ConditionalSpecialCasing/Entry/void(intchar1char1java/lang/Stringint)
java/lang/InternalError/void()
java/lang/reflect/Constructor/java/lang/ObjectnewInstance(java/lang/Object1)java/lang/InstantiationExceptionjava/lang/IllegalAccessExceptionjava/lang/IllegalArgumentExceptionjava/lang/reflect/InvocationTargetException
java/io/ObjectStreamField/void(java/lang/Stringjava/lang/Classboolean)
java/lang/AbstractStringBuilder/java/lang/AbstractStringBuilderappend(char1intint)
sun/text/NormalizerImpl/DecomposeArgs/void(sun/text/NormalizerImpl$1)
java/io/FileInputStream/intread(byte1intint)java/io/IOException
java/util/regex/Pattern/Range/void(int)
java/text/StringCharacterIterator/intgetEndIndex()
java/text/RuleBasedBreakIterator/SafeCharIterator/intgetEndIndex()
java/lang/String/java/lang/CharSequencesubSequence(intint)
sun/net/InetAddressCachePolicy$2/void()
java/lang/String/intcodePointAt(int)
java/util/regex/Pattern/Node/void()
java/lang/Class/java/lang/StringgetName()
java/util/AbstractMap/java/lang/Objectput(java/lang/Objectjava/lang/Object)
java/lang/StringBuilder/java/lang/StringBuilderappend(long)
java/util/LinkedList/ListItr/java/lang/Objectnext()
java/util/SubList$1/java/lang/Objectnext()
java/util/AbstractList/Itr/java/lang/Objectnext()
java/lang/IllegalStateException/void()
java/lang/IndexOutOfBoundsException/void()
java/util/HashMap/Entry/void(intjava/lang/Objectjava/lang/Objectjava/util/HashMap/Entry)
java/lang/String/intlastIndexOf(java/lang/Stringint)
java/io/DataInputStream/intreadUnsignedShort()java/io/IOException
java/io/DataInput/intreadUnsignedShort()java/io/IOException
java/lang/String/charcharAt(int)
sun/security/action/GetBooleanAction/void(java/lang/String)
java/text/StringCharacterIterator/void(java/lang/Stringint)
java/util/regex/Pattern/JavaUpperCase/void()
java/io/Closeable/voidclose()java/io/IOException
java/util/Map/Entry/java/lang/ObjectgetKey()
java/lang/Class/booleandesiredAssertionStatus()
java/lang/String/intindexOf(int)
java/util/AbstractList/void()
java/lang/IllegalArgumentException/void(java/lang/String)
java/lang/Boolean/void(boolean)
java/lang/Class/java/lang/Class1getInterfaces()
java/util/regex/Pattern/UnixDot/booleanmatch(java/util/regex/Matcherintjava/lang/CharSequence)
java/util/regex/Pattern/Category/booleanmatch(java/util/regex/Matcherintjava/lang/CharSequence)
java/util/regex/Pattern/UBlock/booleanmatch(java/util/regex/Matcherintjava/lang/CharSequence)
java/util/regex/Pattern/End/booleanmatch(java/util/regex/Matcherintjava/lang/CharSequence)
java/util/regex/Pattern/SliceU/booleanmatch(java/util/regex/Matcherintjava/lang/CharSequence)
java/util/regex/Pattern/NotSingle/booleanmatch(java/util/regex/Matcherintjava/lang/CharSequence)
java/util/regex/Pattern/Curly/booleanmatch(java/util/regex/Matcherintjava/lang/CharSequence)
java/util/regex/Pattern/NotSingleA/booleanmatch(java/util/regex/Matcherintjava/lang/CharSequence)
java/util/regex/Pattern/Behind/booleanmatch(java/util/regex/Matcherintjava/lang/CharSequence)
java/util/regex/Pattern/SingleU/booleanmatch(java/util/regex/Matcherintjava/lang/CharSequence)
java/util/regex/Pattern/Add/booleanmatch(java/util/regex/Matcherintjava/lang/CharSequence)
java/util/regex/Pattern/Ctype/booleanmatch(java/util/regex/Matcherintjava/lang/CharSequence)
java/util/regex/Pattern/Bound/booleanmatch(java/util/regex/Matcherintjava/lang/CharSequence)
java/util/regex/Pattern/NotRange/booleanmatch(java/util/regex/Matcherintjava/lang/CharSequence)
java/util/regex/Pattern/Slice/booleanmatch(java/util/regex/Matcherintjava/lang/CharSequence)
java/util/regex/Pattern/SliceA/booleanmatch(java/util/regex/Matcherintjava/lang/CharSequence)
java/util/regex/Pattern/Ques/booleanmatch(java/util/regex/Matcherintjava/lang/CharSequence)
java/util/regex/Pattern/Dummy/booleanmatch(java/util/regex/Matcherintjava/lang/CharSequence)
java/util/regex/Pattern/NotBehind/booleanmatch(java/util/regex/Matcherintjava/lang/CharSequence)
java/util/regex/Pattern/Caret/booleanmatch(java/util/regex/Matcherintjava/lang/CharSequence)
java/util/regex/Pattern/UnixDollar/booleanmatch(java/util/regex/Matcherintjava/lang/CharSequence)
java/util/regex/Pattern/GroupCurly/booleanmatch(java/util/regex/Matcherintjava/lang/CharSequence)
java/util/regex/Pattern/Both/booleanmatch(java/util/regex/Matcherintjava/lang/CharSequence)
java/util/regex/Pattern/SliceS/booleanmatch(java/util/regex/Matcherintjava/lang/CharSequence)
java/util/regex/Pattern/UnixCaret/booleanmatch(java/util/regex/Matcherintjava/lang/CharSequence)
java/util/regex/Pattern/CINotRange/booleanmatch(java/util/regex/Matcherintjava/lang/CharSequence)
java/util/regex/Pattern/BitClass/booleanmatch(java/util/regex/Matcherintjava/lang/CharSequence)
java/util/regex/Pattern/BehindS/booleanmatch(java/util/regex/Matcherintjava/lang/CharSequence)
java/util/regex/Pattern/Branch/booleanmatch(java/util/regex/Matcherintjava/lang/CharSequence)
java/util/regex/Pattern/BackRef/booleanmatch(java/util/regex/Matcherintjava/lang/CharSequence)
java/util/regex/Pattern/CIRange/booleanmatch(java/util/regex/Matcherintjava/lang/CharSequence)
java/util/regex/Pattern/Range/booleanmatch(java/util/regex/Matcherintjava/lang/CharSequence)
java/util/regex/Pattern/BnMS/booleanmatch(java/util/regex/Matcherintjava/lang/CharSequence)
java/util/regex/Pattern/BnM/booleanmatch(java/util/regex/Matcherintjava/lang/CharSequence)
java/util/regex/Pattern/NotSingleU/booleanmatch(java/util/regex/Matcherintjava/lang/CharSequence)
java/util/regex/Pattern/Pos/booleanmatch(java/util/regex/Matcherintjava/lang/CharSequence)
java/util/regex/Pattern/Start/booleanmatch(java/util/regex/Matcherintjava/lang/CharSequence)
java/util/regex/Pattern/LastNode/booleanmatch(java/util/regex/Matcherintjava/lang/CharSequence)
java/util/regex/Pattern/GroupHead/booleanmatch(java/util/regex/Matcherintjava/lang/CharSequence)
java/util/regex/Pattern/Loop/booleanmatch(java/util/regex/Matcherintjava/lang/CharSequence)
java/util/regex/Pattern/NotCtype/booleanmatch(java/util/regex/Matcherintjava/lang/CharSequence)
java/util/regex/Pattern/Single/booleanmatch(java/util/regex/Matcherintjava/lang/CharSequence)
java/util/regex/Pattern/NotBehindS/booleanmatch(java/util/regex/Matcherintjava/lang/CharSequence)
java/util/regex/Pattern/Not/booleanmatch(java/util/regex/Matcherintjava/lang/CharSequence)
java/util/regex/Pattern/Prolog/booleanmatch(java/util/regex/Matcherintjava/lang/CharSequence)
java/util/regex/Pattern/CIBackRef/booleanmatch(java/util/regex/Matcherintjava/lang/CharSequence)
java/util/regex/Pattern/Dot/booleanmatch(java/util/regex/Matcherintjava/lang/CharSequence)
java/util/regex/Pattern/StartS/booleanmatch(java/util/regex/Matcherintjava/lang/CharSequence)
java/util/regex/Pattern/Begin/booleanmatch(java/util/regex/Matcherintjava/lang/CharSequence)
java/util/regex/Pattern/All/booleanmatch(java/util/regex/Matcherintjava/lang/CharSequence)
java/util/regex/Pattern/SingleA/booleanmatch(java/util/regex/Matcherintjava/lang/CharSequence)
java/util/regex/Pattern/LazyLoop/booleanmatch(java/util/regex/Matcherintjava/lang/CharSequence)
java/util/regex/Pattern/Sub/booleanmatch(java/util/regex/Matcherintjava/lang/CharSequence)
java/util/regex/Pattern/Neg/booleanmatch(java/util/regex/Matcherintjava/lang/CharSequence)
java/util/regex/Pattern/GroupTail/booleanmatch(java/util/regex/Matcherintjava/lang/CharSequence)
java/util/regex/Pattern/LastMatch/booleanmatch(java/util/regex/Matcherintjava/lang/CharSequence)
java/util/regex/Pattern/Dollar/booleanmatch(java/util/regex/Matcherintjava/lang/CharSequence)
java/text/RuleBasedBreakIterator/void(java/lang/String)java/io/IOExceptionjava/util/MissingResourceException
org/joone/log/JooneLogger/void()
sun/text/Trie/intgetRawOffset(intchar)
java/util/regex/Matcher/intgetTextLength()
sun/misc/SoftCache/void(intfloat)
java/util/EmptyStackException/void()
java/lang/Class/java/lang/ClassLoadergetClassLoader()
java/lang/ThreadGroup/voidcheckAccess()
java/lang/StringBuilder/java/lang/StringBuilderappendCodePoint(int)
java/util/concurrent/ConcurrentHashMap/Segment/voidrehash()
java/lang/Boolean/booleanbooleanValue()
java/io/DataOutputStream/voidwriteFloat(float)java/io/IOException
java/io/DataOutput/voidwriteFloat(float)java/io/IOException
java/util/HashMap/ValueIterator/java/lang/Objectnext()
java/util/concurrent/locks/AbstractQueuedSynchronizer/voidsetState(int)
java/util/LinkedList/ListItr/voidcheckForComodification()
sun/security/action/GetPropertyAction/void(java/lang/Stringjava/lang/String)
java/text/RuleBasedBreakIterator/java/lang/Objectclone()
java/lang/StringBuffer/java/lang/StringBufferappend(char1intint)
java/lang/String/java/lang/StringtoString()
java/lang/StackTraceElement/booleanequals(java/lang/Object)
java/lang/RuntimePermission/void(java/lang/String)
java/lang/Thread/java/lang/ThreadGroupgetThreadGroup()
java/util/regex/Pattern/CIRange/void(intint)
java/lang/StringBuilder/java/lang/StringBuilderappend(int)
java/lang/NullPointerException/void()
java/lang/String/char1toCharArray()
java/lang/Thread/voidjoin()java/lang/InterruptedException
java/io/DataOutputStream/voidwriteByte(int)java/io/IOException
java/io/DataOutput/voidwriteByte(int)java/io/IOException
java/lang/Error/void(java/lang/String)
java/util/regex/Pattern/Add/void(java/util/regex/Pattern/Nodejava/util/regex/Pattern/Node)
java/lang/IllegalAccessError/void(java/lang/String)
java/lang/ref/WeakReference/void(java/lang/Object)
java/util/ConcurrentModificationException/void()
sun/misc/Unsafe/voidthrowException(java/lang/Throwable)
java/util/concurrent/ConcurrentHashMap/Segment/java/lang/Objectput(java/lang/Objectintjava/lang/Objectboolean)
java/lang/Class/booleanisInterface()
java/lang/Number/void()
java/lang/ref/Reference/void(java/lang/Objectjava/lang/ref/ReferenceQueue)
java/lang/StringBuilder/java/lang/StringBuilderappend(float)
java/lang/String/java/lang/StringtoLowerCase()
java/io/InputStream/void()
java/io/ByteArrayOutputStream/voidwrite(int)
java/io/DataOutputStream/voidwrite(int)java/io/IOException
java/io/FilterOutputStream/voidwrite(int)java/io/IOException
java/io/DataOutput/voidwrite(int)java/io/IOException
java/lang/AssertionError/void()
java/lang/Class/booleanisAssignableFrom(java/lang/Class)
java/util/HashMap/Values/java/util/Iteratoriterator()
java/io/ByteArrayOutputStream/voidwrite(byte1intint)
java/text/StringCharacterIterator/charnext()
java/text/RuleBasedBreakIterator/SafeCharIterator/charnext()
java/util/regex/Pattern/UnixDollar/void(boolean)
java/io/DataInputStream/doublereadDouble()java/io/IOException
java/io/DataInput/doublereadDouble()java/io/IOException
java/lang/IllegalAccessException/void(java/lang/String)
java/util/concurrent/ConcurrentHashMap/Segment/java/lang/Objectremove(java/lang/Objectintjava/lang/Object)
java/io/ObjectStreamField/void(java/lang/reflect/Fieldbooleanboolean)
java/util/HashMap/void(intfloat)
java/io/ObjectStreamClass/EntryFuture/void(java/io/ObjectStreamClass$1)
java/util/HashMap/void()
java/lang/Class/booleanisArray()
java/util/AbstractCollection/booleancontains(java/lang/Object)
java/util/Collection/booleancontains(java/lang/Object)
java/util/concurrent/ConcurrentHashMap/java/util/concurrent/ConcurrentHashMap/SegmentsegmentFor(int)
java/util/regex/Pattern/Branch/void(java/util/regex/Pattern/Nodejava/util/regex/Pattern/Node)
java/lang/Error/void(java/lang/Throwable)
java/io/DataOutputStream/void(java/io/OutputStream)
java/text/DictionaryBasedBreakIterator/void(java/lang/Stringjava/lang/String)java/io/IOException
java/text/BreakIterator/java/text/CharacterIteratorgetText()
java/util/concurrent/locks/AbstractQueuedSynchronizer/intgetState()
java/security/BasicPermission/void(java/lang/String)
java/io/InvalidClassException/void(java/lang/Stringjava/lang/String)
java/util/regex/Pattern/Begin/void()
java/io/IOException/void(java/lang/String)
java/util/regex/Pattern/CINotRange/void(intint)
java/util/regex/Pattern/Ctype/void(int)
java/lang/IndexOutOfBoundsException/void(java/lang/String)
java/lang/AbstractStringBuilder/java/lang/AbstractStringBuilderappendCodePoint(int)
java/util/AbstractList/Itr/voidcheckForComodification()
sun/misc/Unsafe/longobjectFieldOffset(java/lang/reflect/Field)
java/lang/NoSuchMethodException/void(java/lang/String)
java/lang/Class/java/lang/ClassLoadergetClassLoader0()
java/text/RuleBasedBreakIterator/SafeCharIterator/intgetIndex()
java/text/StringCharacterIterator/intgetIndex()
java/lang/Class/intgetModifiers()
java/io/ObjectStreamClass/FieldReflectorKey/inthashCode()
java/io/ObjectStreamClass/WeakClassKey/inthashCode()
java/util/regex/Pattern/JavaTitleCase/void()
java/util/AbstractMap/void()
java/util/MissingResourceException/void(java/lang/Stringjava/lang/Stringjava/lang/String)
java/lang/ref/SoftReference/void(java/lang/Object)
java/lang/Class/java/lang/ClassgetComponentType()
java/lang/ref/ReferenceQueue/void()
java/io/FilterOutputStream/void(java/io/OutputStream)
java/io/ObjectStreamField/void(java/lang/Stringjava/lang/Stringboolean)
java/util/regex/Matcher/booleansearch(int)
java/lang/String/intindexOf(java/lang/String)
java/lang/NullPointerException/void(java/lang/String)
java/io/FileInputStream/void(java/io/File)java/io/FileNotFoundException
java/lang/Class/java/lang/ClassgetSuperclass()
java/lang/ArrayIndexOutOfBoundsException/void(int)
java/io/FilterInputStream/void(java/io/InputStream)
java/lang/NumberFormatException/void(java/lang/String)
java/io/DataInput/java/lang/StringreadUTF()java/io/IOException
java/security/SecurityPermission/void(java/lang/String)
java/util/AbstractList/Itr/booleanhasNext()
java/lang/String/void(char1intint)
java/util/HashMap/KeyIterator/java/lang/Objectnext()
java/util/ArrayList/void(int)
java/lang/String/intindexOf(intint)
java/util/HashMap/Values/void(java/util/HashMapjava/util/HashMap$1)
java/text/StringCharacterIterator/charsetIndex(int)
java/lang/StringBuilder/void(java/lang/String)
java/io/DataOutputStream/voidwriteInt(int)java/io/IOException
java/io/DataOutput/voidwriteInt(int)java/io/IOException
java/lang/StringBuffer/java/lang/StringtoString()
java/lang/Short/void(short)
sun/misc/ProxyGenerator/ExceptionTableEntry/void(shortshortshortshort)
java/lang/reflect/Method/sun/reflect/MethodAccessorgetMethodAccessor()
java/lang/String/java/lang/Stringsubstring(intint)
java/util/regex/Pattern/Loop/void(intint)
java/util/regex/Pattern/NotSingleU/void(int)
java/io/DataInput/shortreadShort()java/io/IOException
java/text/RuleBasedBreakIterator/SafeCharIterator/charsetIndex(int)
java/lang/String/inthashCode()
java/util/regex/Pattern/GroupCurly/booleanmatch2(java/util/regex/Matcherintintjava/lang/CharSequence)
java/util/regex/Pattern/UBlock/void(java/lang/Character/UnicodeBlockboolean)
java/lang/NoSuchFieldException/void(java/lang/String)
java/io/ByteArrayOutputStream/void()
java/lang/Thread/intgetPriority()
java/lang/String/java/lang/String1split(java/lang/Stringint)
java/lang/StringBuffer/java/lang/StringBufferappend(char)
java/io/SerializablePermission/void(java/lang/String)
java/text/RuleBasedBreakIterator/voidsetText(java/text/CharacterIterator)
java/util/LinkedHashMap/voidinit()
java/util/HashMap/ValueIterator/void(java/util/HashMapjava/util/HashMap$1)
java/util/regex/Pattern/Ques/void(java/util/regex/Pattern/Nodeint)
sun/misc/ProxyGenerator/ProxyMethod/void(sun/misc/ProxyGeneratorjava/lang/Stringjava/lang/Class1java/lang/Classjava/lang/Class1java/lang/Classsun/misc/ProxyGenerator$1)
java/util/regex/Pattern/JavaTypeClass/void()
java/util/regex/Pattern/Start/void(java/util/regex/Pattern/Node)
javax/security/auth/AuthPermission/void(java/lang/String)
java/util/Locale/void(java/lang/Stringjava/lang/Stringjava/lang/String)
java/util/regex/Pattern/Curly/void(java/util/regex/Pattern/Nodeintintint)
java/lang/LinkageError/void(java/lang/String)
sun/text/Normalizer/NFDMode/void(intsun/text/Normalizer$1)
java/lang/reflect/Method/java/lang/ClassgetReturnType()
java/io/DataInputStream/booleanreadBoolean()java/io/IOException
java/io/DataInput/booleanreadBoolean()java/io/IOException
java/io/BufferedOutputStream/voidflush()java/io/IOException
java/io/FilterOutputStream/voidflush()java/io/IOException
java/io/Flushable/voidflush()java/io/IOException
java/lang/StringBuffer/intlength()
java/lang/Shutdown/Lock/void(java/lang/Shutdown$1)
java/util/regex/Pattern/Single/void(int)
java/util/SubList/void(java/util/AbstractListintint)
java/lang/Integer/void(int)
java/lang/Class/java/lang/reflect/FieldgetDeclaredField(java/lang/String)java/lang/NoSuchFieldExceptionjava/lang/SecurityException
java/lang/ThreadLocal/ThreadLocalMap/Entry/void(java/lang/ThreadLocaljava/lang/Objectjava/lang/ThreadLocal$1)
java/lang/Long/longlongValue()
java/lang/Number/longlongValue()
java/util/concurrent/atomic/AtomicLong/voidset(long)
java/net/NetPermission/void(java/lang/String)
java/util/concurrent/locks/AbstractQueuedSynchronizer/Node/void()
java/util/WeakHashMap/java/lang/Objectget(java/lang/Object)
java/util/AbstractMap/java/lang/Objectget(java/lang/Object)
java/io/DataInputStream/longreadLong()java/io/IOException
java/io/DataInput/longreadLong()java/io/IOException
java/lang/AssertionError/void(int)
java/util/HashMap/java/lang/Objectremove(java/lang/Object)
java/util/AbstractMap/java/lang/Objectremove(java/lang/Object)
java/util/regex/Pattern/UnixDot/void()
java/lang/Class$4/void(java/lang/Classjava/lang/reflect/Method)
java/io/DataInput/intreadInt()java/io/IOException
java/lang/Class/java/lang/reflect/MethodgetMethod(java/lang/Stringjava/lang/Class1)java/lang/NoSuchMethodExceptionjava/lang/SecurityException
java/util/regex/Pattern/Behind/void(java/util/regex/Pattern/Nodeintint)
java/lang/Thread/booleanisAlive()
java/util/concurrent/ConcurrentHashMap/booleanremove(java/lang/Objectjava/lang/Object)
java/lang/StringBuffer/void()
java/util/NoSuchElementException/void()
java/lang/Class/MethodArray/void()
java/util/regex/Pattern/Dollar/void(boolean)
java/lang/reflect/Constructor/java/lang/Class1getParameterTypes()
java/lang/Long/void(long)
java/util/regex/Pattern/GroupCurly/booleanmatch1(java/util/regex/Matcherintintjava/lang/CharSequence)
java/text/RuleBasedBreakIterator/voidsetAdditionalData(byte1)
java/io/OptionalDataException/void(boolean)
java/lang/ThreadLocal/ThreadLocalMap/void(java/lang/ThreadLocaljava/lang/Object)
java/lang/ref/ReferenceQueue/Lock/void(java/lang/ref/ReferenceQueue$1)
java/text/RuleBasedBreakIterator/SafeCharIterator/charcurrent()
java/lang/RuntimeException/void()
java/util/regex/Pattern/java/lang/String1split(java/lang/CharSequenceint)
java/lang/StringBuilder/java/lang/StringBuilderappend(char1intint)
java/util/AbstractSet/void()
sun/security/util/Debug/void()
java/util/ArrayList/booleancontains(java/lang/Object)
java/io/ObjectStreamField/void(java/lang/Stringjava/lang/Class)
java/util/concurrent/ConcurrentHashMap/void()
java/util/concurrent/locks/AbstractQueuedSynchronizer/void()
java/lang/reflect/Method/voidsetMethodAccessor(sun/reflect/MethodAccessor)
java/io/StreamCorruptedException/void(java/lang/String)
java/lang/String/java/lang/Stringsubstring(int)
sun/text/NormalizerImpl/NextCombiningArgs/void(sun/text/NormalizerImpl$1)
java/lang/Object/java/lang/ClassgetClass()
sun/misc/FDBigInt/void(long)
java/util/regex/Pattern/SingleA/void(int)
sun/text/Normalizer/Mode/void(intsun/text/Normalizer$1)
java/io/ObjectStreamClass/FieldReflectorKey/booleanequals(java/lang/Object)
java/io/ObjectStreamClass/WeakClassKey/booleanequals(java/lang/Object)
java/lang/String/java/lang/Stringreplace(charchar)
java/lang/ref/Reference/void(java/lang/Object)
java/lang/Exception/void(java/lang/String)
sun/security/action/LoadLibraryAction/void(java/lang/String)
sun/misc/ProxyGenerator/ConstantPool/IndirectEntry/void(intshortshort)
java/lang/String/java/lang/Stringintern()
java/lang/ClassNotFoundException/java/lang/ThrowablegetCause()
java/io/WriteAbortedException/java/lang/ThrowablegetCause()
sun/misc/ProxyGenerator/ConstantPool/ValueEntry/voidwrite(java/io/DataOutputStream)java/io/IOException
sun/misc/ProxyGenerator/ConstantPool/IndirectEntry/voidwrite(java/io/DataOutputStream)java/io/IOException
org/joone/util/NeuralNetRunner/void()
java/lang/Class/java/lang/ObjectnewInstance()java/lang/InstantiationExceptionjava/lang/IllegalAccessException
sun/misc/ProxyGenerator/ConstantPool/IndirectEntry/booleanequals(java/lang/Object)
java/util/concurrent/locks/AbstractQueuedSynchronizer/voidacquire(int)
java/text/DictionaryBasedBreakIterator/inthandleNext()
java/lang/String/booleanstartsWith(java/lang/String)
java/text/StringCharacterIterator/intgetBeginIndex()
java/text/RuleBasedBreakIterator/SafeCharIterator/intgetBeginIndex()
java/util/regex/Pattern/SliceS/void(int1)
java/lang/Integer/booleanequals(java/lang/Object)
java/io/InvalidObjectException/void(java/lang/String)
java/lang/AbstractStringBuilder/void(int)
java/util/Collections/EmptyMap/void(java/util/Collections$1)
java/text/StringCharacterIterator/charprevious()
java/text/RuleBasedBreakIterator/SafeCharIterator/charprevious()
java/text/RuleBasedBreakIterator/booleanisBoundary(int)
java/lang/reflect/Field/java/lang/StringgetName()
java/lang/Throwable/void(java/lang/String)
java/net/InetAddressImplFactory/void()
java/io/ObjectInputStream$1/void(java/lang/Class)
java/util/SubList/intsize()
java/util/regex/Pattern/UnixCaret/void()
java/util/regex/Pattern/SliceU/void(int1)
java/lang/ref/WeakReference/void(java/lang/Objectjava/lang/ref/ReferenceQueue)
java/util/HashMap/HashIterator/booleanhasNext()
sun/misc/FDBigInt/void(int)
java/util/AbstractCollection/booleanisEmpty()
java/util/Collection/booleanisEmpty()
java/util/List/booleanisEmpty()
java/util/regex/Pattern/StartS/void(java/util/regex/Pattern/Node)
java/lang/Short/shortshortValue()
java/lang/Number/shortshortValue()
java/io/DataOutputStream/voidwriteUTF(java/lang/String)java/io/IOException
java/io/DataOutput/voidwriteUTF(java/lang/String)java/io/IOException
java/text/BreakIterator$1/void(java/lang/Stringjava/util/Locale)
java/security/AccessControlContext/void(java/security/ProtectionDomain1boolean)
sun/text/Trie/intgetCodePointOffset(int)
java/util/regex/Pattern/LastMatch/void()
java/util/regex/Pattern/Dot/void()
java/io/IOException/void()
java/net/Inet4Address/void(java/lang/Stringbyte1)
java/util/regex/Matcher/booleanfind()
java/io/ObjectInputStream/void(java/io/InputStream)java/io/IOException
java/lang/reflect/Method/java/lang/Class1getParameterTypes()
java/util/HashSet/booleancontains(java/lang/Object)
java/lang/AbstractStringBuilder/java/lang/AbstractStringBuilderappend(char)
java/lang/StringBuilder/java/lang/StringBuilderappend(char)
java/lang/StackTraceElement/inthashCode()
sun/misc/ProxyGenerator/ConstantPool/IndirectEntry/inthashCode()
java/io/ObjectStreamException/void(java/lang/String)
java/util/regex/Pattern/TreeInfo/voidreset()
org/joone/net/NeuralNetLoader/void(java/lang/String)
java/util/regex/Pattern/Pos/void(java/util/regex/Pattern/Node)
java/io/ObjectInputStream/BlockDataInputStream/void(java/io/ObjectInputStreamjava/io/InputStream)
java/util/regex/Pattern/All/void()
java/util/HashMap/KeyIterator/void(java/util/HashMapjava/util/HashMap$1)
java/text/StringCharacterIterator/void(java/lang/Stringintintint)
java/lang/Class/java/lang/reflect/Method1getMethods()java/lang/SecurityException
java/util/regex/Pattern/JavaUnicodeIdentifierStart/void()
java/util/regex/Matcher/intend()
java/util/regex/MatchResult/intend()
java/lang/reflect/ReflectAccess/void()
sun/misc/Unsafe/voidpark(booleanlong)
java/io/StreamCorruptedException/void()
java/util/LinkedList/ListItr/booleanhasNext()
java/util/regex/Matcher/java/util/regex/Matcherreset()
java/text/BreakDictionary/shortgetNextStateFromCharacter(intint)
java/lang/Integer/void(java/lang/String)java/lang/NumberFormatException
java/util/Stack/void()
java/util/regex/Pattern/TreeInfo/void()
java/io/UTFDataFormatException/void()
java/net/UnknownHostException/void(java/lang/String)
java/lang/ThreadGroup/intgetMaxPriority()
java/util/regex/Pattern/JavaUnicodeIdentifierPart/void()
java/lang/IllegalStateException/void(java/lang/String)
java/io/ObjectStreamClass/ClassDataSlot/void(java/io/ObjectStreamClassboolean)
java/lang/IllegalMonitorStateException/void()
java/lang/Error/void()
java/io/ObjectStreamClass/void()
java/util/Hashtable/EmptyEnumerator/void()
java/util/LinkedList/Entry/void(java/lang/Objectjava/util/LinkedList/Entryjava/util/LinkedList/Entry)
java/io/ObjectStreamClass/WeakClassKey/void(java/lang/Classjava/lang/ref/ReferenceQueue)
java/net/Inet6Address/booleanisLinkLocalAddress()
java/net/InetAddress/booleanisLinkLocalAddress()
java/util/concurrent/ConcurrentHashMap/java/lang/Objectput(java/lang/Objectjava/lang/Object)
sun/misc/ProxyGenerator/ConstantPool/Entry/void(sun/misc/ProxyGenerator$1)
java/util/regex/Pattern/JavaSpaceChar/void()
java/util/regex/Pattern/SingleU/void(int)
java/io/DataInputStream/floatreadFloat()java/io/IOException
java/io/DataInput/floatreadFloat()java/io/IOException
java/lang/reflect/Constructor/voidsetConstructorAccessor(sun/reflect/ConstructorAccessor)
java/util/concurrent/ConcurrentHashMap/java/lang/Objectget(java/lang/Object)
java/lang/String/booleanstartsWith(java/lang/Stringint)
java/lang/Class/java/lang/Object1getEnumConstants()
java/lang/UnsupportedOperationException/void()
java/lang/Object/voidwait(long)java/lang/InterruptedException
java/util/ResourceBundle/ResourceCacheKey/void(java/util/ResourceBundle$1)
java/lang/IllegalThreadStateException/void()
java/util/concurrent/ConcurrentHashMap/Segment/void(intfloat)
java/util/regex/Pattern/GroupCurly/booleanmatch0(java/util/regex/Matcherintintjava/lang/CharSequence)
java/io/EOFException/void()
java/lang/ClassNotFoundException/void(java/lang/String)
sun/misc/FloatingDecimal$1/java/lang/ObjectinitialValue()
java/text/BreakIterator/BreakIteratorCache/java/text/BreakIteratorcreateBreakInstance()
java/io/ObjectInput/voidclose()java/io/IOException
java/io/ObjectStreamClass$2/void(java/io/ObjectStreamClassjava/lang/Class)
java/util/regex/Pattern/NotCtype/void(int)
java/util/regex/Pattern/intflags()
java/util/Locale/java/lang/StringgetLanguage()
java/util/regex/Pattern/JavaLetter/void()
java/util/concurrent/ConcurrentHashMap/HashEntry/void(java/lang/Objectintjava/util/concurrent/ConcurrentHashMap/HashEntryjava/lang/Object)
java/util/Collections/SynchronizedMap/void(java/util/Map)
java/io/OutputStream/void()
java/lang/RuntimeException/void(java/lang/String)
java/io/ObjectStreamClass/EntryFuture/1/void(java/io/ObjectStreamClass/EntryFuture)
java/util/concurrent/locks/ReentrantLock/NonfairSync/booleantryAcquire(int)
java/util/Arrays/ArrayList/intsize()
java/net/InetAddress/Cache/void(int)
sun/misc/ProxyGenerator/ConstantPool/void(sun/misc/ProxyGenerator$1)
java/text/StringCharacterIterator/java/lang/Objectclone()
java/text/RuleBasedBreakIterator/SafeCharIterator/java/lang/Objectclone()
java/lang/Double/doubledoubleValue()
java/lang/Number/doubledoubleValue()
java/io/DataInputStream/voidreadFully(byte1intint)java/io/IOException
java/io/DataInput/voidreadFully(byte1intint)java/io/IOException
java/lang/String/void(intintchar1)
java/util/WeakHashMap/Entry/void(java/lang/Objectjava/lang/Objectjava/lang/ref/ReferenceQueueintjava/util/WeakHashMap/Entry)
sun/misc/FloatingDecimal/void(float)
java/util/SubList$1/voidset(java/lang/Object)
java/util/LinkedList/ListItr/voidset(java/lang/Object)
java/util/AbstractList/ListItr/voidset(java/lang/Object)
java/lang/ref/Reference/ReferenceHandler/void(java/lang/ThreadGroupjava/lang/String)
sun/text/SupplementaryCharacterData/void(int1)
java/lang/Integer/inthashCode()
java/util/ArrayList/java/lang/Objectset(intjava/lang/Object)
sun/text/NormalizerImpl/PrevArgs/void(sun/text/NormalizerImpl$1)
java/util/AbstractSequentialList/void()
java/lang/String/intcodePointBefore(int)
sun/misc/FloatingDecimal$1/void()
java/lang/reflect/Field/java/lang/ClassgetType()
java/util/regex/Pattern/Curly/booleanmatch1(java/util/regex/Matcherintintjava/lang/CharSequence)
sun/misc/Unsafe/booleancompareAndSwapObject(java/lang/Objectlongjava/lang/Objectjava/lang/Object)
java/io/DataInputStream/shortreadShort()java/io/IOException
java/util/AbstractCollection/void()
java/net/InetAddress$1/void()java/net/UnknownHostException
java/util/AbstractList/inthashCode()
java/util/List/inthashCode()
java/util/Collection/inthashCode()
sun/text/CompactByteArray/byteelementAt(char)
java/lang/ref/SoftReference/void(java/lang/Objectjava/lang/ref/ReferenceQueue)
java/lang/Object/voidwait()java/lang/InterruptedException
java/lang/NoSuchMethodError/void(java/lang/String)
java/util/AbstractList/Itr/voidremove()
java/util/Iterator/voidremove()
java/util/regex/Pattern/JavaJavaIdentifierPart/void()
java/util/concurrent/locks/ReentrantLock/Sync/booleantryRelease(int)
java/util/LinkedList/void()
java/util/concurrent/locks/Lock/voidunlock()
java/lang/String/void(char1)
java/util/concurrent/atomic/AtomicLong/void(long)
java/util/regex/Pattern/GroupTail/void(intint)
java/io/DataInputStream/charreadChar()java/io/IOException
java/io/DataInput/charreadChar()java/io/IOException
java/text/DictionaryBasedBreakIterator/voidsetText(java/text/CharacterIterator)
java/lang/AssertionError/void(java/lang/Object)
java/util/HashMap/void(int)
java/util/regex/Pattern/Curly/booleanmatch0(java/util/regex/Matcherintintjava/lang/CharSequence)
java/lang/StackTraceElement/java/lang/StringgetClassName()
java/util/regex/Pattern/Bound/void(int)
java/util/ResourceBundle/java/lang/StringgetString(java/lang/String)
java/util/regex/Pattern/Sub/void(java/util/regex/Pattern/Nodejava/util/regex/Pattern/Node)
java/net/NetworkInterface/java/util/EnumerationgetInetAddresses()
java/lang/ThreadGroup/java/lang/ThreadGroupgetParent()
sun/text/Normalizer/FCDMode/void(intsun/text/Normalizer$1)
java/text/BreakDictionary/shortgetNextState(intint)
java/util/regex/Pattern/BehindS/void(java/util/regex/Pattern/Nodeintint)
sun/misc/Unsafe/voidunpark(java/lang/Object)
java/lang/AbstractStringBuilder/java/lang/AbstractStringBuilderappend(int)
sun/reflect/ReflectionFactory/GetReflectionFactoryAction/void()
java/util/Collections/SynchronizedMap/booleancontainsKey(java/lang/Object)
java/util/Arrays/ArrayList/java/lang/Objectget(int)
java/util/LinkedList/java/lang/Objectget(int)
java/util/AbstractSequentialList/java/lang/Objectget(int)
java/util/SubList/java/lang/Objectget(int)
java/util/regex/Pattern/NotSingleA/void(int)
java/lang/Exception/void()
sun/text/IntTrie/intgetTrailValue(intchar)
java/util/regex/Pattern/Prolog/void(java/util/regex/Pattern/Loop)
java/util/AbstractList/booleanequals(java/lang/Object)
java/util/List/booleanequals(java/lang/Object)
java/util/Collection/booleanequals(java/lang/Object)
java/lang/Thread/voidcheckAccess()
java/lang/String/booleanregionMatches(booleanintjava/lang/Stringintint)
java/lang/Thread$1/void(java/lang/Class)
java/text/StringCharacterIterator/charfirst()
java/text/RuleBasedBreakIterator/SafeCharIterator/charfirst()
java/util/HashMap/KeySet/void(java/util/HashMapjava/util/HashMap$1)
java/util/AbstractCollection/java/lang/Object1toArray(java/lang/Object1)
java/util/Collection/java/lang/Object1toArray(java/lang/Object1)
java/lang/ThreadLocal/void()
org/joone/log/JooneLogger/voiderror(java/lang/Objectjava/lang/Throwable)
java/io/InvalidClassException/void(java/lang/String)
java/util/Vector/void()
java/lang/Class/booleanisInstance(java/lang/Object)
sun/misc/ProxyGenerator/ConstantPool/ValueEntry/void(java/lang/Object)
java/util/regex/Pattern/JavaMirrored/void()
java/util/Hashtable/void(intfloat)
java/util/AbstractSequentialList/java/util/Iteratoriterator()
java/lang/Class$1/void(java/lang/Classjava/lang/reflect/Constructor)
java/util/AbstractMap/booleancontainsKey(java/lang/Object)
java/util/concurrent/ConcurrentHashMap/Segment/voidsetTable(java/util/concurrent/ConcurrentHashMap/HashEntry1)
java/util/regex/Matcher/void(java/util/regex/Patternjava/lang/CharSequence)
java/util/regex/Pattern/JavaLetterOrDigit/void()
java/util/RandomAccessSubList/void(java/util/AbstractListintint)
java/util/regex/Pattern/Slice/void(int1)
java/net/Inet6Address/booleanisSiteLocalAddress()
java/net/InetAddress/booleanisSiteLocalAddress()
java/io/BufferedWriter/voidwrite(java/lang/Stringintint)java/io/IOException
java/util/Vector/void(intint)
java/util/regex/Pattern/JavaWhitespace/void()
sun/text/Normalizer/NFKCMode/void(intsun/text/Normalizer$1)
java/lang/reflect/Method/java/lang/Class1getExceptionTypes()
java/lang/Thread/void(java/lang/ThreadGroupjava/lang/String)
java/util/concurrent/locks/Lock/voidlock()
java/lang/String/booleanequalsIgnoreCase(java/lang/String)
sun/security/action/GetPropertyAction/void(java/lang/String)
java/util/regex/Pattern/BitClass/void(boolean)
java/util/regex/Pattern/BnM/void(int1int1int1java/util/regex/Pattern/Node)
java/lang/reflect/Method/java/lang/ClassgetDeclaringClass()
java/lang/reflect/Member/java/lang/ClassgetDeclaringClass()
sun/text/Normalizer/QuickCheckResult/void(intsun/text/Normalizer$1)
java/util/SubList/java/lang/Objectset(intjava/lang/Object)
java/util/Arrays/ArrayList/java/lang/Objectset(intjava/lang/Object)
java/util/LinkedList/java/lang/Objectset(intjava/lang/Object)
java/util/AbstractSequentialList/java/lang/Objectset(intjava/lang/Object)
java/text/BreakDictionary$1/void(java/text/BreakDictionaryjava/lang/String)
java/lang/ThreadLocal/ThreadLocalMap/void(java/lang/ThreadLocal/ThreadLocalMapjava/lang/ThreadLocal$1)
java/util/regex/Pattern/Dummy/void()
java/lang/IncompatibleClassChangeError/void(java/lang/String)
java/util/HashMap/java/util/Collectionvalues()
java/util/AbstractMap/java/util/Collectionvalues()
sun/misc/ProxyGenerator/MethodInfo/void(sun/misc/ProxyGeneratorjava/lang/Stringjava/lang/Stringint)
java/util/regex/Pattern/NotRange/void()
java/util/Random/void(long)
java/util/regex/Pattern/End/void()
sun/text/IntTrie/intgetLeadValue(char)
java/io/FileInputStream/intavailable()java/io/IOException
java/util/regex/Pattern/NotBehindS/void(java/util/regex/Pattern/Nodeintint)
java/lang/Class/booleanisEnum()
java/util/ArrayList/java/lang/Objectremove(int)
java/util/LinkedList/java/lang/Objectremove(int)
java/util/AbstractSequentialList/java/lang/Objectremove(int)
java/util/SubList/java/lang/Objectremove(int)
java/lang/String/java/lang/StringtoUpperCase(java/util/Locale)
java/text/RuleBasedBreakIterator/java/text/RuleBasedBreakIteratorfake$clone()
java/text/DictionaryBasedBreakIterator/java/text/DictionaryBasedBreakIteratorfake$clone()
java/lang/StringBuffer/java/lang/StringBufferappend(int)
java/util/Collections/ReverseComparator/void(java/util/Collections$1)
sun/net/InetAddressCachePolicy$1/void()
java/util/regex/Pattern/JavaJavaIdentifierStart/void()
java/lang/Thread/voidjoin(long)java/lang/InterruptedException
java/io/DataOutputStream/voidwriteLong(long)java/io/IOException
java/io/DataOutput/voidwriteLong(long)java/io/IOException
java/text/RuleBasedBreakIterator/SafeCharIterator/java/text/RuleBasedBreakIterator/SafeCharIteratorfake$clone()
java/lang/Thread/java/lang/StringgetName()
sun/text/NormalizerImpl/RecomposeArgs/void(sun/text/NormalizerImpl$1)
java/util/regex/Pattern/JavaTypeClass/java/util/regex/Pattern/Nodedup(boolean)
java/util/regex/Pattern/Category/java/util/regex/Pattern/Nodedup(boolean)
java/util/regex/Pattern/Range/java/util/regex/Pattern/Nodedup(boolean)
java/util/regex/Pattern/All/java/util/regex/Pattern/Nodedup(boolean)
java/util/regex/Pattern/Ctype/java/util/regex/Pattern/Nodedup(boolean)
java/lang/String/voidgetChars(intintchar1int)
java/util/concurrent/ConcurrentHashMap/java/lang/ObjectputIfAbsent(java/lang/Objectjava/lang/Object)
java/util/Vector/void(int)
java/io/ByteArrayOutputStream/void(int)
java/util/concurrent/locks/ReentrantLock/Sync/booleannonfairTryAcquire(int)
java/util/regex/Pattern/Range/void(intint)
java/util/concurrent/ConcurrentHashMap/java/lang/Objectremove(java/lang/Object)
java/util/regex/Pattern/Caret/void()
java/lang/StringBuilder/java/lang/AbstractStringBuilderappend(java/lang/String)
java/lang/reflect/Constructor/intgetModifiers()
java/lang/reflect/Member/intgetModifiers()
java/util/Hashtable/void()
java/util/ResourceBundle/java/lang/ObjectgetObject(java/lang/String)
java/util/Dictionary/java/lang/Objectget(java/lang/Object)
sun/text/CompactByteArray/void(short1byte1)
java/util/concurrent/locks/AbstractQueuedSynchronizer/booleanacquireQueued(java/util/concurrent/locks/AbstractQueuedSynchronizer/Nodeint)
java/text/RuleBasedBreakIterator/byte1getAdditionalData()
java/lang/VirtualMachineError/void(java/lang/String)
java/io/ObjectInputStream/PeekInputStream/void(java/io/InputStream)
java/util/Collections/SynchronizedMap/java/lang/Objectput(java/lang/Objectjava/lang/Object)
sun/text/SupplementaryCharacterData/intgetValue(int)
sun/text/Trie/intgetLeadOffset(char)
sun/security/action/GetIntegerAction/void(java/lang/String)
java/io/DataOutputStream/voidwriteDouble(double)java/io/IOException
java/io/DataOutput/voidwriteDouble(double)java/io/IOException
java/util/regex/Pattern/JavaIdentifierIgnorable/void()
java/net/NetworkInterface$1checkedAddresses/booleanhasMoreElements()
java/util/regex/Pattern/BnMS/void(int1int1int1java/util/regex/Pattern/Node)
java/io/FileDescriptor/void()
java/util/WeakHashMap/booleancontainsKey(java/lang/Object)
java/io/ObjectInputStream/HandleTable/void(int)
java/util/concurrent/ConcurrentHashMap/Segment/java/util/concurrent/ConcurrentHashMap/HashEntrygetFirst(int)
java/lang/AbstractStringBuilder/java/lang/AbstractStringBuilderappend(long)
java/io/FileInputStream/intread()java/io/IOException
java/util/regex/Pattern/LazyLoop/void(intint)
java/lang/Thread/voidsetDaemon(boolean)
java/lang/Boolean/inthashCode()
java/lang/Long/inthashCode()
java/util/Hashtable/Entry/void(intjava/lang/Objectjava/lang/Objectjava/util/Hashtable/Entry)
java/lang/Exception/void(java/lang/Stringjava/lang/Throwable)
java/util/regex/Pattern/Not/void(java/util/regex/Pattern/Node)
java/lang/AssertionError/void(long)
java/util/AbstractList/ListItr/intnextIndex()
java/text/BreakIterator/void()
java/util/Collections/SynchronizedMap/java/lang/Objectget(java/lang/Object)
java/util/regex/PatternSyntaxException/void(java/lang/Stringjava/lang/Stringint)
java/io/UTFDataFormatException/void(java/lang/String)
java/lang/ClassCastException/void()
java/util/AbstractList/ListItr/java/lang/Objectprevious()
java/security/AccessControlContext/java/security/AccessControlContextoptimize()
java/util/concurrent/locks/AbstractQueuedSynchronizer/Node/java/util/concurrent/locks/AbstractQueuedSynchronizer/Nodepredecessor()java/lang/NullPointerException
java/util/regex/PatternSyntaxException/java/lang/StringgetMessage()
java/io/InvalidClassException/java/lang/StringgetMessage()
java/io/WriteAbortedException/java/lang/StringgetMessage()
java/lang/StringBuilder/void(int)
java/util/LinkedHashMap/void()
java/util/concurrent/ConcurrentHashMap/void(intfloatint)
java/lang/String/java/lang/String1split(java/lang/String)
java/io/ObjectStreamClass$1/void(java/io/ObjectStreamClass)
sun/misc/Unsafe/booleancompareAndSwapInt(java/lang/Objectlongintint)
java/io/OptionalDataException/void(int)
java/util/regex/Pattern/Both/void(java/util/regex/Pattern/Nodejava/util/regex/Pattern/Node)
java/text/StringCharacterIterator/java/text/StringCharacterIteratorfake$clone()
java/security/Permission/java/lang/StringgetName()
java/util/List/java/util/ListsubList(intint)
org/joone/log/JooneLogger/voidsetParentClass(java/lang/Class)
java/util/concurrent/locks/ReentrantLock/NonfairSync/voidlock()
sun/text/NormalizerImpl/ComposePartArgs/void(sun/text/NormalizerImpl$1)
java/util/concurrent/locks/AbstractQueuedSynchronizer/booleanrelease(int)
java/net/InetAddress$2/void(java/lang/String)
java/lang/String/CaseInsensitiveComparator/void(java/lang/String$1)
java/util/Arrays/ArrayList/void(java/lang/Object1)
java/io/File/void(java/lang/String)
java/lang/String/intlastIndexOf(intint)
java/security/Permission/void(java/lang/String)
java/text/BreakIterator/BreakIteratorCache/java/util/LocalegetLocale()
java/lang/ArrayIndexOutOfBoundsException/void(java/lang/String)
java/lang/String/void(java/lang/String)
java/util/concurrent/ConcurrentHashMap/Segment/java/lang/Objectget(java/lang/Objectint)
sun/text/Normalizer/NFCMode/void(intsun/text/Normalizer$1)
java/lang/Thread/booleanisDaemon()
java/util/regex/Pattern/CIBackRef/void(int)
java/io/DataInputStream/intreadInt()java/io/IOException
java/lang/AbstractStringBuilder/java/lang/AbstractStringBuilderappend(float)
java/lang/String/intindexOf(java/lang/Stringint)
java/lang/Class/java/util/MapenumConstantDirectory()
java/util/concurrent/atomic/AtomicBoolean/void()
java/util/regex/Pattern/GroupHead/void(int)
java/util/regex/Pattern/SingleA/java/util/regex/Pattern/Nodedup(boolean)
java/util/regex/Pattern/CINotRange/java/util/regex/Pattern/Nodedup(boolean)
java/util/regex/Pattern/NotRange/java/util/regex/Pattern/Nodedup(boolean)
java/util/regex/Pattern/BitClass/java/util/regex/Pattern/Nodedup(boolean)
java/util/regex/Pattern/NotSingleA/java/util/regex/Pattern/Nodedup(boolean)
java/util/regex/Pattern/SingleU/java/util/regex/Pattern/Nodedup(boolean)
java/util/regex/Pattern/NotSingle/java/util/regex/Pattern/Nodedup(boolean)
java/util/regex/Pattern/NotSingleU/java/util/regex/Pattern/Nodedup(boolean)
java/util/regex/Pattern/NotCtype/java/util/regex/Pattern/Nodedup(boolean)
java/util/regex/Pattern/CIRange/java/util/regex/Pattern/Nodedup(boolean)
java/util/regex/Pattern/UBlock/java/util/regex/Pattern/Nodedup(boolean)
java/util/regex/Pattern/Single/java/util/regex/Pattern/Nodedup(boolean)
java/text/BreakIterator/BreakIteratorCache/void(java/util/Localejava/text/BreakIterator)
java/lang/ref/ReferenceQueue/Null/void(java/lang/ref/ReferenceQueue$1)
java/net/NetworkInterface$1checkedAddresses/void(java/net/NetworkInterface)
java/util/LinkedList/ListItr/void(java/util/LinkedListint)
java/lang/ClassNotFoundException/void(java/lang/Stringjava/lang/Throwable)
java/util/StringTokenizer/void(java/lang/Stringjava/lang/String)
java/util/WeakHashMap/void()
java/util/regex/Pattern/SliceA/void(int1)
java/util/AbstractMap/java/util/SetkeySet()
java/util/Map/java/util/SetkeySet()
java/lang/InstantiationException/void(java/lang/String)
sun/misc/ProxyGenerator/FieldInfo/void(sun/misc/ProxyGeneratorjava/lang/Stringjava/lang/Stringint)
java/util/AbstractList/ListItr/void(java/util/AbstractListint)
java/util/Stack/java/util/Stackfake$clone()
java/util/SubList$1/void(java/util/SubListint)
java/lang/StringBuilder/java/lang/StringBuilderdelete(intint)
java/util/concurrent/locks/AbstractQueuedSynchronizer/booleancompareAndSetState(intint)
java/util/regex/Pattern/BackRef/void(int)
sun/text/Trie/intgetBMPOffset(char)
sun/misc/ProxyGenerator/ConstantPool/IndirectEntry/void(intshort)
java/util/SubList$1/voidremove()
java/util/LinkedList/ListItr/voidremove()
java/lang/reflect/Method/booleanequals(java/lang/Object)
java/util/Dictionary/void()
java/io/ObjectInputStream/BlockDataInputStream/intread(byte1intint)java/io/IOException
java/lang/Thread/voidsetPriority(int)
java/lang/AbstractStringBuilder/java/lang/AbstractStringBuilderdelete(intint)
java/io/FileOutputStream/voidwrite(byte1intint)java/io/IOException
java/util/HashSet/void()
java/util/concurrent/locks/ReentrantLock/void()
java/io/ObjectInputStream/java/lang/ObjectreadObject()java/io/IOExceptionjava/lang/ClassNotFoundException
java/io/ObjectInput/java/lang/ObjectreadObject()java/lang/ClassNotFoundExceptionjava/io/IOException
java/lang/Character/Subset/void(java/lang/String)
java/util/ResourceBundle/java/lang/String1getStringArray(java/lang/String)
java/util/regex/Pattern/BitClass/void(boolean1boolean)
sun/misc/ProxyGenerator$1/void(java/lang/Stringbyte1)
java/text/RuleBasedBreakIterator$1/void(java/text/RuleBasedBreakIteratorjava/lang/String)
java/util/StringTokenizer/void(java/lang/Stringjava/lang/Stringboolean)
java/lang/reflect/Method/intgetModifiers()
java/util/regex/Pattern/NotBehind/void(java/util/regex/Pattern/Nodeintint)
java/util/regex/Pattern/JavaDigit/void()
java/lang/SecurityException/void(java/lang/String)
java/security/AllPermission/void()
java/io/ObjectInputStream/CallbackContext/void(java/lang/Objectjava/io/ObjectStreamClass)
java/util/concurrent/ConcurrentHashMap/Segment/java/lang/ObjectreadValueUnderLock(java/util/concurrent/ConcurrentHashMap/HashEntry)
java/lang/String/void(int1intint)
java/text/StringCharacterIterator/void(java/lang/String)
java/util/Dictionary/java/lang/Objectput(java/lang/Objectjava/lang/Object)
java/lang/String/intlastIndexOf(java/lang/String)
java/lang/StackTraceElement/booleanisNativeMethod()
java/util/regex/Pattern/JavaLowerCase/void()
java/lang/Object/voidnotifyAll()
java/net/InetAddress/void()
java/util/regex/Pattern/UBlock/booleannotMatch(java/util/regex/Matcherintjava/lang/CharSequence)
java/text/BreakIterator/intfollowing(int)
java/net/NetworkInterface$1checkedAddresses/java/lang/ObjectnextElement()
sun/text/NormalizerImpl$1/void(sun/text/NormalizerImpl)
java/util/WeakHashMap/java/lang/Objectput(java/lang/Objectjava/lang/Object)
java/lang/Throwable/void(java/lang/Throwable)
java/util/regex/Pattern/GroupCurly/void(java/util/regex/Pattern/Nodeintintintintintboolean)
java/lang/StackTraceElement/java/lang/StringtoString()
java/lang/Boolean/java/lang/StringtoString()
java/util/AbstractCollection/java/lang/StringtoString()
java/lang/Long/java/lang/StringtoString()
java/lang/Class/java/lang/StringtoString()
java/io/ObjectStreamClass/java/lang/StringtoString()
java/util/regex/Pattern/NotRange/void(intint)
sun/text/IntTrie/intgetCodePointValue(int)
java/io/ObjectStreamClass/FieldReflector/void(java/io/ObjectStreamField1)
java/util/concurrent/locks/ReentrantLock/Sync/void()
java/util/regex/Pattern/LazyLoop/booleanmatchInit(java/util/regex/Matcherintjava/lang/CharSequence)
java/text/BreakDictionary/void(java/lang/String)java/io/IOExceptionjava/util/MissingResourceException
sun/misc/FDBigInt/void(sun/misc/FDBigInt)
java/text/RuleBasedBreakIterator/SafeCharIterator/void(java/text/CharacterIterator)
java/lang/VirtualMachineError/void()
java/util/LinkedHashMap/Entry/void(intjava/lang/Objectjava/lang/Objectjava/util/HashMap/Entry)
java/io/ObjectInputStream/HandleTable/HandleList/void()
java/util/concurrent/locks/ReentrantLock/NonfairSync/void()
sun/text/Normalizer/NFKDMode/void(intsun/text/Normalizer$1)
java/io/OutputStreamWriter/voidwrite(char1intint)java/io/IOException
java/util/Hashtable/EmptyIterator/void()
java/lang/String/java/lang/StringtoLowerCase(java/util/Locale)
java/util/regex/Pattern/java/util/regex/Matchermatcher(java/lang/CharSequence)
java/util/regex/Pattern/Bound/intcheck(java/util/regex/Matcherintjava/lang/CharSequence)
java/util/LinkedList/java/util/ListIteratorlistIterator(int)
java/util/AbstractSequentialList/java/util/ListIteratorlistIterator(int)
java/util/SubList/java/util/ListIteratorlistIterator(int)
java/net/SocketPermission/void(java/lang/Stringjava/lang/String)
java/util/regex/Pattern/JavaDefined/void()
java/lang/Enum/java/lang/Stringname()
java/util/Locale/booleanequals(java/lang/Object)
java/lang/ref/Reference/voidclear()
java/lang/reflect/ReflectPermission/void(java/lang/String)
java/lang/ArrayIndexOutOfBoundsException/void()
java/text/DictionaryBasedBreakIterator/intfollowing(int)
java/util/concurrent/locks/AbstractQueuedSynchronizer/Node/void(java/lang/Threadjava/util/concurrent/locks/AbstractQueuedSynchronizer/Node)
java/lang/Float/floatfloatValue()
java/lang/Number/floatfloatValue()
java/nio/channels/spi/AbstractInterruptibleChannel/voidclose()java/io/IOException
java/nio/channels/Channel/voidclose()java/io/IOException
java/nio/channels/InterruptibleChannel/voidclose()java/io/IOException
java/io/ObjectStreamClass/FieldReflectorKey/void(java/lang/Classjava/io/ObjectStreamField1java/lang/ref/ReferenceQueue)
java/util/regex/Pattern/Curly/booleanmatch2(java/util/regex/Matcherintintjava/lang/CharSequence)
java/util/ArrayList/voidclear()
java/util/AbstractList/voidclear()
java/util/AbstractCollection/voidclear()
java/util/Collection/voidclear()
java/util/HashMap/KeySet/java/util/Iteratoriterator()
java/net/Inet6Address/void(java/lang/Stringbyte1)
java/io/WriteAbortedException/void(java/lang/Stringjava/lang/Exception)
java/util/regex/Pattern/LastNode/void()
sun/text/NormalizerImpl/NextCCArgs/void(sun/text/NormalizerImpl$1)
java/util/regex/Pattern/Neg/void(java/util/regex/Pattern/Node)
java/util/AbstractList/intindexOf(java/lang/Object)
java/util/List/intindexOf(java/lang/Object)
java/lang/ref/Reference/Lock/void(java/lang/ref/Reference$1)
java/lang/StringBuffer/java/lang/AbstractStringBuilderappend(java/lang/String)
java/io/ObjectInputStream/ValidationList/void()
sun/misc/SoftCache/void(int)
java/util/Random/void()
java/io/FileInputStream/voidfinalize()java/io/IOException
java/lang/Object/voidfinalize()java/lang/Throwable
java/lang/Thread/voidrun()
java/lang/ref/Reference/ReferenceHandler/voidrun()
java/io/BufferedInputStream/intread()java/io/IOException
java/io/FilterInputStream/intread()java/io/IOException
java/io/BufferedInputStream/intavailable()java/io/IOException
java/io/FilterInputStream/intavailable()java/io/IOException
java/io/FilterInputStream/voidclose()java/io/IOException
java/io/InputStream/intread(byte1)java/io/IOException
java/io/BufferedInputStream/intread(byte1intint)java/io/IOException
java/io/FilterInputStream/intread(byte1intint)java/io/IOException
java/io/PrintStream/voidwrite(byte1intint)
java/io/PrintStream/voidwrite(int)
java/io/PrintStream/voidflush()
java/nio/charset/CodingErrorAction/java/lang/StringtoString()
java/io/OutputStreamWriter/voidwrite(java/lang/Stringintint)java/io/IOException
java/io/FileOutputStream/voidwrite(int)java/io/IOException
java/lang/ref/ReferenceQueue/Null/booleanenqueue(java/lang/ref/Reference)
java/nio/charset/Charset/inthashCode()
java/nio/charset/Charset/booleanequals(java/lang/Object)
java/nio/charset/Charset/java/lang/StringtoString()
java/nio/charset/CoderResult/java/lang/StringtoString()
sun/nio/cs/StreamEncoder/voidwrite(java/lang/Stringintint)java/io/IOException
java/nio/ByteBuffer/inthashCode()
java/nio/ByteBuffer/booleanequals(java/lang/Object)
java/nio/ByteBuffer/java/lang/StringtoString()
java/io/BufferedOutputStream/voidwrite(byte1intint)java/io/IOException
java/io/BufferedOutputStream/voidwrite(int)java/io/IOException
java/io/BufferedWriter/voidwrite(char1intint)java/io/IOException
java/lang/AbstractStringBuilder/charcharAt(int)
java/lang/AbstractStringBuilder/java/lang/CharSequencesubSequence(intint)
java/util/AbstractMap/inthashCode()
java/util/Map/inthashCode()
java/util/AbstractMap/booleanequals(java/lang/Object)
java/util/Map/booleanequals(java/lang/Object)
java/util/AbstractMap/java/lang/Objectclone()java/lang/CloneNotSupportedException
java/util/AbstractMap/java/lang/StringtoString()
java/util/concurrent/ConcurrentHashMap/booleancontainsKey(java/lang/Object)
java/util/concurrent/ConcurrentHashMap/java/util/Collectionvalues()
java/util/HashMap/java/util/HashMapfake$clone()
java/util/HashMap/java/lang/Objectclone()
java/lang/Boolean/booleanequals(java/lang/Object)
java/security/BasicPermission/inthashCode()
java/security/Permission/inthashCode()
java/security/BasicPermission/booleanequals(java/lang/Object)
java/security/Permission/booleanequals(java/lang/Object)
java/security/Permission/java/lang/StringtoString()
java/lang/Character/Subset/inthashCode()
java/lang/Character/Subset/booleanequals(java/lang/Object)
java/lang/Character/Subset/java/lang/StringtoString()
java/util/Vector/inthashCode()
java/util/Vector/booleanequals(java/lang/Object)
java/util/Vector/java/lang/Objectget(int)
java/util/Vector/booleanadd(java/lang/Object)
java/util/Vector/java/lang/Object1toArray(java/lang/Object1)
java/util/Vector/java/util/Vectorfake$clone()
java/util/Vector/java/lang/StringtoString()
java/util/Vector/java/util/ListsubList(intint)
java/util/Vector/java/lang/Objectset(intjava/lang/Object)
java/util/Vector/java/lang/Objectremove(int)
java/util/Vector/voidclear()
java/util/Hashtable/inthashCode()
java/util/Hashtable/booleanequals(java/lang/Object)
java/util/Hashtable/java/util/Hashtablefake$clone()
java/util/Hashtable/java/lang/Objectclone()
java/util/Hashtable/java/lang/StringtoString()
java/util/Hashtable/java/lang/Objectremove(java/lang/Object)
java/util/Dictionary/java/lang/Objectremove(java/lang/Object)
java/util/Hashtable/booleancontainsKey(java/lang/Object)
java/util/Hashtable/java/util/Collectionvalues()
java/lang/Integer/java/lang/StringtoString()
java/util/AbstractSet/inthashCode()
java/util/Set/inthashCode()
java/util/AbstractSet/booleanequals(java/lang/Object)
java/util/Set/booleanequals(java/lang/Object)
java/util/HashSet/java/util/HashSetfake$clone()
java/util/HashSet/intsize()
java/util/Set/intsize()
java/util/HashSet/java/lang/Objectclone()
java/io/ObjectStreamField/java/lang/StringtoString()
sun/misc/SoftCache/java/lang/Objectremove(java/lang/Object)
sun/misc/SoftCache/booleancontainsKey(java/lang/Object)
java/lang/Thread/java/lang/StringtoString()
java/lang/ThreadGroup/java/lang/StringtoString()
java/lang/ref/PhantomReference/java/lang/Objectget()
java/util/WeakHashMap/java/lang/Objectremove(java/lang/Object)
java/util/WeakHashMap/java/util/Collectionvalues()
java/util/Collections/EmptySet/intsize()
java/util/Collections/EmptySet/booleancontains(java/lang/Object)
java/util/Collections/EmptySet/java/util/Iteratoriterator()
java/util/Collections/EmptyList/java/lang/Objectget(int)
java/util/Collections/EmptyList/intsize()
java/util/Collections/EmptyList/booleancontains(java/lang/Object)
java/util/Collections/EmptyMap/inthashCode()
java/util/Collections/EmptyMap/booleanequals(java/lang/Object)
java/util/Collections/EmptyMap/java/lang/Objectget(java/lang/Object)
java/util/Collections/EmptyMap/booleancontainsKey(java/lang/Object)
java/util/Collections/EmptyMap/java/util/Collectionvalues()
java/util/Hashtable/EmptyEnumerator/booleanhasMoreElements()
java/util/Hashtable/EmptyEnumerator/java/lang/ObjectnextElement()
java/util/Hashtable/EmptyIterator/booleanhasNext()
java/util/Hashtable/EmptyIterator/java/lang/Objectnext()
java/util/Locale/inthashCode()
java/util/Locale/java/util/Localefake$clone()
java/util/Locale/java/lang/Objectclone()
java/util/Locale/java/lang/StringtoString()
java/util/ResourceBundle/ResourceCacheKey/inthashCode()
java/util/ResourceBundle/ResourceCacheKey/booleanequals(java/lang/Object)
java/util/ResourceBundle/ResourceCacheKey/java/util/ResourceBundle/ResourceCacheKeyfake$clone()
java/util/ResourceBundle/ResourceCacheKey/java/lang/Objectclone()
java/lang/reflect/Field/inthashCode()
java/lang/reflect/Field/booleanequals(java/lang/Object)
java/lang/reflect/Field/java/lang/StringtoString()
java/util/regex/Pattern/JavaTypeClass/booleanstudy(java/util/regex/Pattern/TreeInfo)
java/util/regex/Pattern/JavaTypeClass/booleanmatch(java/util/regex/Matcherintjava/lang/CharSequence)
org/joone/engine/NeuralLayer/org/joone/engine/MonitorgetMonitor()
org/joone/engine/NeuralLayer/voidstart()
java/util/regex/Pattern/java/lang/StringtoString()
java/lang/reflect/Method/inthashCode()
java/lang/reflect/Method/java/lang/StringtoString()
java/security/AllPermission/inthashCode()
java/security/AllPermission/booleanequals(java/lang/Object)
java/net/SocketPermission/inthashCode()
java/net/SocketPermission/booleanequals(java/lang/Object)
java/io/ObjectInputStream/BlockDataInputStream/intavailable()java/io/IOException
java/net/InetAddress/inthashCode()
java/net/InetAddress/booleanequals(java/lang/Object)
java/net/InetAddress/java/lang/StringtoString()
java/lang/StringBuffer/charcharAt(int)
java/lang/StringBuffer/voidsetLength(int)
java/lang/StringBuffer/java/lang/CharSequencesubSequence(intint)
java/io/DataOutputStream/voidflush()java/io/IOException
java/util/ArrayList/java/util/ArrayListfake$clone()
java/util/ArrayList/java/lang/Objectclone()
java/util/Collections$1/booleanhasMoreElements()
java/util/Collections$1/java/lang/ObjectnextElement()
java/util/concurrent/atomic/AtomicBoolean/java/lang/StringtoString()
java/util/HashMap/Entry/inthashCode()
java/util/Map/Entry/inthashCode()
java/util/HashMap/Entry/booleanequals(java/lang/Object)
java/util/Map/Entry/booleanequals(java/lang/Object)
java/util/HashMap/Entry/java/lang/StringtoString()
java/text/RuleBasedBreakIterator/inthashCode()
java/text/RuleBasedBreakIterator/booleanequals(java/lang/Object)
java/text/RuleBasedBreakIterator/java/lang/StringtoString()
java/text/StringCharacterIterator/inthashCode()
java/text/StringCharacterIterator/booleanequals(java/lang/Object)
java/io/DataInputStream/intread(byte1)java/io/IOException
java/io/DataInputStream/intread(byte1intint)java/io/IOException
java/io/ObjectInputStream/intread()java/io/IOException
java/io/ObjectInput/intread()java/io/IOException
java/io/ObjectInputStream/intavailable()java/io/IOException
java/io/ObjectInput/intavailable()java/io/IOException
java/io/ObjectInputStream/intread(byte1intint)java/io/IOException
java/io/ObjectInput/intread(byte1intint)java/io/IOException
java/util/concurrent/locks/AbstractQueuedSynchronizer/java/lang/StringtoString()
java/lang/reflect/Constructor/inthashCode()
java/lang/reflect/Constructor/booleanequals(java/lang/Object)
java/lang/reflect/Constructor/java/lang/StringtoString()
java/util/SubList/java/util/ListsubList(intint)
java/util/regex/Matcher/java/lang/StringtoString()
sun/misc/FDBigInt/java/lang/StringtoString()
java/util/LinkedList/java/lang/Object1toArray(java/lang/Object1)
java/util/LinkedList/java/util/LinkedListfake$clone()
java/util/LinkedList/java/lang/Objectclone()
java/util/LinkedList/voidclear()
java/util/LinkedList/booleancontains(java/lang/Object)
java/util/StringTokenizer/booleanhasMoreElements()
java/util/StringTokenizer/java/lang/ObjectnextElement()
java/util/LinkedList/ListItr/intnextIndex()
java/util/LinkedList/ListItr/java/lang/Objectprevious()
java/util/SubList$1/java/lang/Objectprevious()
java/util/WeakHashMap/Entry/inthashCode()
java/util/WeakHashMap/Entry/booleanequals(java/lang/Object)
java/util/WeakHashMap/Entry/java/lang/StringtoString()
sun/reflect/annotation/AnnotationType/java/lang/StringtoString()
java/text/BreakIterator/java/text/BreakIteratorfake$clone()
java/security/AccessControlContext/inthashCode()
java/security/AccessControlContext/booleanequals(java/lang/Object)
java/util/concurrent/locks/ReentrantLock/java/lang/StringtoString()
java/lang/Enum/inthashCode()
java/lang/Enum/booleanequals(java/lang/Object)
java/lang/Enum/java/lang/Objectclone()java/lang/CloneNotSupportedException
java/lang/Enum/java/lang/StringtoString()
java/security/ProtectionDomain/java/lang/StringtoString()
java/io/ByteArrayOutputStream/java/lang/StringtoString()
java/util/HashMap/Values/intsize()
sun/text/IntTrie/intgetSurrogateOffset(charchar)
java/util/Collections/SynchronizedMap/inthashCode()
java/util/Collections/SynchronizedMap/booleanequals(java/lang/Object)
java/util/Collections/SynchronizedMap/java/lang/StringtoString()
java/util/Collections/SynchronizedMap/java/lang/Objectremove(java/lang/Object)
java/util/Collections/SynchronizedMap/java/util/Collectionvalues()
java/io/File/inthashCode()
java/io/File/booleanequals(java/lang/Object)
java/io/File/java/lang/StringtoString()
java/net/NetworkInterface/inthashCode()
java/net/NetworkInterface/booleanequals(java/lang/Object)
java/net/NetworkInterface/java/lang/StringtoString()
java/lang/Short/inthashCode()
java/lang/Short/booleanequals(java/lang/Object)
java/lang/Short/java/lang/StringtoString()
java/util/Properties/java/util/Propertiesfake$clone()
java/lang/Shutdown/WrappedHook/inthashCode()
java/lang/Shutdown/WrappedHook/booleanequals(java/lang/Object)
sun/text/SupplementaryCharacterData/sun/text/SupplementaryCharacterDatafake$clone()
sun/text/CompactByteArray/inthashCode()
sun/text/CompactByteArray/booleanequals(java/lang/Object)
sun/text/CompactByteArray/sun/text/CompactByteArrayfake$clone()
sun/text/CompactByteArray/java/lang/Objectclone()
sun/misc/FloatingDecimal/java/lang/StringtoString()
java/util/LinkedHashMap/voidaddEntry(intjava/lang/Objectjava/lang/Objectint)
java/util/LinkedHashMap/java/util/IteratornewValueIterator()
java/util/LinkedHashMap/java/lang/Objectget(java/lang/Object)
java/util/LinkedHashMap/java/util/LinkedHashMapfake$clone()
java/util/LinkedHashMap/voidtransfer(java/util/HashMap/Entry1)
java/util/LinkedHashMap/java/util/IteratornewKeyIterator()
java/util/LinkedHashMap/Entry/voidrecordAccess(java/util/HashMap)
java/util/LinkedHashMap/Entry/voidrecordRemoval(java/util/HashMap)
java/util/HashMap/KeySet/intsize()
java/util/HashMap/KeySet/booleancontains(java/lang/Object)
java/lang/Long/booleanequals(java/lang/Object)
java/util/concurrent/atomic/AtomicLong/java/lang/StringtoString()
java/lang/Double/inthashCode()
java/lang/Double/booleanequals(java/lang/Object)
java/lang/Double/java/lang/StringtoString()
java/lang/Float/inthashCode()
java/lang/Float/booleanequals(java/lang/Object)
java/lang/Float/java/lang/StringtoString()
java/net/Inet4Address/inthashCode()
java/net/Inet4Address/booleanequals(java/lang/Object)
java/net/Inet4Address/java/lang/StringgetHostAddress()
java/net/Inet6Address/inthashCode()
java/net/Inet6Address/booleanequals(java/lang/Object)
java/net/Inet6Address/java/lang/StringgetHostAddress()
java/util/Arrays/ArrayList/booleancontains(java/lang/Object)
java/util/RandomAccessSubList/java/util/ListsubList(intint)
java/util/Hashtable/Entry/inthashCode()
java/util/Hashtable/Entry/booleanequals(java/lang/Object)
java/util/Hashtable/Entry/java/lang/Objectclone()
java/util/Hashtable/Entry/java/lang/StringtoString()
