null
java.io.BufferedInputStream
java.io.PrintStream
byte[]
java.nio.charset.CodingErrorAction
java.io.OutputStreamWriter
java.lang.String
char[]
java.io.FileOutputStream
java.io.FileDescriptor
java.lang.ref.ReferenceQueue.Null
sun.nio.cs.UTF_8
java.lang.ref.WeakReference
java.lang.ref.ReferenceQueue.Lock
sun.nio.cs.Surrogate.Parser
java.nio.charset.CoderResult
sun.nio.cs.StreamEncoder.CharsetSE
java.lang.String[]
sun.nio.cs.UTF_8.Encoder
java.io.FileInputStream
java.nio.HeapByteBuffer
java.io.BufferedOutputStream
java.io.BufferedWriter
java.lang.Class
java.util.concurrent.atomic.AtomicReferenceFieldUpdater
java.lang.Object
java.io.FileSystem
java.lang.StringBuilder
java.util.concurrent.ConcurrentHashMap
java.lang.ref.ReferenceQueue
java.util.HashMap
java.lang.Boolean
java.io.ObjectStreamField[]
java.lang.annotation.Annotation[]
sun.reflect.ReflectionFactory.GetReflectionFactoryAction
sun.reflect.ReflectionFactory
int[]
sun.misc.Unsafe
java.io.SerializablePermission
java.lang.Character.UnicodeBlock
java.lang.Character.UnicodeBlock[]
java.lang.AssertionError
char[][][]
char[][]
java.util.Vector
java.util.Stack
java.lang.ConditionalSpecialCasing.Entry
NULL_TYPE
java.util.Hashtable
java.lang.Integer
java.util.HashSet
java.lang.ConditionalSpecialCasing.Entry[]
java.lang.Integer[]
java.lang.Runtime
java.lang.ThreadGroup
java.lang.Shutdown.Lock
java.lang.String.CaseInsensitiveComparator
java.io.ObjectStreamField
java.lang.ThreadLocal
java.io.InputStream
java.lang.RuntimePermission
sun.misc.SoftCache
java.lang.StackTraceElement[]
java.lang.Thread
java.lang.Runnable
java.lang.ref.Reference.ReferenceHandler
java.lang.ref.Reference.Lock
java.lang.ref.Reference
sun.misc.Cleaner
java.lang.reflect.ReflectPermission
java.lang.reflect.ReflectAccess
java.util.WeakHashMap
java.util.Random
java.util.Collections.EmptySet
java.util.Collections.EmptyList
java.util.Collections.EmptyMap
java.util.Collections.ReverseComparator
java.util.Map
java.lang.Class[]
java.math.BigDecimal
java.math.BigInteger
long[]
java.math.BigInteger[]
java.math.BigDecimal[]
long[][]
sun.security.action.GetBooleanAction
sun.security.action.LoadLibraryAction
sun/net/InetAddressCachePolicy$1
sun.security.action.GetIntegerAction
sun/net/InetAddressCachePolicy$2
java.net.InetAddress.Cache
java.net.InetAddressImplFactory
java.net.InetAddressImpl
java/net/InetAddress$2
java/net/InetAddress$1
sun.security.action.GetPropertyAction
java.net.PlainSocketImpl
java.nio.ByteOrder
sun.nio.cs.StandardCharsets
java/nio/charset/CoderResult$1
java/nio/charset/CoderResult$2
sun.security.util.Debug
java.security.Provider.ServiceKey
java/security/Security$1
sun.security.jca.ServiceId
sun.security.jca.ServiceId[]
java.util.List
java.text.AttributedCharacterIterator.Attribute
java.lang.ref.SoftReference[]
java.text.DateFormat.Field
java.text.DateFormat.Field[]
java.text.FieldPosition[]
java.text.DontCareFieldPosition
java.text.MessageFormat.Field
java.text.NumberFormat.Field
java/util/Currency$1
sun.util.calendar.Gregorian
java.util.Hashtable.EmptyEnumerator
java.util.Hashtable.EmptyIterator
java.util.Locale
java.util.ResourceBundle.ResourceCacheKey
java.lang.InheritableThreadLocal
java/util/Timer$1
java.util.TaskQueue
java.util.Timer
java.util.TimerThread
java.lang.reflect.Field
java.lang.Error
java.util.concurrent.locks.AbstractQueuedSynchronizer.Node
java.util.jar.Attributes.Name
java.util.ArrayList
java.util.logging.Level
java/util/logging/LogManager$1
java.util.logging.Handler[]
java.util.logging.Logger
java.util.regex.Pattern.Category
java.util.regex.Pattern.Range
java.util.regex.Pattern.All
java.util.regex.Pattern.Ctype
java.util.regex.Pattern.JavaLowerCase
java.util.regex.Pattern.JavaUpperCase
java.util.regex.Pattern.JavaTitleCase
java.util.regex.Pattern.JavaDigit
java.util.regex.Pattern.JavaDefined
java.util.regex.Pattern.JavaLetter
java.util.regex.Pattern.JavaLetterOrDigit
java.util.regex.Pattern.JavaJavaIdentifierStart
java.util.regex.Pattern.JavaJavaIdentifierPart
java.util.regex.Pattern.JavaUnicodeIdentifierStart
java.util.regex.Pattern.JavaUnicodeIdentifierPart
java.util.regex.Pattern.JavaIdentifierIgnorable
java.util.regex.Pattern.JavaSpaceChar
java.util.regex.Pattern.JavaWhitespace
java.util.regex.Pattern.JavaISOControl
java.util.regex.Pattern.JavaMirrored
java.util.regex.Pattern.Node
java.util.regex.Pattern.LastNode
java.util.zip.Inflater
javax.crypto.ExemptionMechanism
java.security.SecureRandom
java.util.IdentityHashMap
javax.crypto.SunJCE_r
javax.crypto.SunJCE_f
javax.crypto.SunJCE_t
java.lang.SecurityException
java.lang.Throwable
java.net.URL
java.lang.RuntimeException
javax.crypto.SunJCE_s
javax.crypto.SunJCE_n
java.util.ResourceBundle
org.mortbay.jetty.AbstractConnector.Acceptor
org.mortbay.jetty.AbstractConnector
java.lang.Thread[]
java.lang.StringBuffer
org.mortbay.log.StdErrLog
org.mortbay.log.Logger
java.lang.reflect.Field[]
org.mortbay.io.ByteArrayBuffer
org.mortbay.io.Buffer[]
java.util.TimeZone
org.mortbay.io.BufferDateCache
java.text.SimpleDateFormat
java.lang.Float
org.mortbay.util.StringMap
java.text.SimpleDateFormat[]
org.mortbay.jetty.HttpHeaderValues
org.mortbay.io.BufferCache.CachedBuffer
java.io.InputStreamReader
java.io.LineNumberReader
org.mortbay.jetty.HttpHeaders
org.mortbay.io.BufferCache
org.mortbay.io.Buffer
org.mortbay.jetty.Server
org.mortbay.jetty.handler.ContextHandlerCollection
org.mortbay.jetty.bio.SocketConnector
org.mortbay.jetty.Connector[]
org.mortbay.jetty.webapp.WebAppContext
org.mortbay.jetty.handler.ContextHandler
org.mortbay.jetty.servlet.ServletHandler
org.mortbay.jetty.servlet.ServletHolder
java.util.Enumeration
java.util.Set
org.mortbay.util.IO.NullOS
org.mortbay.util.IO.ClosedIS
org.mortbay.util.IO.NullWrite
java.io.Writer
java.io.PrintWriter
org.mortbay.jetty.Response.NullOutput
org.mortbay.jetty.Server.ShutdownHookThread
java.util.Iterator
java.lang.Package
org.mortbay.jetty.bio.SocketConnector.Connection
org.mortbay.jetty.HttpConnection
java.net.Socket
org.mortbay.thread.ThreadPool
org/mortbay/jetty/security/SecurityHandler$1
org/mortbay/jetty/security/SecurityHandler$2
org.mortbay.jetty.servlet.AbstractSessionManager.NullSessionContext
org/mortbay/jetty/servlet/HashSessionManager$1
org.mortbay.jetty.servlet.HashSessionManager
org/mortbay/jetty/servlet/HashSessionManager$2
org.mortbay.util.DateCache
org.mortbay.resource.Resource
org.mortbay.thread.QueuedThreadPool.PoolThread
org.mortbay.thread.QueuedThreadPool
java.lang.Runnable[]
java.lang.reflect.Method
java.lang.Long
java.lang.Long[]
java.lang.ref.SoftReference[][]
sun.misc.ASCIICaseInsensitiveComparator
sun/misc/FloatingDecimal$1
java.util.regex.Pattern
double[]
float[]
sun.misc.Launcher.Factory
sun.misc.Launcher
java.lang.NoSuchMethodError
sun/nio/cs/ThreadLocalCoders$1
sun/nio/cs/ThreadLocalCoders$2
sun.security.jca.ProviderList
sun.security.jca.ProviderConfig[]
sun/security/jca/ProviderList$1
java.security.Provider[]
sun.security.util.ObjectIdentifier
sun.misc.HexDumpEncoder
java.lang.ExceptionInInitializerError
java.lang.Byte
sun.security.util.ObjectIdentifier[]
java.lang.Byte[][]
boolean[]
java.lang.Byte[]
sun.security.provider.NativePRNG.RandomIO
sun/security/provider/Sun$1
byte[][]
sun.security.util.ByteArrayLexOrder
sun.security.util.ByteArrayTagOrder
sun.security.provider.Sun
java.security.AllPermission
java.awt.AWTPermission
java.net.NetPermission
java.security.SecurityPermission
java.net.SocketPermission
javax.security.auth.AuthPermission
java.security.cert.X509Certificate[]
sun.security.x509.AVAComparator
sun.security.x509.AVAKeyword
sun/security/x509/X500Name$1
java.lang.InternalError
java.lang.reflect.Constructor
java.lang.Object[]
sun.text.Normalizer.Mode
sun.text.Normalizer.NFDMode
sun.text.Normalizer.NFKDMode
sun.text.Normalizer.NFCMode
sun.text.Normalizer.NFKCMode
sun.text.Normalizer.FCDMode
sun.text.Normalizer.QuickCheckResult
sun.text.NormalizerImpl
org.mortbay.io.AbstractBuffer
java.lang.IllegalArgumentException
sun.misc.SoftCache.ValueCell
sun.security.util.DerValue
sun.security.util.DerInputBuffer
java.io.IOException
java.text.FieldPosition
java.io.DataOutputStream
java.lang.AbstractStringBuilder
java.util.GregorianCalendar
sun.util.calendar.BaseCalendar.Date
sun.util.calendar.CalendarDate
org.mortbay.jetty.AbstractGenerator.Output
java.io.OutputStream
java.lang.ClassLoader
java.io.File[]
sun.misc.Launcher.AppClassLoader.1
sun.misc.Launcher.AppClassLoader
java.util.concurrent.atomic.AtomicBoolean
org.mortbay.component.Container
org.mortbay.component.Container.Listener
sun.security.util.DerInputStream
java.lang.NullPointerException
sun.security.x509.CertificateExtensions
sun.security.util.DerOutputStream
java.util.Collection
sun.security.x509.CertAttrSet
sun.security.x509.Extension
java.security.cert.CertificateException
java.lang.StringIndexOutOfBoundsException
sun.misc.CharacterEncoder
java.security.Provider.Service
sun.misc.ProxyGenerator.ConstantPool
sun.misc.ProxyGenerator.ConstantPool.IndirectEntry
java.lang.ThreadLocal.ThreadLocalMap
java.lang.ThreadLocal.ThreadLocalMap.Entry
java.lang.ThreadLocal.ThreadLocalMap.Entry[]
java.net.MalformedURLException
java.security.Provider.EngineDescription
org.mortbay.util.ByteArrayISO8859Writer
java.util.Date
java.util.PropertyResourceBundle
org.mortbay.io.View.CaseInsensitive
sun.nio.cs.StreamDecoder.CharsetSD
java.nio.charset.Charset
java.nio.charset.CharsetDecoder
java.text.Format.FieldDelegate
java.nio.Buffer
java.net.URI.Parser
java.util.HashMap.Entry
java.util.HashMap.Entry[]
org.mortbay.jetty.HttpFields
java.util.HashMap.KeySet
java.io.DataInputStream
org.mortbay.jetty.AbstractBuffers
java.io.ObjectOutputStream.BlockDataOutputStream
sun.util.calendar.ZoneInfo
java.io.File
java.text.FieldPosition.Delegate
java.text.Format.Field
java/text/DontCareFieldPosition$1
java.text.CharacterIteratorFieldDelegate
java.util.regex.Pattern.NotSingle
java.util.regex.Pattern.TreeInfo
java.util.regex.Pattern.Dollar
java.util.regex.Pattern.NotRange
java.util.regex.Pattern.NotCtype
java.util.regex.Pattern.Prolog
java.util.regex.Pattern.Loop
java.util.regex.Pattern.Not
java.util.regex.Pattern.Ques
java.util.regex.Pattern.BitClass
java.util.regex.Pattern.Add
java.util.regex.Pattern.Start
java.util.regex.Pattern.Curly
java.util.regex.Pattern.BnM
java.util.regex.Pattern.SingleU
java.util.regex.Pattern.SingleA
java.util.regex.Pattern.Slice
java.util.regex.Pattern.CIBackRef
java.util.regex.Pattern.Both
java.util.regex.Pattern.SliceA
java.util.regex.Pattern.Dot
java.util.regex.Pattern.NotSingleU
java.util.regex.Pattern.UBlock
java.util.regex.Pattern.NotSingleA
java.util.regex.Pattern.LazyLoop
java.util.regex.Pattern.GroupCurly
java.util.regex.Pattern.UnixDot
java.util.regex.Pattern.BackRef
java.util.regex.Pattern.Single
java.util.regex.Pattern.SliceU
java.util.regex.Pattern.Sub
java.util.regex.Pattern.UnixDollar
java.util.regex.Pattern.Branch
java.io.ByteArrayOutputStream
org.mortbay.jetty.servlet.AbstractSessionManager.Session
org.mortbay.jetty.Connector
java.util.regex.PatternSyntaxException
org.mortbay.jetty.servlet.PathMap.Entry
org.mortbay.util.AttributesMap
org.mortbay.jetty.Request
java.text.RuleBasedBreakIterator
java.net.ServerSocket
java.net.SocketImpl
java.nio.charset.CharsetEncoder
java.nio.CharBuffer
java.nio.ByteBuffer
java.nio.charset.CoderMalfunctionError
java.util.AbstractList
org.mortbay.component.AbstractLifeCycle
java.util.concurrent.locks.AbstractQueuedSynchronizer
java.util.LinkedHashMap.ValueIterator
java.util.LinkedHashMap.Entry
java.util.HashMap.ValueIterator
java.lang.SecurityManager
javax.crypto.SunJCE_d
sun.security.validator.Validator
sun.security.x509.OIDMap.OIDInfo
java.nio.channels.WritableByteChannel
java.security.Permission
javax.crypto.SunJCE_q
java.io.ObjectOutputStream
java.net.URI
java.security.cert.CRLException
org.mortbay.jetty.Response
org.mortbay.jetty.handler.ContextHandler.SContext
org.mortbay.jetty.handler.ErrorHandler
javax.servlet.ServletOutputStream
java.util.ConcurrentModificationException
java.util.SimpleTimeZone
java.lang.StackTraceElement
java.util.Hashtable.Entry
java.util.Hashtable.Entry[]
javax.crypto.SunJCE_g
java.io.StreamTokenizer
sun.security.util.ManifestEntryVerifier
java.util.jar.JarEntry
java.util.jar.Manifest
java.util.jar.Attributes
java.util.Map.Entry
java.security.Provider
java.security.MessageDigest
sun.misc.BASE64Decoder
java.util.HashMap.Values
java.net.InetAddress
java.text.StringCharacterIterator
java.text.RuleBasedBreakIterator.SafeCharIterator
java.text.CharacterIterator
org.mortbay.jetty.HttpParser.Input
org.mortbay.io.EndPoint
org.mortbay.jetty.HttpParser
sun.text.IntTrie
java.io.ObjectInputStream.PeekInputStream
java.security.cert.CertificateParsingException
java.text.NumberFormat
java.util.Calendar
java.lang.ref.SoftReference
java.io.ByteArrayInputStream
java.util.StringTokenizer
java.lang.Enum
java.io.ObjectStreamClass
java.io.ObjectOutputStream.HandleTable
java.lang.ArrayIndexOutOfBoundsException
sun.nio.cs.US_ASCII.Encoder
sun/nio/cs/US_ASCII$1
org.mortbay.util.QuotedStringTokenizer
sun.misc.ProxyGenerator
java.util.Collections.UnmodifiableMap
java.util.concurrent.ConcurrentHashMap.Segment[]
java.util.concurrent.ConcurrentHashMap.Segment
org.mortbay.jetty.HttpURI
sun.reflect.generics.repository.ClassRepository
sun.reflect.annotation.AnnotationType
javax.crypto.SunJCE_m
java.util.ListIterator
org.mortbay.util.MultiException
org.mortbay.jetty.servlet.HashSessionManager.Session
java.lang.IllegalStateException
java.lang.NumberFormatException
org.mortbay.resource.FileResource
java.io.ObjectInputStream.HandleTable
java.lang.ClassNotFoundException
java.io.ObjectInputStream.HandleTable.HandleList
java.io.ObjectInputStream.HandleTable.HandleList[]
sun.security.pkcs.SignerInfo
sun.security.x509.AlgorithmId
java.lang.NoClassDefFoundError
org.mortbay.jetty.HttpFields.Field
java.net.URISyntaxException
java.security.GeneralSecurityException
sun.reflect.MethodAccessor
java.io.ObjectInputStream
java.io.ObjectInputStream.BlockDataInputStream
java.io.InvalidObjectException
java.io.StreamCorruptedException
javax.crypto.SunJCE_c
java.util.concurrent.ConcurrentHashMap.EntrySet
java.util.HashMap.EntrySet
sun.security.x509.CertificateSubjectName
sun.security.x509.X500Name
javax.security.auth.x500.X500Principal
org.mortbay.resource.BadResource
java.util.Properties
java.net.SocketException
java.util.regex.Matcher
java.lang.CharSequence
java.util.regex.Pattern.End
java.util.regex.Pattern.Behind
java.util.regex.Pattern.Bound
java.util.regex.Pattern.Dummy
java.util.regex.Pattern.NotBehind
java.util.regex.Pattern.Caret
java.util.regex.Pattern.SliceS
java.util.regex.Pattern.UnixCaret
java.util.regex.Pattern.CINotRange
java.util.regex.Pattern.BehindS
java.util.regex.Pattern.CIRange
java.util.regex.Pattern.BnMS
java.util.regex.Pattern.Pos
java.util.regex.Pattern.GroupHead
java.util.regex.Pattern.NotBehindS
java.util.regex.Pattern.StartS
java.util.regex.Pattern.Begin
java.util.regex.Pattern.Neg
java.util.regex.Pattern.GroupTail
java.util.regex.Pattern.LastMatch
sun.reflect.ConstructorAccessor
java.security.NoSuchAlgorithmException
org.mortbay.jetty.webapp.WebAppClassLoader
org.mortbay.io.View
sun.security.x509.AVA
sun.security.pkcs.ESSCertId
sun.security.x509.GeneralNames
sun.security.x509.SerialNumber
java.io.NotSerializableException
org.mortbay.resource.URLResource
java.net.URLConnection
org.mortbay.resource.JarResource
java.util.zip.ZipException
java/util/HashMap$1
sun/security/jca/ProviderList$3
java/io/ObjectInputStream$1
javax.crypto.ExemptionMechanismSpi
org.mortbay.resource.JarFileResource
java/lang/Shutdown$1
java/security/Provider$1
sun.util.calendar.BaseCalendar
org.mortbay.jetty.servlet.AbstractSessionManager
org.mortbay.jetty.SessionIdManager
javax.servlet.http.HttpSessionEvent
javax.servlet.http.HttpSessionListener
java.security.SecureRandomSpi
org.mortbay.jetty.servlet.SessionHandler
org.mortbay.jetty.servlet.HashSessionIdManager
java.io.FilePermission
java.nio.ReadOnlyBufferException
org.mortbay.util.StringMap.Node
java.util.SubList
java.nio.StringCharBuffer
java.nio.HeapCharBuffer
sun.misc.FDBigInt
org.mortbay.util.StringMap.NullEntry
org.mortbay.util.StringMap.Node[]
sun.security.x509.CertificateVersion
sun.security.util.DerIndefLenConverter
java.util.AbstractList.Itr
java.lang.NoSuchMethodException
org.mortbay.util.Attributes
javax.servlet.ServletRequestAttributeEvent
javax.servlet.ServletRequestAttributeListener
java.security.AccessControlContext
sun.nio.ch.Interruptible
java.lang.Thread.UncaughtExceptionHandler
org.mortbay.jetty.handler.AbstractHandler
java.security.Key
java.security.InvalidParameterException
sun.misc.ProxyGenerator.PrimitiveTypeInfo
java.text.DecimalFormatSymbols
java.text.DecimalFormat
sun.util.calendar.AbstractCalendar
sun.nio.cs.StreamEncoder
sun.security.util.BitArray
sun.util.calendar.Gregorian.Date
sun.security.x509.IPAddressName
java.util.ResourceBundleEnumeration
java.security.cert.X509CRLEntry
org.mortbay.jetty.security.FormAuthenticator.FormCredential
java.lang.Short
sun.security.jca.ProviderConfig
java.net.URLStreamHandler
java.io.ObjectStreamClass.FieldReflectorKey
javax.crypto.SunJCE_j
java.security.spec.AlgorithmParameterSpec
java.util.AbstractMap
javax.crypto.SunJCE_k
java.security.Provider.UString
java.lang.Character.Subset
sun.security.x509.X509CRLImpl.X509IssuerSerial
java.text.AttributeEntry
java.text.AttributedString.AttributedStringIterator
java.text.AttributedString
java.io.ObjectStreamClass.WeakClassKey
java.util.AbstractSet
sun.security.x509.GeneralName
sun.security.x509.GeneralNameInterface
java.security.CodeSigner
java.security.cert.CertPath
java.security.Timestamp
java.lang.IndexOutOfBoundsException
java.util.NoSuchElementException
org.mortbay.jetty.AbstractGenerator
java.io.EOFException
java.lang.Exception
javax.crypto.NoSuchPaddingException
javax.crypto.CipherSpi
javax.crypto.Cipher
org.mortbay.io.bio.StreamEndPoint
java.lang.ClassCastException
java.util.Comparator
java.util.ResourceBundle.LoaderReference
sun.misc.ProxyGenerator.ProxyMethod
sun.misc.FloatingDecimal
sun.security.x509.UniqueIdentity
javax.servlet.ServletContext
javax.servlet.ServletRequest
org.mortbay.jetty.handler.HandlerCollection
org.mortbay.jetty.deployer.WebAppDeployer
java.nio.charset.UnsupportedCharsetException
java.io.InvalidClassException
java.security.Signature.Delegate
java.security.SignatureSpi
java.security.PrivateKey
java.security.PublicKey
java.net.InetSocketAddress
javax.servlet.http.Cookie
org.mortbay.jetty.servlet.Dispatcher.ForwardAttributes
org.mortbay.jetty.servlet.Dispatcher
org.mortbay.util.MultiMap
java/text/BreakIterator$1
java.util.LinkedList
java.util.LinkedHashMap
java.net.InetAddress.CacheEntry
org.mortbay.util.ajax.Continuation
java.math.MutableBigInteger
java.security.InvalidKeyException
java.util.EventObject
sun.util.BuddhistCalendar
java.io.OptionalDataException
java.security.KeyException
org.mortbay.jetty.HttpGenerator
org.mortbay.io.Buffers
org.mortbay.jetty.EofException
org.mortbay.util.SingletonList.SIterator
org.mortbay.util.SingletonList
java.util.HashMap.KeyIterator
java.util.regex.Pattern.GroupHead[]
java.lang.reflect.Method[]
java.text.DateFormatSymbols
sun.security.provider.SecureRandom
org.mortbay.jetty.security.SecurityHandler.NotChecked
org.mortbay.jetty.security.SecurityHandler
org.mortbay.jetty.security.Authenticator
org.mortbay.jetty.security.UserRealm
java.security.Principal
java.net.URLStreamHandlerFactory
java.io.UTFDataFormatException
org.mortbay.jetty.HttpConnection.RequestHandler
org.mortbay.jetty.Generator
org.mortbay.jetty.Parser
sun.reflect.FieldAccessor
sun.security.pkcs.ContentInfo
java.net.InetAddress[]
java.util.Arrays.ArrayList
org/mortbay/jetty/servlet/AbstractSessionManager$1
javax.crypto.SunJCE_i
java.text.DateFormat
java.security.SignatureException
java/lang/Class$4
java.util.concurrent.ConcurrentHashMap.HashEntry[]
sun.security.util.ManifestDigester
sun.security.util.ManifestDigester.Position
sun.security.util.ManifestDigester.Entry
java/io/FilePermission$1
java.net.JarURLConnection
sun.security.x509.CertificateIssuerName
java.util.zip.ZipInputStream
java.util.zip.CRC32
java.util.zip.ZipEntry
org.mortbay.jetty.security.DigestAuthenticator
sun.security.util.DerValue[]
java.io.Reader
org.mortbay.jetty.HttpParser.EventHandler
org.mortbay.jetty.HttpConnection.Output
org/mortbay/jetty/HttpConnection$1
java.io.ObjectStreamClass.EntryFuture
java.io.ObjectStreamClass.EntryFuture.1
org.mortbay.jetty.security.FormAuthenticator
java.util.LinkedList.Entry
java.lang.UnsupportedOperationException
sun.util.calendar.CalendarSystem
sun.util.calendar.JulianCalendar
sun.util.calendar.Era[]
java.security.cert.CertificateFactory
java.security.cert.CertificateFactorySpi
java.security.cert.Certificate
sun.security.jca.GetInstance.Instance
java.lang.IllegalThreadStateException
java.util.jar.JarInputStream
java.lang.Class.MethodArray
java.io.BufferedReader
java.util.AbstractCollection
java.util.concurrent.atomic.AtomicReferenceFieldUpdater.AtomicReferenceFieldUpdaterImpl
java.lang.IllegalAccessException
sun/text/Normalizer$1
java.security.BasicPermission
java.util.regex.Pattern.JavaTypeClass
java.lang.StringCoding.CharsetSD
sun.nio.cs.HistoricallyNamedCharset
java.lang.StringCoding.ConverterSD
sun.io.ByteToCharConverter
sun.nio.cs.US_ASCII.Decoder
java.security.cert.CRL
sun.nio.cs.StreamDecoder
org.mortbay.jetty.servlet.HashSessionManager.ClassLoadingObjectInputStream
java.util.LinkedHashSet
java.lang.reflect.Constructor[]
sun.text.Trie.DataManipulate
java.util.logging.LogManager
org.mortbay.jetty.HttpException
sun.misc.ProxyGenerator.ConstantPool.Entry
sun/misc/ProxyGenerator$1
sun.security.pkcs.PKCS7
java.lang.StringCoding.ConverterSE
sun.io.CharToByteConverter
java.lang.StringCoding.CharsetSE
java.io.PushbackInputStream
java.util.Collections.UnmodifiableMap.UnmodifiableEntrySet
java.util.Collections.UnmodifiableMap.UnmodifiableEntrySet.1
java.util.Collections.SynchronizedCollection
javax.servlet.http.HttpSessionBindingEvent
javax.servlet.http.HttpSessionAttributeListener
java.util.EmptyStackException
org.mortbay.jetty.HttpConnection.OutputWriter
sun.security.pkcs.PKCS9Attributes
sun.security.pkcs.PKCS9Attribute
sun.security.x509.X509CertImpl
sun.security.x509.X509CertInfo
sun.security.util.SignatureFileVerifier
java.nio.charset.MalformedInputException
java.io.WriteAbortedException
java.nio.charset.UnmappableCharacterException
java.security.MessageDigest.Delegate
java.security.MessageDigestSpi
sun.security.jca.ProviderList.ServiceList
java.lang.Number
java.util.HashMap.HashIterator
java.util.LinkedHashMap.LinkedHashIterator
java.util.concurrent.ConcurrentHashMap.HashIterator
java.util.jar.JarFile
javax.servlet.http.HttpServletRequest
javax.servlet.http.HttpServletResponse
java.io.StringWriter
org.mortbay.jetty.AbstractGenerator.OutputWriter
sun.text.NormalizerImpl.RecomposeArgs
sun.nio.cs.StreamDecoder.ConverterSD
java.nio.channels.FileChannel
sun.security.x509.X509AttributeName
org.mortbay.jetty.handler.HandlerWrapper
org.mortbay.jetty.Handler
java/io/ObjectStreamClass$1
org.mortbay.util.Utf8StringBuffer
sun.security.pkcs.ParsingException
java.util.concurrent.locks.ReentrantLock
java.util.concurrent.locks.ReentrantLock.Sync
java.io.ObjectOutputStream.ReplaceTable
org.mortbay.component.Container.Relationship
org.mortbay.io.bio.SocketEndPoint
javax.servlet.http.HttpSession
java.text.DigitList
sun.nio.cs.US_ASCII
sun/security/jca/Providers$1
java.text.MessageFormat
java.lang.StringBuffer[]
java.text.Format[]
java.text.ChoiceFormat
sun.nio.cs.ThreadLocalCoders.Cache
sun.text.NormalizerImpl.ComposePartArgs
java.util.concurrent.ConcurrentMap
org.mortbay.util.ByteArrayOutputStream2
sun.util.PreHashedMap
java.lang.NoSuchFieldException
java/net/ServerSocket$1
java.security.cert.X509Certificate
java.security.Principal[]
sun.nio.cs.StandardCharsets.Aliases
org.mortbay.jetty.servlet.Holder
java.util.Currency
java.lang.String[][]
java.util.concurrent.ConcurrentHashMap.EntryIterator
java.util.concurrent.ConcurrentHashMap.HashEntry
java.text.DictionaryBasedBreakIterator
sun.text.SupplementaryCharacterData
sun.text.CompactByteArray
java.util.HashMap.EntryIterator
java.util.jar.JarVerifier
java.security.CodeSigner[]
java.io.FileNotFoundException
javax.crypto.SunJCE_h
org.mortbay.component.LifeCycle
java.util.WeakHashMap.Entry
java.util.Collections.SingletonList
java.io.ObjectStreamException
sun.text.NormalizerImpl.DecomposeArgs
sun/text/NormalizerImpl$1
sun.nio.cs.StandardCharsets.Classes
sun.security.x509.X509Key
sun.security.jca.ProviderList.ServiceList.1
org.mortbay.io.nio.SelectChannelEndPoint
short[]
sun.security.pkcs.SignerInfo[]
java.net.Inet4Address
java/lang/String$1
java.text.AttributedCharacterIterator
java.security.PermissionCollection
org.mortbay.jetty.Handler[]
org.mortbay.thread.QueuedThreadPool.Lock
java.util.Vector[]
org.mortbay.jetty.security.DigestAuthenticator.Digest
org.mortbay.jetty.handler.AbstractHandlerContainer
org.mortbay.jetty.HandlerContainer
java.security.spec.InvalidKeySpecException
java/lang/ref/ReferenceQueue$1
java.net.NetworkInterface
sun.security.x509.OIDName
sun.misc.URLClassPath
org/mortbay/jetty/HttpFields$1
java.util.LinkedList.ListItr
java/util/SubList$1
sun.security.x509.URIName
sun.security.x509.EDIPartyName
sun.security.x509.DNSName
sun.security.x509.OtherName
sun.security.x509.RFC822Name
sun.security.x509.CertificateSerialNumber
java.util.Hashtable.Enumerator
javax.servlet.ServletResponse
java.util.concurrent.atomic.AtomicLong
java.lang.LinkageError
java.lang.ArithmeticException
java.util.LinkedHashMap.EntryIterator
sun.security.x509.RDN
sun.security.x509.RDN[]
java/lang/Class$3
java.util.TimerTask[]
java/text/RuleBasedBreakIterator$1
java.util.zip.InflaterInputStream
java.security.Signature
java/net/NetworkInterface$1checkedAddresses
java.util.TimerTask
org.mortbay.jetty.servlet.ErrorPageErrorHandler
javax.servlet.RequestDispatcher
javax.servlet.ServletException
org.mortbay.jetty.servlet.ErrorPageErrorHandler.ErrorCodeRange
java.util.WeakHashMap.Entry[]
org.mortbay.jetty.security.Credential
org.mortbay.jetty.servlet.PathMap
javax.servlet.FilterChain
javax.servlet.UnavailableException
org.mortbay.jetty.SessionManager
org.mortbay.jetty.security.SSORealm
java.net.URLClassLoader
java/net/URLClassLoader$1
java/net/Socket$2
java.io.FilterInputStream
sun.security.x509.CertificateValidity
java/lang/Package$1
java.nio.BufferOverflowException
java.nio.BufferUnderflowException
java.net.UnknownHostException
sun.security.x509.X509CRLEntryImpl
java.util.Collections.UnmodifiableMap.UnmodifiableEntrySet.UnmodifiableEntry
java.net.SocksSocketImpl
java.io.ObjectInputStream.ValidationList
java.util.Collections.SynchronizedSet
java.util.MissingResourceException
java.net.Inet6Address
java.util.ResourceBundle[]
sun.text.Trie
java.security.cert.Certificate[]
java.security.ProtectionDomain
java.lang.IllegalAccessError
java.util.LinkedHashMap.KeyIterator
org.mortbay.jetty.servlet.ServletMapping[]
java.util.Hashtable.ValueCollection
java.util.Hashtable.EntrySet
sun.security.x509.X509CRLImpl
org.mortbay.jetty.security.Password
java.io.Externalizable
java.io.ObjectOutputStream.PutFieldImpl
org/mortbay/resource/JarResource$1
org.mortbay.io.ByteArrayBuffer.CaseInsensitive
sun.net.spi.nameservice.NameService
sun.security.util.DerEncoder[]
sun.security.util.DerEncoder
sun.security.util.DerOutputStream[]
java.util.Collections.EmptySet.1
java.io.FilterOutputStream
java/util/Hashtable$1
org.mortbay.jetty.security.ClientCertAuthenticator
org.mortbay.jetty.security.BasicAuthenticator
org/mortbay/thread/QueuedThreadPool$1
sun.misc.CharacterDecoder
java.lang.IllegalMonitorStateException
java.security.InvalidAlgorithmParameterException
org.mortbay.jetty.servlet.FilterMapping
org.mortbay.jetty.servlet.FilterHolder
org.mortbay.jetty.servlet.ServletHandler.CachedChain
org.mortbay.jetty.servlet.ServletHandler.Chain
java.util.HashMap[]
java.util.jar.Manifest.FastInputStream
java.lang.Double
org.mortbay.jetty.servlet.Context
org.mortbay.jetty.servlet.Context.SContext
sun.security.x509.AVA[]
sun.security.x509.KeyUsageExtension
java.net.URL[]
sun.nio.cs.StreamEncoder.ConverterSE
sun/nio/cs/StreamEncoder$1
java.lang.StringCoding.StringDecoder
java/nio/charset/Charset$2
java.text.Format
org.mortbay.jetty.servlet.AbstractSessionManager.SessionIf
java.util.Collections.SynchronizedMap
java/lang/Thread$1
java.text.AttributedString.AttributeMap
java.util.AbstractList.ListItr
org/mortbay/component/Container$1
java.lang.ThreadDeath
java.security.Signature.CipherAdapter
org/mortbay/jetty/HttpFields$4
java.net.SocketAddress
javax.servlet.ServletRequestEvent
java/lang/SecurityManager$1
sun.security.x509.SubjectAlternativeNameExtension
javax.servlet.http.Cookie[]
java/net/Socket$1
java/util/Vector$1
java.nio.charset.spi.CharsetProvider
sun.security.x509.CRLExtensions
java.io.ObjectStreamClass.ClassDataSlot[]
java.io.ObjectStreamClass.ClassDataSlot
java.util.jar.JarException
java.util.PropertyPermission
sun.util.calendar.Era
java/util/ResourceBundle$1
java.security.AlgorithmParameters
java.security.AlgorithmParametersSpi
org.mortbay.jetty.webapp.Configuration
org.mortbay.jetty.webapp.Configuration[]
sun/security/jca/ProviderConfig$4
java.util.Collections.UnmodifiableSet
java.nio.charset.IllegalCharsetNameException
java/util/LinkedHashMap$1
org.mortbay.jetty.servlet.FilterHolder[]
org.mortbay.jetty.servlet.FilterMapping[]
org.mortbay.jetty.servlet.ServletHolder[]
java.io.UnsupportedEncodingException
sun.security.validator.EndEntityChecker
javax.servlet.ServletContextEvent
javax.servlet.ServletContextListener
java/io/ObjectStreamClass$2
java.io.ObjectStreamClass.FieldReflector
java.net.SocketImplFactory
sun/misc/URLClassPath$3
org.mortbay.jetty.servlet.ServletMapping
java.lang.Comparable
sun.text.NormalizerImpl.NextCCArgs
java.security.ProtectionDomain[]
java.security.DomainCombiner
sun.security.x509.CertificateX509Key
java.io.ObjectInputStream.CallbackContext
javax.crypto.spec.RC5ParameterSpec
javax.crypto.spec.RC2ParameterSpec
java.text.BreakDictionary
sun.misc.URLClassPath.Loader
sun.misc.Resource
sun.misc.ProxyGenerator.ExceptionTableEntry
javax.crypto.SunJCE_k[]
sun.text.NormalizerImpl.PrevArgs
java/lang/ThreadLocal$1
java.security.cert.CertificateEncodingException
java.io.CharConversionException
java/net/Socket$3
java.util.Properties.LineReader
java.lang.StringCoding.StringEncoder
sun.security.timestamp.TimestampToken
org.mortbay.jetty.MimeTypes
java.lang.InstantiationException
org.mortbay.jetty.security.Constraint
java/util/TimeZone$1
java.nio.charset.CoderResult.Cache
java.util.Collections.SingletonSet
sun.security.x509.CertificateSubjectUniqueIdentity
java/lang/Class$1
java.text.BreakIterator
sun.misc.ProxyGenerator.MethodInfo
javax.crypto.spec.PBEParameterSpec
sun.misc.CEStreamExhausted
java.security.AccessControlException
java/security/AccessControlContext$1
org/mortbay/util/IO$1
java.lang.Appendable
java.util.AbstractSequentialList
java.util.concurrent.locks.ReentrantLock.NonfairSync
sun.security.x509.CertificateIssuerUniqueIdentity
java/lang/StringCoding$1
org/mortbay/util/StringMap$1
javax.servlet.Filter
javax.servlet.http.HttpSessionBindingListener
java.util.Dictionary
org/mortbay/jetty/security/FormAuthenticator$1
org.mortbay.jetty.security.ConstraintMapping
sun.security.x509.CertificateAlgorithmId
java/lang/System$1
sun/nio/cs/StreamDecoder$1
sun.nio.cs.FastCharsetProvider
java.net.Parts
sun.security.x509.CertificateIssuerExtension
java.security.NoSuchProviderException
sun.misc.CEFormatException
java.security.KeyFactory
java.security.KeyFactorySpi
java.lang.Shutdown.WrappedHook
sun/nio/cs/StandardCharsets$1
sun/security/provider/NativePRNG$1
sun.security.pkcs.SigningCertificateInfo
javax.servlet.ServletRequestListener
java.util.EventListener
sun/security/jca/ProviderConfig$3
sun.nio.cs.StandardCharsets.Cache
javax.servlet.ServletInputStream
java.text.BreakIterator.BreakIteratorCache
java.security.SecureClassLoader
java.security.ProviderException
sun.security.pkcs.ESSCertId[]
java.text.AttributedCharacterIterator[]
org.mortbay.util.ajax.WaitingContinuation
java.nio.channels.spi.AbstractInterruptibleChannel
org.mortbay.jetty.HttpOnlyCookie
java.text.AttributedCharacterIterator.Attribute[]
java.security.spec.InvalidParameterSpecException
sun.misc.Launcher.ExtClassLoader.1
sun/security/jca/ProviderList$2
java/text/BreakDictionary$1
sun.text.NormalizerImpl.NextCombiningArgs
java/util/Collections$1
org/mortbay/jetty/Server$1
sun/security/jca/ProviderConfig$1
sun/util/calendar/ZoneInfoFile$1
org/mortbay/jetty/HttpFields$2
java/util/AbstractList$1
java.lang.SystemClassLoaderAction
javax.crypto.SunJCE_e
java/lang/ref/Reference$1
sun.security.x509.AlgorithmId[]
org/mortbay/jetty/Response$1
java/util/logging/LogManager$2
java.security.spec.KeySpec
sun.misc.FDBigInt[]
java.net.InetAddressContainer
sun.misc.ProxyGenerator.ConstantPool.ValueEntry
javax.servlet.http.HttpSessionActivationListener
java.lang.IncompatibleClassChangeError
sun.misc.Launcher.ExtClassLoader
javax.crypto.SunJCE_p
java.nio.charset.CharacterCodingException
java.util.RandomAccessSubList
java.io.DataInput
java/io/ObjectOutputStream$1
java.io.DataOutput
sun.security.action.PutAllAction
sun/text/resources/LocaleData$1
org.mortbay.jetty.security.UserRealm[]
java.security.cert.X509CRL[]
java.security.cert.X509CRL
java.io.ObjectInputValidation
java.io.ObjectInputStream.ValidationList.Callback
sun/misc/Launcher$1
java/nio/charset/Charset$3
java.util.Collections.UnmodifiableCollection
java.security.spec.X509EncodedKeySpec
java.security.spec.EncodedKeySpec
java.lang.VirtualMachineError
sun/security/jca/ProviderConfig$2
sun.misc.ProxyGenerator.FieldInfo
sun/security/jca/GetInstance$1
java/text/FieldPosition$1
java.nio.channels.ReadableByteChannel
