null
java.io.BufferedInputStream
java.io.PrintStream
byte[]
java.nio.charset.CodingErrorAction
java.io.OutputStreamWriter
java.lang.String
char[]
java.io.FileOutputStream
java.io.FileDescriptor
java.lang.ref.ReferenceQueue.Null
sun.nio.cs.UTF_8
java.lang.ref.WeakReference
java.lang.ref.ReferenceQueue.Lock
sun.nio.cs.Surrogate.Parser
java.nio.charset.CoderResult
sun.nio.cs.StreamEncoder.CharsetSE
java.lang.String[]
sun.nio.cs.UTF_8.Encoder
java.io.FileInputStream
java.nio.HeapByteBuffer
java.io.BufferedOutputStream
java.io.BufferedWriter
java.lang.Class
java.util.concurrent.atomic.AtomicReferenceFieldUpdater
java.lang.Object
java.io.FileSystem
java.lang.StringBuilder
sun.reflect.ReflectionFactory.GetReflectionFactoryAction
java.io.ObjectStreamField[]
sun.reflect.ReflectionFactory
int[]
java.lang.Boolean
java.lang.annotation.Annotation[]
java.util.HashMap
java.lang.Character.UnicodeBlock
java.lang.Character.UnicodeBlock[]
java.lang.AssertionError
char[][][]
char[][]
java.util.Vector
java.util.Stack
java.lang.ConditionalSpecialCasing.Entry
NULL_TYPE
java.util.Hashtable
java.lang.Integer
java.util.HashSet
java.lang.ConditionalSpecialCasing.Entry[]
java.lang.Integer[]
java.lang.Long
java.lang.Long[]
java.lang.Runtime
java.lang.ThreadGroup
java.lang.Shutdown.Lock
java.lang.String.CaseInsensitiveComparator
java.io.ObjectStreamField
java.lang.ThreadLocal
java.io.InputStream
java.lang.RuntimePermission
sun.misc.SoftCache
java.lang.StackTraceElement[]
java.lang.Thread
java.lang.Runnable
java.lang.ref.Reference.ReferenceHandler
java.lang.ref.Reference.Lock
java.lang.ref.Reference
java.lang.ref.ReferenceQueue
sun.misc.Cleaner
java.lang.reflect.ReflectPermission
java.lang.reflect.ReflectAccess
java.math.BigDecimal
java.math.BigInteger
long[]
java.math.BigInteger[]
java.math.BigDecimal[]
long[][]
sun.security.action.GetBooleanAction
sun.security.action.LoadLibraryAction
sun/net/InetAddressCachePolicy$1
sun.security.action.GetIntegerAction
sun/net/InetAddressCachePolicy$2
java.net.InetAddress.Cache
java.net.InetAddressImplFactory
java.net.InetAddressImpl
java/net/InetAddress$2
java/net/InetAddress$1
sun.security.action.GetPropertyAction
sun.misc.Unsafe
java.nio.ByteOrder
sun.nio.cs.StandardCharsets
java/nio/charset/CoderResult$1
java/nio/charset/CoderResult$2
sun.security.util.Debug
java.text.AttributedCharacterIterator.Attribute
java.lang.ref.SoftReference[]
java.text.DateFormat.Field
java.text.DateFormat.Field[]
java.text.FieldPosition[]
java.text.DontCareFieldPosition
java.text.MessageFormat.Field
java.text.NumberFormat.Field
java.util.Random
java.util.Collections.EmptySet
java.util.Collections.EmptyList
java.util.Collections.EmptyMap
java.util.Collections.ReverseComparator
java/util/Currency$1
sun.util.calendar.Gregorian
java.util.Hashtable.EmptyEnumerator
java.util.Hashtable.EmptyIterator
java.util.Locale
java.util.ResourceBundle.ResourceCacheKey
java.lang.InheritableThreadLocal
java.util.concurrent.atomic.AtomicInteger
java.util.concurrent.FutureTask
java.util.concurrent.FutureTask.Sync
java.util.concurrent.ThreadPoolExecutor.Worker
java.util.concurrent.ThreadPoolExecutor
java.util.concurrent.ThreadPoolExecutor.AbortPolicy
java.lang.Runnable[]
java.util.concurrent.TimeUnit
java.util.concurrent.TimeUnit[]
java.lang.reflect.Field
java.lang.Error
java.util.concurrent.locks.AbstractQueuedSynchronizer.Node
java.util.logging.Level
java.util.ArrayList
java/util/logging/LogManager$1
java.util.logging.Handler[]
java.util.logging.Logger
java.util.regex.Pattern.Category
java.util.regex.Pattern.Range
java.util.regex.Pattern.All
java.util.regex.Pattern.Ctype
java.util.regex.Pattern.JavaLowerCase
java.util.regex.Pattern.JavaUpperCase
java.util.regex.Pattern.JavaTitleCase
java.util.regex.Pattern.JavaDigit
java.util.regex.Pattern.JavaDefined
java.util.regex.Pattern.JavaLetter
java.util.regex.Pattern.JavaLetterOrDigit
java.util.regex.Pattern.JavaJavaIdentifierStart
java.util.regex.Pattern.JavaJavaIdentifierPart
java.util.regex.Pattern.JavaUnicodeIdentifierStart
java.util.regex.Pattern.JavaUnicodeIdentifierPart
java.util.regex.Pattern.JavaIdentifierIgnorable
java.util.regex.Pattern.JavaSpaceChar
java.util.regex.Pattern.JavaWhitespace
java.util.regex.Pattern.JavaISOControl
java.util.regex.Pattern.JavaMirrored
java.util.regex.Pattern.Node
java.util.regex.Pattern.LastNode
java.util.zip.Inflater
java.util.zip.ZipFile.ZipCloser
java.util.zip.ZipFile
java.util.Properties
javax.xml.parsers.SecuritySupport
javax.xml.transform.SecuritySupport
net.sourceforge.pmd.Language
java.util.concurrent.ExecutorService
net.sourceforge.pmd.SourceFileSelector
java.io.File
net.sourceforge.pmd.util.FileFinder
net.sourceforge.pmd.cpd.SourceFileOrDirectoryFilter
java.util.List
java.util.Iterator
net.sourceforge.pmd.FileDataSource
java.util.Enumeration
java.util.zip.ZipEntry
net.sourceforge.pmd.ZipDataSource
java.lang.RuntimeException
java.util.StringTokenizer
java.lang.ClassLoader
net.sourceforge.pmd.util.ClasspathClassLoader
net.sourceforge.pmd.CommandLineOptions
net.sourceforge.pmd.renderers.Renderer
java.util.LinkedList
java.io.FileWriter
net.sourceforge.pmd.RuleContext
net.sourceforge.pmd.RuleSetFactory
net.sourceforge.pmd.RuleSets
net.sourceforge.pmd.SourceType
net.sourceforge.pmd.SourceType[]
net.sourceforge.pmd.util.ConsoleLogHandler
net.sourceforge.pmd.ScopedLogHandlersManager
java.util.Set
net.sourceforge.pmd.Rule
net/sourceforge/pmd/PMD$1
net.sourceforge.pmd.PMD
net.sourceforge.pmd.DataSource
net.sourceforge.pmd.Report
net.sourceforge.pmd.Report.ProcessingError
java.lang.Throwable
net.sourceforge.pmd.PMD.PmdThreadFactory
java.util.concurrent.Future
java.lang.IllegalStateException
net.sourceforge.pmd.PMD.PmdRunnable
net.sourceforge.pmd.RuleViolation.RuleViolationComparator
net.sourceforge.pmd.util.TypeMap
java.lang.Class[]
net.sourceforge.pmd.Language[]
java.util.Map
net.sourceforge.pmd.dfa.SequenceChecker.Status
net.sourceforge.pmd.sourcetypehandlers.Java13Handler
net.sourceforge.pmd.sourcetypehandlers.Java14Handler
net.sourceforge.pmd.sourcetypehandlers.Java15Handler
net.sourceforge.pmd.sourcetypehandlers.Java16Handler
net.sourceforge.pmd.sourcetypehandlers.Java17Handler
net.sourceforge.pmd.sourcetypehandlers.JspTypeHandler
net.sourceforge.pmd.sourcetypehandlers.SourceTypeHandler[]
net/sourceforge/pmd/sourcetypehandlers/VisitorStarter$1
net/sourceforge/pmd/symboltable/ClassScope$1
net.sourceforge.pmd.util.PmdLogFormatter
org.objectweb.asm.Type
java.lang.ref.SoftReference[][]
sun/misc/FloatingDecimal$1
java.util.regex.Pattern
double[]
float[]
sun.misc.Launcher.Factory
sun.misc.Launcher
sun/nio/cs/ThreadLocalCoders$1
sun/nio/cs/ThreadLocalCoders$2
java.security.AllPermission
java.awt.AWTPermission
java.net.NetPermission
java.security.SecurityPermission
java.net.SocketPermission
javax.security.auth.AuthPermission
sun.text.Normalizer.Mode
sun.text.Normalizer.NFDMode
sun.text.Normalizer.NFKDMode
sun.text.Normalizer.NFCMode
sun.text.Normalizer.NFKCMode
sun.text.Normalizer.FCDMode
sun.text.Normalizer.QuickCheckResult
sun.text.NormalizerImpl
net.sourceforge.pmd.ast.JavaParserTokenManager
net.sourceforge.pmd.ast.CharStream
sun.misc.SoftCache.ValueCell
org.objectweb.asm.ClassReader
java.lang.AbstractStringBuilder
java.text.FieldPosition
java.util.HashMap.Entry
java.util.HashMap.Entry[]
java.util.TreeMap
javax.xml.transform.FactoryFinder.ConfigurationError
java.lang.Exception
java.util.TimeZone
java.util.Collection
net.sourceforge.pmd.util.Benchmark.BenchmarkResult
java.lang.StringBuffer
java.lang.Double
java.lang.Object[]
java.io.File[]
sun.misc.Launcher.AppClassLoader.1
sun.misc.Launcher.AppClassLoader
net.sourceforge.pmd.typeresolution.visitors.PMDASMVisitor
org.objectweb.asm.signature.SignatureReader
org.objectweb.asm.signature.SignatureVisitor
java.util.LinkedList.Entry
sun.util.calendar.CalendarDate
net.sourceforge.pmd.ast.JavaParser
net.sourceforge.pmd.ast.Token
net.sourceforge.pmd.dfa.report.ViolationNode
net.sourceforge.pmd.IRuleViolation
java.lang.StringIndexOutOfBoundsException
net.sourceforge.pmd.ast.ASTExpression
net.sourceforge.pmd.ast.JJTJavaParserState
net.sourceforge.pmd.ast.Node
net.sourceforge.pmd.ast.ParseException
java.lang.NullPointerException
java.lang.ArrayIndexOutOfBoundsException
net.sourceforge.pmd.ast.JavaParser.JJCalls[]
net.sourceforge.pmd.ast.JavaParser.JJCalls
java.lang.ThreadLocal.ThreadLocalMap
java.lang.ThreadLocal.ThreadLocalMap.Entry
java.lang.ThreadLocal.ThreadLocalMap.Entry[]
net.sourceforge.pmd.ast.SimpleJavaTypeNode
java.net.MalformedURLException
javax/xml/transform/SecuritySupport$2
net.sourceforge.pmd.jsp.ast.JspParserTokenManager
java.text.DigitList
net.sourceforge.pmd.ast.SimpleNode
net.sourceforge.pmd.ast.Node[]
net.sourceforge.pmd.dfa.DataFlowNode
sun.util.calendar.ZoneInfo
java.lang.IndexOutOfBoundsException
java.util.ResourceBundle.LoaderReference
java.util.Comparator
java.util.AbstractSequentialList
java.util.ListIterator
net.sourceforge.pmd.jsp.ast.JJTJspParserState
net.sourceforge.pmd.jsp.ast.Node
java.text.StringCharacterIterator
net.sourceforge.pmd.RuleReference
net.sourceforge.pmd.ast.ASTLiteral
sun.nio.cs.StreamEncoder
java.util.ResourceBundle
java.util.MissingResourceException
java.util.PropertyResourceBundle
java.io.Writer
java.io.StringWriter
java.util.AbstractList.Itr
java.util.AbstractList
java.util.concurrent.locks.ReentrantLock.Sync
net.sourceforge.pmd.AbstractDelegateRule
sun.nio.cs.StreamDecoder.CharsetSD
java.nio.charset.Charset
java.nio.charset.CharsetDecoder
java.nio.Buffer
java.text.SimpleDateFormat
java.util.Date
java.text.Format.FieldDelegate
java.util.SubList
java.util.HashMap.Values
java.net.URI.Parser
java.util.regex.Matcher
java.lang.CharSequence
net.sourceforge.pmd.typeresolution.visitors.PMDASMVisitor.PMDMethodVisitor
org.objectweb.asm.Label
java.util.HashMap.KeySet
net.sourceforge.pmd.RuleSet
net.sourceforge.pmd.symboltable.DummyScope
net.sourceforge.pmd.symboltable.NameOccurrence
net.sourceforge.pmd.symboltable.AbstractScope
net.sourceforge.pmd.symboltable.NameDeclaration
net.sourceforge.pmd.typeresolution.ClassTypeResolver
net.sourceforge.pmd.ast.TypeNode
net.sourceforge.pmd.typeresolution.PMDASMClassLoader
net.sourceforge.pmd.jsp.ast.ParseException
net.sourceforge.pmd.ast.JavaParserVisitorAdapter
net.sourceforge.pmd.ast.SimpleJavaNode
net/sourceforge/pmd/ast/JavaRuleChainVisitor$1
net.sourceforge.pmd.ast.JavaRuleChainVisitor
net.sourceforge.pmd.jsp.ast.JspParser
net.sourceforge.pmd.jsp.ast.Token
net.sourceforge.pmd.ast.JavaParser.LookaheadSuccess
net.sourceforge.pmd.symboltable.VariableUsageFinderFunction
net.sourceforge.pmd.symboltable.VariableNameDeclaration
java.text.FieldPosition.Delegate
java.text.Format.Field
java/text/DontCareFieldPosition$1
java.text.CharacterIteratorFieldDelegate
java.lang.IllegalArgumentException
java.lang.SecurityManager
java.util.regex.Pattern.NotSingle
java.util.regex.Pattern.TreeInfo
java.util.regex.Pattern.Dollar
java.util.regex.Pattern.NotRange
java.util.regex.Pattern.NotCtype
java.util.regex.Pattern.Prolog
java.util.regex.Pattern.Loop
java.util.regex.Pattern.Not
java.util.regex.Pattern.Ques
java.util.regex.Pattern.BitClass
java.util.regex.Pattern.Add
java.util.regex.Pattern.Start
java.util.regex.Pattern.Curly
java.util.regex.Pattern.BnM
java.util.regex.Pattern.SingleU
java.util.regex.Pattern.SingleA
java.util.regex.Pattern.Slice
java.util.regex.Pattern.CIBackRef
java.util.regex.Pattern.Both
java.util.regex.Pattern.SliceA
java.util.regex.Pattern.Dot
java.util.regex.Pattern.NotSingleU
java.util.regex.Pattern.UBlock
java.util.regex.Pattern.NotSingleA
java.util.regex.Pattern.LazyLoop
java.util.regex.Pattern.GroupCurly
java.util.regex.Pattern.UnixDot
java.util.regex.Pattern.BackRef
java.util.regex.Pattern.Single
java.util.regex.Pattern.SliceU
java.util.regex.Pattern.Sub
java.util.regex.Pattern.UnixDollar
java.util.regex.Pattern.Branch
net.sourceforge.pmd.typeresolution.TypeResolutionFacade
net.sourceforge.pmd.jsp.ast.CharStream
net.sourceforge.pmd.ast.ASTAnnotation
net.sourceforge.pmd.ast.ASTUnaryExpressionNotPlusMinus
java.util.regex.PatternSyntaxException
net.sourceforge.pmd.symboltable.ScopeAndDeclarationFinder
net.sourceforge.pmd.symboltable.SourceFileScope
sun.text.NormalizerImpl.DecomposeArgs
sun/text/NormalizerImpl$1
net.sourceforge.pmd.ast.ASTMemberValuePairs
java.util.Hashtable.Entry
java.util.Hashtable.Entry[]
java.text.RuleBasedBreakIterator
java.util.LinkedList.ListItr
java.util.NoSuchElementException
java/util/SubList$1
net/sourceforge/pmd/sourcetypehandlers/JspTypeHandler$1
net.sourceforge.pmd.parsers.Java17Parser
net.sourceforge.pmd.parsers.Java16Parser
net.sourceforge.pmd.parsers.Java15Parser
net.sourceforge.pmd.parsers.Java13Parser
net.sourceforge.pmd.parsers.Java14Parser
java.util.Calendar
java.util.concurrent.LinkedBlockingQueue
java.util.concurrent.locks.ReentrantLock
java.util.concurrent.locks.Condition
java.nio.charset.CharsetEncoder
java.nio.CharBuffer
java.nio.ByteBuffer
java.nio.charset.CoderMalfunctionError
java.math.MutableBigInteger
java.util.concurrent.locks.AbstractQueuedSynchronizer
org.objectweb.asm.AnnotationVisitor
net.sourceforge.pmd.typeresolution.visitors.PMDASMVisitor.PMDAnnotationVisitor
net.sourceforge.pmd.dfa.Structure
net.sourceforge.pmd.dfa.StartOrEndDataFlowNode
java.util.concurrent.locks.ReentrantLock.NonfairSync
java.util.HashMap.KeyIterator
java.util.LinkedHashMap.KeyIterator
java.util.LinkedHashMap.Entry
net.sourceforge.pmd.renderers.AbstractRenderer
java.text.AttributedString
java.text.AttributedCharacterIterator.Attribute[]
java.text.AttributedString.AttributedStringIterator
java.lang.SecurityException
java.lang.reflect.Constructor
java.lang.ref.SoftReference
sun.reflect.generics.repository.ClassRepository
sun.reflect.annotation.AnnotationType
java.io.OutputStream
java.nio.channels.WritableByteChannel
java.security.Permission
net.sourceforge.pmd.ast.ASTNameList
java.nio.StringCharBuffer
java.net.URI
java.util.BitSet
net.sourceforge.pmd.ast.ASTMethodDeclarator
net.sourceforge.pmd.ast.JavaCharStream
java.text.DecimalFormatSymbols
java.util.ConcurrentModificationException
java.util.SimpleTimeZone
net/sourceforge/pmd/jsp/ast/JspRuleChainVisitor$1
net.sourceforge.pmd.jsp.ast.SimpleNode
net.sourceforge.pmd.jsp.ast.JspRuleChainVisitor
net.sourceforge.pmd.jsp.ast.JspParser.JJCalls[]
net.sourceforge.pmd.jsp.ast.JspParser.JJCalls
net.sourceforge.pmd.ExternalRuleID
java.util.regex.Pattern.End
java.util.regex.Pattern.Behind
java.util.regex.Pattern.Bound
java.util.regex.Pattern.Dummy
java.util.regex.Pattern.NotBehind
java.util.regex.Pattern.Caret
java.util.regex.Pattern.SliceS
java.util.regex.Pattern.UnixCaret
java.util.regex.Pattern.CINotRange
java.util.regex.Pattern.BehindS
java.util.regex.Pattern.CIRange
java.util.regex.Pattern.BnMS
java.util.regex.Pattern.Pos
java.util.regex.Pattern.GroupHead
java.util.regex.Pattern.NotBehindS
java.util.regex.Pattern.StartS
java.util.regex.Pattern.Begin
java.util.regex.Pattern.Neg
java.util.regex.Pattern.GroupTail
java.util.regex.Pattern.LastMatch
java.security.AccessControlContext
sun.nio.ch.Interruptible
java.lang.Thread.UncaughtExceptionHandler
net.sourceforge.pmd.util.filter.Filter
sun.text.IntTrie
java.net.InetAddress
java.text.RuleBasedBreakIterator.SafeCharIterator
java.text.CharacterIterator
net.sourceforge.pmd.ast.ASTCompilationUnit
java.text.NumberFormat
net.sourceforge.pmd.renderers.PapariTextRenderer
net.sourceforge.pmd.jsp.ast.ASTContent
java.security.ProtectionDomain[]
java.security.ProtectionDomain
sun.nio.cs.US_ASCII.Encoder
sun/nio/cs/US_ASCII$1
net.sourceforge.pmd.renderers.IDEAJRenderer
net.sourceforge.pmd.renderers.EmacsRenderer
net.sourceforge.pmd.renderers.HTMLRenderer
net.sourceforge.pmd.renderers.TextRenderer
net.sourceforge.pmd.renderers.VBHTMLRenderer
net.sourceforge.pmd.renderers.CSVRenderer
net.sourceforge.pmd.renderers.XMLRenderer
java.lang.reflect.Field[]
net.sourceforge.pmd.ast.ASTResultType
net.sourceforge.pmd.util.filter.OrFilter
net.sourceforge.pmd.typeresolution.visitors.PMDASMVisitor.PMDSignatureVisitor
net.sourceforge.pmd.AbstractRuleChainVisitor
net.sourceforge.pmd.symboltable.MethodScope
net.sourceforge.pmd.symboltable.ImageFinderFunction
net.sourceforge.pmd.renderers.XSLTRenderer
javax.xml.transform.TransformerFactory
javax.xml.transform.stream.StreamSource
javax.xml.transform.Transformer
net.sourceforge.pmd.symboltable.ClassScope
java.util.TreeMap.Entry
net.sourceforge.pmd.ast.ASTConditionalExpression
java.nio.HeapCharBuffer
java.util.concurrent.BlockingQueue
java.nio.ReadOnlyBufferException
java.lang.UnsupportedOperationException
java.util.concurrent.Executors.DefaultThreadFactory
java.lang.NumberFormatException
net.sourceforge.pmd.symboltable.Scope
net.sourceforge.pmd.ast.ASTName
sun.misc.Launcher.ExtClassLoader.1
net.sourceforge.pmd.ast.ASTMethodDeclaration
net.sourceforge.pmd.symboltable.MethodNameDeclaration
net.sourceforge.pmd.dfa.DataFlowFacade
net.sourceforge.pmd.dfa.StatementAndBraceFinder
net.sourceforge.pmd.dfa.variableaccess.VariableAccessVisitor
net.sourceforge.pmd.ast.ASTBreakStatement
java.net.URISyntaxException
net.sourceforge.pmd.dfa.report.ReportTree
java.util.HashMap.EntrySet
javax.xml.transform.stream.StreamResult
net.sourceforge.pmd.ast.ASTStatementExpressionList
java.io.IOException
java.lang.NoSuchFieldException
net.sourceforge.pmd.dfa.IDataFlowNode
net.sourceforge.pmd.dfa.StackObject
net.sourceforge.pmd.jsp.ast.TokenMgrError
java.text.BreakDictionary
java/text/BreakDictionary$1
java.lang.InternalError
sun.text.SupplementaryCharacterData
sun.text.CompactByteArray
short[]
java.io.BufferedReader
java.io.Reader
net.sourceforge.pmd.symboltable.AbstractNameDeclaration
javax/xml/parsers/SecuritySupport$1
net.sourceforge.pmd.ast.ASTBlock
java.util.HashMap.ValueIterator
java/util/HashMap$1
org.objectweb.asm.Attribute
java.util.Collections.UnmodifiableMap.UnmodifiableEntrySet.1
java.util.Collections.UnmodifiableMap.UnmodifiableEntrySet.UnmodifiableEntry
java.util.Map.Entry
net.sourceforge.pmd.jsp.ast.ASTCData
java.util.AbstractCollection
net.sourceforge.pmd.ast.ASTConditionalOrExpression
java/lang/Shutdown$1
java.net.URL
java.io.InputStreamReader
net.sourceforge.pmd.sourcetypehandlers.JavaTypeHandler
sun.util.BuddhistCalendar
java.util.GregorianCalendar
sun.util.calendar.BaseCalendar.Date
sun.util.calendar.BaseCalendar
net.sourceforge.pmd.symboltable.ClassNameDeclaration
net.sourceforge.pmd.ast.ASTPrimaryPrefix
net.sourceforge.pmd.ast.SimpleJavaAccessNode
net.sourceforge.pmd.ast.ASTMultiplicativeExpression
sun.misc.FDBigInt
sun.misc.FloatingDecimal
net.sourceforge.pmd.symboltable.NameFinder
java.nio.charset.MalformedInputException
java.nio.charset.UnmappableCharacterException
java.text.DecimalFormat
net.sourceforge.pmd.ast.ASTArguments
sun.util.calendar.AbstractCalendar
java.util.concurrent.AbstractExecutorService
net.sourceforge.pmd.jsp.ast.JspParser.LookaheadSuccess
net.sourceforge.pmd.jsp.ast.JspParserVisitorAdapter
net.sourceforge.pmd.jsp.ast.ASTJspDirective
sun.util.calendar.Gregorian.Date
net.sourceforge.pmd.ast.ASTClassOrInterfaceBodyDeclaration
java.util.ResourceBundleEnumeration
net.sourceforge.pmd.util.filter.RegexStringFilter
net.sourceforge.pmd.util.filter.NotFilter
java.util.AbstractSet
java.lang.StackTraceElement
java.lang.Character.Subset
net.sourceforge.pmd.RuleSetReference
java.util.LinkedHashSet
net.sourceforge.pmd.ast.ASTEnumBody
java.util.HashMap.EntryIterator
net.sourceforge.pmd.PMDException
sun.text.NormalizerImpl.NextCombiningArgs
net.sourceforge.pmd.ast.ASTExtendsList
net.sourceforge.pmd.ast.ASTAndExpression
java/util/TreeMap$1
net.sourceforge.pmd.dfa.Linker
net.sourceforge.pmd.util.filter.AbstractCompoundFilter
net.sourceforge.pmd.util.filter.Filter[]
net.sourceforge.pmd.dfa.SequenceChecker
net.sourceforge.pmd.ast.ASTFormalParameter
java.lang.ClassCastException
javax.xml.parsers.FactoryConfigurationError
java.net.URLStreamHandler
net.sourceforge.pmd.ast.ASTAnnotationTypeMemberDeclaration
java.util.AbstractMap
java.util.regex.Pattern.JavaTypeClass
java.security.BasicPermission
java.util.HashMap.HashIterator
java.util.LinkedHashMap.LinkedHashIterator
java.util.LinkedHashMap
java.util.concurrent.atomic.AtomicReferenceFieldUpdater.AtomicReferenceFieldUpdaterImpl
net.sourceforge.pmd.dfa.report.PackageNode
net.sourceforge.pmd.util.UnaryFunction
net.sourceforge.pmd.dfa.report.AbstractReportNode
net.sourceforge.pmd.jsp.ast.ASTUnparsedText
java/util/Collections$1
sun.util.PreHashedMap
java.nio.charset.UnsupportedCharsetException
java.util.TreeSet
net.sourceforge.pmd.ast.ASTPrimitiveType
org.objectweb.asm.ClassVisitor
org.objectweb.asm.Attribute[]
java.io.FilePermission
net.sourceforge.pmd.ast.AccessNode
net/sourceforge/pmd/sourcetypehandlers/JavaTypeHandler$3
sun.util.calendar.Era
java/text/BreakIterator$1
net.sourceforge.pmd.jsp.ast.ASTDeclaration
java.io.FileNotFoundException
sun.nio.cs.StandardCharsets.Aliases
sun.nio.cs.StandardCharsets.Classes
sun.nio.cs.StandardCharsets.Cache
java.util.Collections.EmptySet.1
java.net.InetAddress.CacheEntry
org.w3c.dom.Document
javax.xml.transform.dom.DOMSource
net.sourceforge.pmd.renderers.OnTheFlyRenderer
byte[][]
java.net.InetAddress[]
net.sourceforge.pmd.jsp.ast.ASTAttributeValue
net.sourceforge.pmd.stat.Metric
net.sourceforge.pmd.ReportListener
net.sourceforge.pmd.jsp.ast.ASTText
java.util.regex.Pattern.GroupHead[]
java.util.TreeMap.KeyIterator
net.sourceforge.pmd.renderers.SummaryHTMLRenderer
java.text.AttributedCharacterIterator
net.sourceforge.pmd.ast.ASTEnumDeclaration
java.net.URLStreamHandlerFactory
org.objectweb.asm.Label[]
net.sourceforge.pmd.ast.ASTAssignmentOperator
net/sourceforge/pmd/jsp/ast/JspParser$1
net.sourceforge.pmd.ast.ASTAdditiveExpression
sun.util.calendar.JulianCalendar
net.sourceforge.pmd.symboltable.SymbolFacade
net.sourceforge.pmd.symboltable.OccurrenceFinder
net.sourceforge.pmd.ast.ASTImplementsList
net.sourceforge.pmd.dfa.report.ReportTree.TreeIterator
net.sourceforge.pmd.ast.ASTStatement
net.sourceforge.pmd.ast.ASTSwitchLabel
java.net.Inet6Address
java.util.concurrent.ThreadFactory
org.w3c.dom.Node
org.w3c.dom.NodeList
java.nio.BufferOverflowException
java.nio.BufferUnderflowException
java.util.Collections.UnmodifiableMap
javax/xml/transform/SecuritySupport$3
net.sourceforge.pmd.ast.ASTPackageDeclaration
net.sourceforge.pmd.ast.ASTTypeParameters
net.sourceforge.pmd.ast.ASTClassOrInterfaceType
java/io/FilePermission$1
java.net.URLClassLoader
java.net.URL[]
sun.misc.URLClassPath
net.sourceforge.pmd.jsp.ast.ASTJspComment
net.sourceforge.pmd.ast.ASTWhileStatement
java.lang.Short
java.lang.Character
java.lang.Byte
boolean[]
net.sourceforge.pmd.ast.ASTImportDeclaration
javax.xml.parsers.FactoryFinder.ConfigurationError
java.util.Hashtable.Enumerator
net.sourceforge.pmd.ast.ASTSwitchStatement
java.lang.Float
sun.text.NormalizerImpl.PrevArgs
java.util.concurrent.locks.AbstractQueuedSynchronizer.ConditionObject
java.lang.IllegalMonitorStateException
sun.nio.cs.StreamDecoder
net.sourceforge.pmd.symboltable.LocalScope
sun.util.calendar.CalendarSystem
sun.util.calendar.Era[]
java.nio.charset.CoderResult.Cache
java.lang.IllegalThreadStateException
net.sourceforge.pmd.ast.ASTPrimaryExpression
net.sourceforge.pmd.jsp.ast.StartAndEndTagMismatchException
net.sourceforge.pmd.ast.TokenMgrError
java.lang.IllegalAccessException
sun/text/Normalizer$1
net.sourceforge.pmd.ast.ASTMarkerAnnotation
java.lang.Package
java.lang.StringCoding.CharsetSD
sun.nio.cs.HistoricallyNamedCharset
java.lang.StringCoding.ConverterSD
sun.io.ByteToCharConverter
sun.nio.cs.US_ASCII.Decoder
net.sourceforge.pmd.ast.ASTEmptyStatement
net.sourceforge.pmd.ast.ASTArrayDimsAndInits
sun.nio.cs.ThreadLocalCoders.Cache
net.sourceforge.pmd.jsp.ast.ASTJspDirectiveAttribute
java.lang.reflect.Constructor[]
net.sourceforge.pmd.jsp.ast.ASTValueBinding
sun.text.Trie.DataManipulate
java.util.logging.LogManager
java.text.AttributeEntry
net.sourceforge.pmd.ast.ASTFormalParameters
net.sourceforge.pmd.ast.ASTType
java.util.TreeMap.PrivateEntryIterator
java.lang.StringCoding.ConverterSE
sun.io.CharToByteConverter
java.lang.StringCoding.CharsetSE
net.sourceforge.pmd.ast.ASTExclusiveOrExpression
java.util.EmptyStackException
java.text.AttributedString.AttributeMap
net.sourceforge.pmd.ast.ASTForUpdate
java.lang.Number
java.util.concurrent.RejectedExecutionException
net.sourceforge.pmd.jsp.ast.ASTElement
net.sourceforge.pmd.ast.JavaParserVisitor
sun.text.NormalizerImpl.RecomposeArgs
sun.nio.cs.StreamDecoder.ConverterSD
java.net.Inet4Address
sun/util/calendar/ZoneInfoFile$1
java.io.EOFException
net.sourceforge.pmd.renderers.IDEAJRenderer.SourcePath
java/util/zip/ZipFile$3
net.sourceforge.pmd.ast.SimpleJavaAccessTypeNode
net/sourceforge/pmd/dfa/report/ReportTree$1
net.sourceforge.pmd.ast.ASTClassOrInterfaceDeclaration
net.sourceforge.pmd.ast.ASTPrimarySuffix
java.io.FilterInputStream
java.text.MessageFormat
java.lang.StringBuffer[]
sun.nio.cs.US_ASCII
java.text.Format[]
java.text.ChoiceFormat
java.text.DateFormat
net.sourceforge.pmd.ast.ASTForStatement
java/util/AbstractList$1
net.sourceforge.pmd.ast.ASTTypeArguments
java.lang.SystemClassLoaderAction
net.sourceforge.pmd.ast.ASTArgumentList
sun.text.NormalizerImpl.ComposePartArgs
net.sourceforge.pmd.jsp.ast.ASTJspExpressionInAttribute
net.sourceforge.pmd.ast.ASTPreDecrementExpression
net.sourceforge.pmd.ast.ASTTypeDeclaration
net.sourceforge.pmd.ast.ASTDefaultValue
net.sourceforge.pmd.dfa.report.ClassNode
net.sourceforge.pmd.ast.ASTRUNSIGNEDSHIFT
net.sourceforge.pmd.ast.ASTThrowStatement
net.sourceforge.pmd.ast.ASTIfStatement
net.sourceforge.pmd.PMD.PmdThread
java.util.zip.ZipException
java.io.UnsupportedEncodingException
java.util.Currency
java.lang.String[][]
net.sourceforge.pmd.sourcetypehandlers.SourceTypeHandler
java.text.DictionaryBasedBreakIterator
java.util.zip.ZipFile.MappedZipFileInputStream
java.nio.MappedByteBuffer
java.nio.channels.FileChannel
javax/xml/parsers/SecuritySupport$5
net/sourceforge/pmd/ast/JavaParser$1
java.util.concurrent.CancellationException
java.util.Arrays.ArrayList
net.sourceforge.pmd.SourceTypeDiscoverer
net.sourceforge.pmd.ast.ASTBlockStatement
net.sourceforge.pmd.ast.ASTVariableInitializer
net.sourceforge.pmd.ast.ASTRelationalExpression
net.sourceforge.pmd.ast.ASTClassOrInterfaceBody
java.util.concurrent.RejectedExecutionHandler
net.sourceforge.pmd.RuleSetNotFoundException
java.nio.charset.spi.CharsetProvider
net.sourceforge.pmd.Report.SuppressedViolation
net.sourceforge.pmd.ast.ASTVariableDeclaratorId
net.sourceforge.pmd.dfa.variableaccess.VariableAccess
net.sourceforge.pmd.ast.ASTContinueStatement
java/lang/String$1
net.sourceforge.pmd.ast.ASTVariableDeclarator
java.util.Vector[]
net.sourceforge.pmd.ast.ASTReturnStatement
java.text.BreakIterator.BreakIteratorCache
java/util/LinkedHashMap$1
net.sourceforge.pmd.ast.ASTPostfixExpression
net.sourceforge.pmd.ast.ASTUnaryExpression
java.lang.ClassNotFoundException
net.sourceforge.pmd.ast.ASTSingleMemberAnnotation
org.objectweb.asm.FieldVisitor
org.objectweb.asm.MethodVisitor
org.objectweb.asm.MethodWriter
java/util/zip/ZipFile$2
java.util.zip.ZipFile.ZipFileInputStream
sun.reflect.ConstructorAccessor
net/sourceforge/pmd/util/filter/Filters$1
java.text.DateFormatSymbols
net.sourceforge.pmd.ast.ASTForInit
net.sourceforge.pmd.ast.ASTSynchronizedStatement
java/lang/ref/ReferenceQueue$1
java.net.NetworkInterface
net.sourceforge.pmd.jsp.ast.ASTAttribute
net.sourceforge.pmd.RuleChain
net.sourceforge.pmd.RuleChainVisitor
net.sourceforge.pmd.ast.ASTAllocationExpression
javax.xml.parsers.DocumentBuilderFactory
org.objectweb.asm.Type[]
sun/nio/cs/StreamDecoder$1
net.sourceforge.pmd.ast.ASTCastExpression
net.sourceforge.pmd.jsp.ast.ASTCompilationUnit
net.sourceforge.pmd.ast.ASTTypeParameter
net.sourceforge.pmd.ast.ASTEnumConstant
net.sourceforge.pmd.ast.ASTAnnotationTypeDeclaration
java.lang.ArithmeticException
java/util/Vector$1
java.text.Format
java/text/RuleBasedBreakIterator$1
javax/xml/parsers/SecuritySupport$2
java.lang.InterruptedException
java/net/NetworkInterface$1checkedAddresses
net.sourceforge.pmd.ast.ASTConstructorDeclaration
java/util/zip/ZipFile$1
java.util.Collections.UnmodifiableMap.UnmodifiableEntrySet
java.lang.StringCoding.StringEncoder
net.sourceforge.pmd.ast.ASTConditionalAndExpression
java/net/URLClassLoader$1
java.util.PropertyPermission
java.util.logging.ErrorManager
net.sourceforge.pmd.ast.ASTCatchStatement
java/lang/Package$1
java.util.concurrent.ExecutionException
java.net.UnknownHostException
java/lang/ref/Reference$1
java.io.FilenameFilter
java.lang.Enum
java.util.AbstractList.ListItr
java.util.Collections.SynchronizedSet
net.sourceforge.pmd.ast.ASTMemberValuePair
net.sourceforge.pmd.ast.ASTRSIGNEDSHIFT
java/util/logging/LogManager$2
java.util.zip.InflaterInputStream
net.sourceforge.pmd.ast.ASTAnnotationTypeBody
java.util.ResourceBundle[]
java.text.BreakIterator
sun.text.Trie
net.sourceforge.pmd.symboltable.Search
org.w3c.dom.Element
net.sourceforge.pmd.jsp.ast.ASTJspScriptlet
net.sourceforge.pmd.jsp.ast.ASTJspExpression
java.util.Hashtable.ValueCollection
java.util.Hashtable.EntrySet
java.util.concurrent.LinkedBlockingQueue.Node
sun.misc.FDBigInt[]
javax/xml/parsers/SecuritySupport$4
net.sourceforge.pmd.typeresolution.visitors.PMDASMVisitor.PMDFieldVisitor
net/sourceforge/pmd/sourcetypehandlers/JavaTypeHandler$1
net.sourceforge.pmd.ast.ASTAssertStatement
net.sourceforge.pmd.ast.ASTNullLiteral
java.security.cert.Certificate[]
net.sourceforge.pmd.ast.ASTInstanceOfExpression
net.sourceforge.pmd.symboltable.JspScopeAndDeclarationFinder
net.sourceforge.pmd.ast.ASTEqualityExpression
javax/xml/transform/SecuritySupport$5
net.sourceforge.pmd.ast.ASTReferenceType
java.util.Collections.SynchronizedRandomAccessList
java.util.concurrent.atomic.AtomicLong
net.sourceforge.pmd.jsp.ast.ASTCommentTag
net.sourceforge.pmd.ast.Token.GTToken
net.sourceforge.pmd.jsp.ast.JspParserVisitor
net.sourceforge.pmd.jsp.ast.ASTJspDeclaration
net.sourceforge.pmd.jsp.ast.ASTElExpression
net.sourceforge.pmd.jsp.ast.ASTDoctypeExternalId
net.sourceforge.pmd.jsp.ast.ASTDoctypeDeclaration
java/util/Hashtable$1
java.lang.StringCoding.StringDecoder
java.net.URLConnection
java.util.AbstractQueue
java/lang/System$1
net.sourceforge.pmd.ast.ASTBooleanLiteral
java.util.Collections.SynchronizedList
java.io.FileReader
net.sourceforge.pmd.ast.ASTMemberValue
java/lang/ThreadLocal$1
sun.nio.cs.StreamEncoder.ConverterSE
net.sourceforge.pmd.ast.ASTMemberValueArrayInitializer
sun/nio/cs/StreamEncoder$1
java/nio/charset/Charset$2
java.lang.NoSuchMethodException
javax/xml/transform/SecuritySupport$1
net.sourceforge.pmd.sourcetypehandlers.VisitorStarter
sun.nio.cs.FastCharsetProvider
java.util.logging.Handler
net.sourceforge.pmd.ast.ASTPreIncrementExpression
java/lang/Thread$1
net.sourceforge.pmd.ast.ASTExplicitConstructorInvocation
net.sourceforge.pmd.dfa.report.ReportVisitor
net.sourceforge.pmd.ast.ASTInclusiveOrExpression
java.text.AttributedCharacterIterator[]
java.net.JarURLConnection
net.sourceforge.pmd.ast.ASTTypeArgument
java.util.logging.Formatter
net.sourceforge.pmd.ast.ASTInitializer
net.sourceforge.pmd.ast.ASTLocalVariableDeclaration
org.w3c.dom.Attr
sun.net.spi.nameservice.NameService
java.util.concurrent.Callable
net.sourceforge.pmd.SimpleRuleSetNameMapper
java/lang/SecurityManager$1
net.sourceforge.pmd.ast.ASTTypeBound
sun.misc.Launcher.ExtClassLoader
net.sourceforge.pmd.dfa.SequenceException
net.sourceforge.pmd.dfa.report.ReportHTMLPrintVisitor
java/util/ResourceBundle$1
java.nio.charset.CharacterCodingException
java.util.Collections.SynchronizedMap
java/net/URLClassLoader$2
java.io.ByteArrayInputStream
net.sourceforge.pmd.ast.ASTNormalAnnotation
java.util.RandomAccessSubList
javax.xml.transform.TransformerFactoryConfigurationError
javax/xml/transform/SecuritySupport$4
java.nio.charset.IllegalCharsetNameException
net.sourceforge.pmd.rules.XPathRule
java.util.Collections.SynchronizedCollection
java.lang.InstantiationException
net.sourceforge.pmd.symboltable.JspSymbolFacade
net/sourceforge/pmd/sourcetypehandlers/JavaTypeHandler$2
net.sourceforge.pmd.ast.ASTLabeledStatement
java/security/AccessControlContext$1
net.sourceforge.pmd.ast.ASTStatementExpression
java/lang/StringCoding$1
net.sourceforge.pmd.ast.ASTShiftExpression
sun/misc/URLClassPath$3
java.lang.Comparable
sun.text.NormalizerImpl.NextCCArgs
net.sourceforge.pmd.ast.ASTFieldDeclaration
java.security.DomainCombiner
java.util.Properties.LineReader
net.sourceforge.pmd.jsp.ast.SyntaxErrorException
net.sourceforge.pmd.ast.ASTWildcardBounds
java/lang/Class$3
javax/xml/parsers/SecuritySupport$3
sun/text/resources/LocaleData$1
sun.misc.URLClassPath.Loader
sun.misc.Resource
java.io.CharConversionException
java.lang.NegativeArraySizeException
sun/nio/cs/StandardCharsets$1
net.sourceforge.pmd.ast.ASTTryStatement
net.sourceforge.pmd.ast.ASTFinallyStatement
net.sourceforge.pmd.ast.ASTMemberSelector
net.sourceforge.pmd.ast.ASTArrayInitializer
net.sourceforge.pmd.ast.ASTDoStatement
sun/misc/Launcher$1
java/nio/charset/Charset$3
java.util.Collections.UnmodifiableCollection
java/util/TimeZone$1
net.sourceforge.pmd.renderers.YAHTMLRenderer
java.util.SortedMap
java/lang/Class$1
java.security.AccessControlException
java.lang.Appendable
java.lang.VirtualMachineError
int[][]
java.util.Dictionary
java.nio.channels.spi.AbstractInterruptibleChannel
java.nio.channels.ReadableByteChannel
net.sourceforge.pmd.parsers.Parser
net.sourceforge.pmd.ast.CompilationUnit
java.lang.Shutdown.WrappedHook
net.sourceforge.pmd.util.filter.AbstractDelegateFilter
net.sourceforge.pmd.ast.JavaNode
net.sourceforge.pmd.jsp.ast.JspCharStream
java.security.SecureClassLoader
java/text/FieldPosition$1
javax.xml.parsers.DocumentBuilder
java.io.FilterOutputStream
java.util.Collections.UnmodifiableSet
