java/lang/System/in
java/lang/System/out
java/lang/System/err
java/lang/String/value
java/io/FileOutputStream/fd
java/io/FileOutputStream/channel
sun/nio/cs/Surrogate/Parser/error
java/io/Writer/writeBuffer
java/io/Writer/lock
java/io/OutputStreamWriter/se
java/nio/charset/Charset/name
java/nio/charset/Charset/aliases
java/nio/charset/Charset/aliasSet
java/nio/charset/CodingErrorAction/name
java/nio/charset/CharsetEncoder/charset
java/nio/charset/CharsetEncoder/replacement
java/nio/charset/CharsetEncoder/malformedInputAction
java/nio/charset/CharsetEncoder/unmappableCharacterAction
java/nio/charset/CharsetEncoder/cachedDecoder
sun/nio/cs/UTF_8/Encoder/sgp
java/io/FileInputStream/fd
java/io/FileInputStream/channel
sun/nio/cs/StreamEncoder/CharsetSE/cs
sun/nio/cs/StreamEncoder/CharsetSE/encoder
sun/nio/cs/StreamEncoder/CharsetSE/bb
sun/nio/cs/StreamEncoder/CharsetSE/out
sun/nio/cs/StreamEncoder/CharsetSE/ch
sun/nio/cs/StreamEncoder/CharsetSE/lcb
java/io/FilterOutputStream/out
java/io/BufferedOutputStream/buf
java/io/BufferedWriter/out
java/io/BufferedWriter/cb
java/io/BufferedWriter/lineSeparator
java/io/FilterInputStream/in
java/io/BufferedInputStream/buf
null
java/io/PrintStream/formatter
java/io/PrintStream/textOut
java/io/PrintStream/charOut
java/nio/ByteBuffer/hb
java/lang/ref/ReferenceQueue/lock
java/lang/ref/ReferenceQueue/head
java/lang/ref/Reference/referent
java/lang/ref/Reference/queue
java/lang/ref/Reference/next
java/lang/ref/Reference/discovered
java/lang/Class/serialPersistentFields
java/lang/Class/EMPTY_ANNOTATIONS_ARRAY
java/io/ObjectStreamClass/NO_FIELDS
java/io/ObjectStreamClass/serialPersistentFields
java/io/ObjectStreamClass/reflFactory
java/lang/Integer/TYPE
java/lang/Integer/digits
java/lang/Integer/DigitTens
java/lang/Integer/DigitOnes
java/lang/Integer/sizeTable
java/lang/System/security
com/lyrisoft/chat/server/local/SocketOpener/socket
com/lyrisoft/chat/server/local/SocketOpener/ioexception
com/lyrisoft/chat/server/local/SocketOpener/socketFactory
java/io/File/fs
java/io/File/separator
java/io/File/pathSeparator
java/io/File/tmpFileLock
java/io/FileDescriptor/in
java/io/FileDescriptor/out
java/io/FileDescriptor/err
java/lang/AbstractStringBuilder/sizeTable
java/lang/Boolean/TRUE
java/lang/Boolean/FALSE
java/lang/Boolean/TYPE
java/lang/Character/UnicodeBlock/map
java/lang/Character/UnicodeBlock/BASIC_LATIN
java/lang/Character/UnicodeBlock/LATIN_1_SUPPLEMENT
java/lang/Character/UnicodeBlock/LATIN_EXTENDED_A
java/lang/Character/UnicodeBlock/LATIN_EXTENDED_B
java/lang/Character/UnicodeBlock/IPA_EXTENSIONS
java/lang/Character/UnicodeBlock/SPACING_MODIFIER_LETTERS
java/lang/Character/UnicodeBlock/COMBINING_DIACRITICAL_MARKS
java/lang/Character/UnicodeBlock/GREEK
java/lang/Character/UnicodeBlock/CYRILLIC
java/lang/Character/UnicodeBlock/ARMENIAN
java/lang/Character/UnicodeBlock/HEBREW
java/lang/Character/UnicodeBlock/ARABIC
java/lang/Character/UnicodeBlock/DEVANAGARI
java/lang/Character/UnicodeBlock/BENGALI
java/lang/Character/UnicodeBlock/GURMUKHI
java/lang/Character/UnicodeBlock/GUJARATI
java/lang/Character/UnicodeBlock/ORIYA
java/lang/Character/UnicodeBlock/TAMIL
java/lang/Character/UnicodeBlock/TELUGU
java/lang/Character/UnicodeBlock/KANNADA
java/lang/Character/UnicodeBlock/MALAYALAM
java/lang/Character/UnicodeBlock/THAI
java/lang/Character/UnicodeBlock/LAO
java/lang/Character/UnicodeBlock/TIBETAN
java/lang/Character/UnicodeBlock/GEORGIAN
java/lang/Character/UnicodeBlock/HANGUL_JAMO
java/lang/Character/UnicodeBlock/LATIN_EXTENDED_ADDITIONAL
java/lang/Character/UnicodeBlock/GREEK_EXTENDED
java/lang/Character/UnicodeBlock/GENERAL_PUNCTUATION
java/lang/Character/UnicodeBlock/SUPERSCRIPTS_AND_SUBSCRIPTS
java/lang/Character/UnicodeBlock/CURRENCY_SYMBOLS
java/lang/Character/UnicodeBlock/COMBINING_MARKS_FOR_SYMBOLS
java/lang/Character/UnicodeBlock/LETTERLIKE_SYMBOLS
java/lang/Character/UnicodeBlock/NUMBER_FORMS
java/lang/Character/UnicodeBlock/ARROWS
java/lang/Character/UnicodeBlock/MATHEMATICAL_OPERATORS
java/lang/Character/UnicodeBlock/MISCELLANEOUS_TECHNICAL
java/lang/Character/UnicodeBlock/CONTROL_PICTURES
java/lang/Character/UnicodeBlock/OPTICAL_CHARACTER_RECOGNITION
java/lang/Character/UnicodeBlock/ENCLOSED_ALPHANUMERICS
java/lang/Character/UnicodeBlock/BOX_DRAWING
java/lang/Character/UnicodeBlock/BLOCK_ELEMENTS
java/lang/Character/UnicodeBlock/GEOMETRIC_SHAPES
java/lang/Character/UnicodeBlock/MISCELLANEOUS_SYMBOLS
java/lang/Character/UnicodeBlock/DINGBATS
java/lang/Character/UnicodeBlock/CJK_SYMBOLS_AND_PUNCTUATION
java/lang/Character/UnicodeBlock/HIRAGANA
java/lang/Character/UnicodeBlock/KATAKANA
java/lang/Character/UnicodeBlock/BOPOMOFO
java/lang/Character/UnicodeBlock/HANGUL_COMPATIBILITY_JAMO
java/lang/Character/UnicodeBlock/KANBUN
java/lang/Character/UnicodeBlock/ENCLOSED_CJK_LETTERS_AND_MONTHS
java/lang/Character/UnicodeBlock/CJK_COMPATIBILITY
java/lang/Character/UnicodeBlock/CJK_UNIFIED_IDEOGRAPHS
java/lang/Character/UnicodeBlock/HANGUL_SYLLABLES
java/lang/Character/UnicodeBlock/PRIVATE_USE_AREA
java/lang/Character/UnicodeBlock/CJK_COMPATIBILITY_IDEOGRAPHS
java/lang/Character/UnicodeBlock/ALPHABETIC_PRESENTATION_FORMS
java/lang/Character/UnicodeBlock/ARABIC_PRESENTATION_FORMS_A
java/lang/Character/UnicodeBlock/COMBINING_HALF_MARKS
java/lang/Character/UnicodeBlock/CJK_COMPATIBILITY_FORMS
java/lang/Character/UnicodeBlock/SMALL_FORM_VARIANTS
java/lang/Character/UnicodeBlock/ARABIC_PRESENTATION_FORMS_B
java/lang/Character/UnicodeBlock/HALFWIDTH_AND_FULLWIDTH_FORMS
java/lang/Character/UnicodeBlock/SPECIALS
java/lang/Character/UnicodeBlock/SURROGATES_AREA
java/lang/Character/UnicodeBlock/SYRIAC
java/lang/Character/UnicodeBlock/THAANA
java/lang/Character/UnicodeBlock/SINHALA
java/lang/Character/UnicodeBlock/MYANMAR
java/lang/Character/UnicodeBlock/ETHIOPIC
java/lang/Character/UnicodeBlock/CHEROKEE
java/lang/Character/UnicodeBlock/UNIFIED_CANADIAN_ABORIGINAL_SYLLABICS
java/lang/Character/UnicodeBlock/OGHAM
java/lang/Character/UnicodeBlock/RUNIC
java/lang/Character/UnicodeBlock/KHMER
java/lang/Character/UnicodeBlock/MONGOLIAN
java/lang/Character/UnicodeBlock/BRAILLE_PATTERNS
java/lang/Character/UnicodeBlock/CJK_RADICALS_SUPPLEMENT
java/lang/Character/UnicodeBlock/KANGXI_RADICALS
java/lang/Character/UnicodeBlock/IDEOGRAPHIC_DESCRIPTION_CHARACTERS
java/lang/Character/UnicodeBlock/BOPOMOFO_EXTENDED
java/lang/Character/UnicodeBlock/CJK_UNIFIED_IDEOGRAPHS_EXTENSION_A
java/lang/Character/UnicodeBlock/YI_SYLLABLES
java/lang/Character/UnicodeBlock/YI_RADICALS
java/lang/Character/UnicodeBlock/CYRILLIC_SUPPLEMENTARY
java/lang/Character/UnicodeBlock/TAGALOG
java/lang/Character/UnicodeBlock/HANUNOO
java/lang/Character/UnicodeBlock/BUHID
java/lang/Character/UnicodeBlock/TAGBANWA
java/lang/Character/UnicodeBlock/LIMBU
java/lang/Character/UnicodeBlock/TAI_LE
java/lang/Character/UnicodeBlock/KHMER_SYMBOLS
java/lang/Character/UnicodeBlock/PHONETIC_EXTENSIONS
java/lang/Character/UnicodeBlock/MISCELLANEOUS_MATHEMATICAL_SYMBOLS_A
java/lang/Character/UnicodeBlock/SUPPLEMENTAL_ARROWS_A
java/lang/Character/UnicodeBlock/SUPPLEMENTAL_ARROWS_B
java/lang/Character/UnicodeBlock/MISCELLANEOUS_MATHEMATICAL_SYMBOLS_B
java/lang/Character/UnicodeBlock/SUPPLEMENTAL_MATHEMATICAL_OPERATORS
java/lang/Character/UnicodeBlock/MISCELLANEOUS_SYMBOLS_AND_ARROWS
java/lang/Character/UnicodeBlock/KATAKANA_PHONETIC_EXTENSIONS
java/lang/Character/UnicodeBlock/YIJING_HEXAGRAM_SYMBOLS
java/lang/Character/UnicodeBlock/VARIATION_SELECTORS
java/lang/Character/UnicodeBlock/LINEAR_B_SYLLABARY
java/lang/Character/UnicodeBlock/LINEAR_B_IDEOGRAMS
java/lang/Character/UnicodeBlock/AEGEAN_NUMBERS
java/lang/Character/UnicodeBlock/OLD_ITALIC
java/lang/Character/UnicodeBlock/GOTHIC
java/lang/Character/UnicodeBlock/UGARITIC
java/lang/Character/UnicodeBlock/DESERET
java/lang/Character/UnicodeBlock/SHAVIAN
java/lang/Character/UnicodeBlock/OSMANYA
java/lang/Character/UnicodeBlock/CYPRIOT_SYLLABARY
java/lang/Character/UnicodeBlock/BYZANTINE_MUSICAL_SYMBOLS
java/lang/Character/UnicodeBlock/MUSICAL_SYMBOLS
java/lang/Character/UnicodeBlock/TAI_XUAN_JING_SYMBOLS
java/lang/Character/UnicodeBlock/MATHEMATICAL_ALPHANUMERIC_SYMBOLS
java/lang/Character/UnicodeBlock/CJK_UNIFIED_IDEOGRAPHS_EXTENSION_B
java/lang/Character/UnicodeBlock/CJK_COMPATIBILITY_IDEOGRAPHS_SUPPLEMENT
java/lang/Character/UnicodeBlock/TAGS
java/lang/Character/UnicodeBlock/VARIATION_SELECTORS_SUPPLEMENT
java/lang/Character/UnicodeBlock/SUPPLEMENTARY_PRIVATE_USE_AREA_A
java/lang/Character/UnicodeBlock/SUPPLEMENTARY_PRIVATE_USE_AREA_B
java/lang/Character/UnicodeBlock/HIGH_SURROGATES
java/lang/Character/UnicodeBlock/HIGH_PRIVATE_USE_SURROGATES
java/lang/Character/UnicodeBlock/LOW_SURROGATES
java/lang/Character/UnicodeBlock/blockStarts
java/lang/Character/UnicodeBlock/blocks
java/lang/Character/TYPE
java/lang/CharacterData00/X
java/lang/CharacterData00/Y
java/lang/CharacterData00/A
java/lang/CharacterData00/charMap
java/lang/CharacterData01/X
java/lang/CharacterData01/Y
java/lang/CharacterData01/A
java/lang/CharacterData02/X
java/lang/CharacterData02/Y
java/lang/CharacterData02/A
java/lang/CharacterData0E/X
java/lang/CharacterData0E/Y
java/lang/CharacterData0E/A
java/lang/CharacterDataLatin1/sharpsMap
java/lang/CharacterDataLatin1/A
java/lang/ClassLoader/loadedLibraryNames
java/lang/ClassLoader/systemNativeLibraries
java/lang/ClassLoader/nativeLibraryContext
java/lang/ConditionalSpecialCasing/entry
java/lang/ConditionalSpecialCasing/entryTable
java/lang/Double/TYPE
java/lang/Float/TYPE
java/lang/Long/TYPE
java/lang/Runtime/currentRuntime
java/lang/SecurityManager/rootGroup
java/lang/SecurityManager/packageAccessLock
java/lang/SecurityManager/packageDefinitionLock
java/lang/Shutdown/hooks
java/lang/Shutdown/lock
java/lang/Shutdown/haltLock
java/lang/String/serialPersistentFields
java/lang/String/CASE_INSENSITIVE_ORDER
java/lang/StringBuffer/serialPersistentFields
java/lang/StringCoding/decoder
java/lang/StringCoding/encoder
java/lang/Thread/EMPTY_STACK_TRACE
java/lang/Thread/SUBCLASS_IMPLEMENTATION_PERMISSION
java/lang/Thread/subclassAudits
java/lang/Thread/target
java/lang/ref/Reference/lock
java/lang/ref/Reference/pending
java/lang/ref/ReferenceQueue/NULL
java/lang/ref/ReferenceQueue/ENQUEUED
java/lang/reflect/AccessibleObject/ACCESS_PERMISSION
java/lang/reflect/AccessibleObject/reflectionFactory
java/lang/reflect/Constructor/EMPTY_ANNOTATION_ARRAY
java/lang/reflect/Field/EMPTY_ANNOTATION_ARRAY
java/net/InetAddress/nameService
java/net/InetAddress/addressCache
java/net/InetAddress/negativeCache
java/net/InetAddress/lookupTable
java/net/InetAddress/impl
java/net/Socket/factory
java/net/SocketPermission/debug
java/net/URI/hexDigits
sun/misc/Unsafe/theUnsafe
sun/misc/VM/threadStateMap
sun/misc/VM/threadStateNames
java/nio/Bits/unsafe
java/nio/Bits/byteOrder
java/nio/ByteOrder/BIG_ENDIAN
java/nio/ByteOrder/LITTLE_ENDIAN
java/nio/charset/Charset/bugLevel
java/nio/charset/Charset/standardProvider
java/nio/charset/Charset/cache1
java/nio/charset/Charset/cache2
java/nio/charset/Charset/gate
java/nio/charset/Charset/extendedProviderLock
java/nio/charset/Charset/extendedProvider
java/nio/charset/CharsetDecoder/stateNames
java/nio/charset/CharsetEncoder/stateNames
java/nio/charset/CoderResult/names
java/nio/charset/CoderResult/UNDERFLOW
java/nio/charset/CoderResult/OVERFLOW
java/nio/charset/CoderResult/malformedCache
java/nio/charset/CoderResult/unmappableCache
java/nio/charset/CodingErrorAction/IGNORE
java/nio/charset/CodingErrorAction/REPLACE
java/nio/charset/CodingErrorAction/REPORT
java/security/AccessControlContext/debug
sun/security/util/Debug/args
java/security/Policy/debug
java/text/BreakIterator/iterCache
java/text/RuleBasedBreakIterator/LABEL
java/util/BitSet/trailingZeroTable
java/util/Collections/r
java/util/Collections/EMPTY_SET
java/util/Collections/EMPTY_LIST
java/util/Collections/EMPTY_MAP
java/util/Collections/REVERSE_ORDER
java/util/HashMap/NULL_KEY
java/util/HashSet/PRESENT
java/util/Hashtable/emptyEnumerator
java/util/Hashtable/emptyIterator
java/util/Locale/ENGLISH
java/util/Locale/FRENCH
java/util/Locale/GERMAN
java/util/Locale/ITALIAN
java/util/Locale/JAPANESE
java/util/Locale/KOREAN
java/util/Locale/CHINESE
java/util/Locale/SIMPLIFIED_CHINESE
java/util/Locale/TRADITIONAL_CHINESE
java/util/Locale/FRANCE
java/util/Locale/GERMANY
java/util/Locale/ITALY
java/util/Locale/JAPAN
java/util/Locale/KOREA
java/util/Locale/CHINA
java/util/Locale/PRC
java/util/Locale/TAIWAN
java/util/Locale/UK
java/util/Locale/US
java/util/Locale/CANADA
java/util/Locale/CANADA_FRENCH
java/util/Locale/defaultLocale
java/util/Locale/isoLanguages
java/util/Locale/isoCountries
java/util/Properties/hexDigit
java/util/Random/serialPersistentFields
java/util/ResourceBundle/cacheKey
java/util/ResourceBundle/underConstruction
java/util/ResourceBundle/NOT_FOUND
java/util/ResourceBundle/cacheList
java/util/ResourceBundle/referenceQueue
java/util/concurrent/atomic/AtomicLong/unsafe
java/util/prefs/Preferences/factory
java/util/prefs/Preferences/prefsPerm
java/util/regex/ASCII/ctype
java/util/regex/Pattern/categoryNames/cMap
java/util/regex/Pattern/accept
java/util/regex/Pattern/lastAccept
java/util/regex/PatternSyntaxException/nl
sun/io/CharacterEncoding/aliasTable
sun/io/Converters/lock
sun/io/Converters/converterPackageName
sun/io/Converters/defaultEncoding
sun/io/Converters/converterPrefix
sun/io/Converters/DEFAULT_NAME
sun/io/Converters/classCache
sun/misc/FloatingDecimal/perThreadBuffer
sun/misc/FloatingDecimal/small10pow
sun/misc/FloatingDecimal/singleSmall10pow
sun/misc/FloatingDecimal/big10pow
sun/misc/FloatingDecimal/tiny10pow
sun/misc/FloatingDecimal/small5pow
sun/misc/FloatingDecimal/long5pow
sun/misc/FloatingDecimal/n5bits
sun/misc/FloatingDecimal/infinity
sun/misc/FloatingDecimal/notANumber
sun/misc/FloatingDecimal/zero
sun/misc/FloatingDecimal/hexFloatPattern
sun/misc/Launcher/Factory/PREFIX
sun/misc/Launcher/factory
sun/misc/Launcher/launcher
sun/misc/SoftCache/ValueCell/INVALID_KEY
sun/net/www/ParseUtil/encodedInPath
sun/net/www/ParseUtil/hexDigits
sun/nio/cs/StandardCharsets/aliases_US_ASCII
sun/nio/cs/StandardCharsets/aliases_UTF_8
sun/nio/cs/StandardCharsets/aliases_UTF_16
sun/nio/cs/StandardCharsets/aliases_UTF_16BE
sun/nio/cs/StandardCharsets/aliases_UTF_16LE
sun/nio/cs/StandardCharsets/aliases_ISO_8859_1
sun/nio/cs/StandardCharsets/aliases_ISO_8859_2
sun/nio/cs/StandardCharsets/aliases_ISO_8859_4
sun/nio/cs/StandardCharsets/aliases_ISO_8859_5
sun/nio/cs/StandardCharsets/aliases_ISO_8859_7
sun/nio/cs/StandardCharsets/aliases_ISO_8859_9
sun/nio/cs/StandardCharsets/aliases_ISO_8859_13
sun/nio/cs/StandardCharsets/aliases_ISO_8859_15
sun/nio/cs/StandardCharsets/aliases_KOI8_R
sun/nio/cs/StandardCharsets/aliases_MS1250
sun/nio/cs/StandardCharsets/aliases_MS1251
sun/nio/cs/StandardCharsets/aliases_MS1252
sun/nio/cs/StandardCharsets/aliases_MS1253
sun/nio/cs/StandardCharsets/aliases_MS1254
sun/nio/cs/StandardCharsets/aliases_MS1257
sun/reflect/Reflection/fieldFilterMap
sun/security/util/SecurityConstants/ALL_PERMISSION
sun/security/util/SecurityConstants/TOPLEVEL_WINDOW_PERMISSION
sun/security/util/SecurityConstants/ACCESS_CLIPBOARD_PERMISSION
sun/security/util/SecurityConstants/CHECK_AWT_EVENTQUEUE_PERMISSION
sun/security/util/SecurityConstants/READ_DISPLAY_PIXELS_PERMISSION
sun/security/util/SecurityConstants/CREATE_ROBOT_PERMISSION
sun/security/util/SecurityConstants/WATCH_MOUSE_PERMISSION
sun/security/util/SecurityConstants/SET_WINDOW_ALWAYS_ON_TOP_PERMISSION
sun/security/util/SecurityConstants/ALL_AWT_EVENTS_PERMISSION
sun/security/util/SecurityConstants/SPECIFY_HANDLER_PERMISSION
sun/security/util/SecurityConstants/SET_PROXYSELECTOR_PERMISSION
sun/security/util/SecurityConstants/GET_PROXYSELECTOR_PERMISSION
sun/security/util/SecurityConstants/SET_COOKIEHANDLER_PERMISSION
sun/security/util/SecurityConstants/GET_COOKIEHANDLER_PERMISSION
sun/security/util/SecurityConstants/SET_RESPONSECACHE_PERMISSION
sun/security/util/SecurityConstants/GET_RESPONSECACHE_PERMISSION
sun/security/util/SecurityConstants/CREATE_CLASSLOADER_PERMISSION
sun/security/util/SecurityConstants/CHECK_MEMBER_ACCESS_PERMISSION
sun/security/util/SecurityConstants/MODIFY_THREAD_PERMISSION
sun/security/util/SecurityConstants/MODIFY_THREADGROUP_PERMISSION
sun/security/util/SecurityConstants/GET_PD_PERMISSION
sun/security/util/SecurityConstants/GET_CLASSLOADER_PERMISSION
sun/security/util/SecurityConstants/STOP_THREAD_PERMISSION
sun/security/util/SecurityConstants/GET_STACK_TRACE_PERMISSION
sun/security/util/SecurityConstants/CREATE_ACC_PERMISSION
sun/security/util/SecurityConstants/GET_COMBINER_PERMISSION
sun/security/util/SecurityConstants/GET_POLICY_PERMISSION
sun/security/util/SecurityConstants/LOCAL_LISTEN_PERMISSION
sun/security/util/SecurityConstants/DO_AS_PERMISSION
sun/security/util/SecurityConstants/DO_AS_PRIVILEGED_PERMISSION
sun/text/Normalizer/NO_OP
sun/text/Normalizer/DECOMP
sun/text/Normalizer/DECOMP_COMPAT
sun/text/Normalizer/COMPOSE
sun/text/Normalizer/COMPOSE_COMPAT
sun/text/Normalizer/FCD
sun/text/Normalizer/NO
sun/text/Normalizer/YES
sun/text/Normalizer/MAYBE
sun/text/NormalizerImpl/NormTrieImpl/normTrie
sun/text/NormalizerImpl/IMPL
com/lyrisoft/chat/client/Client/_userCommands
com/lyrisoft/chat/client/Client/_serverInterface
java/util/HashMap/table
java/util/HashMap/Entry/value
java/util/HashMap/Entry/key
java/util/HashMap/Entry/next
java/lang/ThreadLocal/ThreadLocalMap/table
java/lang/AbstractStringBuilder/value
java/text/StringCharacterIterator/text
java/util/regex/Pattern/normalizedPattern
java/lang/reflect/Constructor/constructorAccessor
java/lang/ConditionalSpecialCasing/Entry/lower
java/lang/ConditionalSpecialCasing/Entry/upper
java/lang/ConditionalSpecialCasing/Entry/lang
java/util/AbstractMap/keySet
java/util/regex/Pattern/Node/next
java/net/URI/Parser/input
java/util/regex/Pattern/Prolog/loop
java/util/regex/Pattern/Ques/atom
java/util/regex/Pattern/Add/lhs
java/util/regex/Pattern/Add/rhs
java/util/regex/Pattern/Curly/atom
java/util/regex/Pattern/Both/lhs
java/util/regex/Pattern/Both/rhs
java/util/regex/Pattern/GroupCurly/atom
java/util/regex/Pattern/Branch/prev
com/lyrisoft/chat/client/gui/ChatGUI/_roomGUIs
com/lyrisoft/chat/client/gui/ChatGUI/_privateChats
com/lyrisoft/chat/client/gui/ChatGUI/_guiFactory
java/text/RuleBasedBreakIterator/charCategoryTable
java/text/RuleBasedBreakIterator/supplementaryCharCategoryTable
java/text/RuleBasedBreakIterator/stateTable
java/text/RuleBasedBreakIterator/backwardsStateTable
java/text/RuleBasedBreakIterator/endStates
java/text/RuleBasedBreakIterator/lookaheadStates
java/text/RuleBasedBreakIterator/additionalData
java/text/RuleBasedBreakIterator/text
java/lang/System/props
java/lang/Thread/group
sun/text/NormalizerImpl/extraData
java/util/regex/Pattern/Behind/cond
java/util/regex/Pattern/NotBehind/cond
java/util/regex/Pattern/Pos/cond
java/util/regex/Pattern/Loop/body
java/util/regex/Pattern/Not/atom
java/util/regex/Pattern/Neg/cond
java/text/RuleBasedBreakIterator/SafeCharIterator/base
java/util/HashMap/entrySet
sun/security/util/Debug/prefix
java/text/DictionaryBasedBreakIterator/dictionary
java/util/Vector/elementData
java/security/AccessControlContext/context
java/security/AccessControlContext/combiner
java/security/AccessControlContext/privilegedContext
java/util/regex/Pattern/temp
java/lang/ClassLoader/parent
java/lang/ClassLoader/package2certs
java/lang/ClassLoader/nocerts
java/lang/ClassLoader/classes
java/lang/ClassLoader/domains
java/lang/ClassLoader/packages
java/lang/ClassLoader/defaultDomain
java/lang/ClassLoader/nativeLibraries
java/lang/ClassLoader/packageAssertionStatus
java/lang/ClassLoader/classAssertionStatus
java/util/MissingResourceException/className
java/util/MissingResourceException/key
java/net/URI/host
java/lang/Class/cachedConstructor
java/lang/Class/newInstanceCallerCache
java/lang/Class/name
java/lang/Class/declaredFields
java/lang/Class/publicFields
java/lang/Class/declaredMethods
java/lang/Class/publicMethods
java/lang/Class/declaredConstructors
java/lang/Class/publicConstructors
java/lang/Class/declaredPublicFields
java/lang/Class/declaredPublicMethods
java/lang/Class/genericInfo
java/lang/Class/enumConstants
java/lang/Class/enumConstantDirectory
java/lang/Class/annotations
java/lang/Class/declaredAnnotations
java/lang/Class/annotationType
sun/nio/cs/FastCharsetProvider/aliasMap
java/util/regex/Matcher/parentPattern
java/util/regex/Matcher/text
java/util/regex/Pattern/root
java/util/ArrayList/elementData
sun/misc/Launcher/ExtClassLoader/1/val$dirs
java/net/InetSocketAddress/hostname
java/net/InetSocketAddress/addr
java/io/File/path
java/nio/ByteOrder/name
java/util/regex/Pattern/UBlock/block
java/text/BreakDictionary/columnMap
java/text/BreakDictionary/rowIndex
java/text/BreakDictionary/rowIndexFlagsIndex
java/text/BreakDictionary/rowIndexFlags
java/text/BreakDictionary/rowIndexShifts
java/text/BreakDictionary/table
java/text/BreakDictionary/supplementaryCharColumnMap
java/util/Locale/language
java/util/Locale/country
java/util/Locale/variant
java/net/SocketImpl/address
java/util/Hashtable/Enumerator/entry
java/util/Hashtable/Enumerator/lastReturned
java/util/Hashtable/Enumerator/table
java/util/Hashtable/Entry/next
java/util/Hashtable/Entry/value
java/util/Hashtable/Entry/key
java/util/SubList/l
java/util/HashMap/KeySet/this$0
java/nio/charset/CharsetDecoder/malformedInputAction
java/nio/charset/CharsetDecoder/unmappableCharacterAction
java/nio/charset/CharsetDecoder/charset
java/nio/charset/CharsetDecoder/replacement
java/net/InetAddress/hostName
java/util/regex/Pattern/buffer
java/net/Inet6Address/ipaddress
java/lang/ThreadLocal/ThreadLocalMap/Entry/value
java/util/StringTokenizer/delimiters
java/util/StringTokenizer/str
java/net/URI/decodedUserInfo
java/net/URI/decodedAuthority
java/net/URI/decodedPath
java/net/URI/decodedQuery
java/net/URI/decodedFragment
java/net/URI/decodedSchemeSpecificPart
java/net/InetAddress/canonicalHostName
java/lang/Throwable/detailMessage
java/util/Properties/defaults
com/lyrisoft/chat/client/gui/ChatGUI/_login
sun/misc/FDBigInt/data
java/net/SocksSocketImpl/external_address
com/lyrisoft/chat/Translator/_translator
java/lang/Thread/name
java/lang/Thread/threadQ
java/lang/Thread/contextClassLoader
java/lang/Thread/inheritedAccessControlContext
java/lang/Thread/threadLocals
java/lang/Thread/inheritableThreadLocals
java/lang/Thread/blocker
java/lang/Thread/blockerLock
java/lang/Thread/uncaughtExceptionHandler
sun/security/action/GetPropertyAction/theProp
sun/security/action/GetPropertyAction/defaultVal
java/lang/StackTraceElement/declaringClass
java/lang/StackTraceElement/methodName
java/lang/StackTraceElement/fileName
java/util/LinkedHashMap/LinkedHashIterator/this$0
java/net/URI/Parser/this$0
java/util/Properties/LineReader/this$0
java/util/Properties/LineReader/inBuf
java/util/Properties/LineReader/lineBuf
java/util/Properties/LineReader/inStream
sun/util/PreHashedMap/ht
java/lang/Throwable/cause
java/util/LinkedList/header
java/util/Hashtable/table
java/net/Inet6Address/scope_ifname
java/text/BreakIterator$1/val$baseName
java/text/BreakIterator$1/val$locale
java/net/InetAddress/Cache/cache
sun/security/action/GetBooleanAction/theProp
sun/security/action/LoadLibraryAction/theLib
java/util/regex/Pattern/groupNodes
java/net/Socket/impl
sun/misc/SoftCache/queue
sun/misc/SoftCache/hash
java/net/URI/userInfo
java/lang/Class/reflectionFactory
java/lang/reflect/Constructor/root
java/lang/SecurityManager/packageAccess
java/text/DictionaryBasedBreakIterator/cachedBreakPositions
sun/misc/FloatingDecimal/digits
sun/nio/cs/US_ASCII/Encoder/sgp
java/util/Collections/SynchronizedMap/keySet
java/util/Collections/SynchronizedMap/entrySet
java/util/Collections/SynchronizedMap/values
java/util/Collections/SynchronizedMap/m
java/util/Collections/SynchronizedMap/mutex
java/io/FilePermission$1/this$0
com/lyrisoft/chat/server/local/SocketFactory/_host
java/nio/charset/CoderResult/Cache/cache
java/util/LinkedList/Entry/element
java/util/LinkedList/Entry/next
java/util/LinkedList/Entry/previous
java/util/regex/Pattern/pattern
java/util/regex/Pattern/matchRoot
java/util/AbstractMap/values
java/nio/CharBuffer/hb
java/net/PlainSocketImpl/anyLocalBoundAddr
java/net/SocketImpl/socket
java/net/SocketImpl/serverSocket
java/util/StringTokenizer/delimiterCodePoints
sun/text/Trie/m_dataManipulate_
java/net/SocketImpl/fd
java/net/PlainSocketImpl/fd1
sun/misc/Launcher/AppClassLoader/1/val$s
sun/misc/Launcher/AppClassLoader/1/val$path
sun/misc/Launcher/AppClassLoader/1/val$extcl
java/lang/StringCoding/ConverterSE/ctb
java/lang/StringCoding/CharsetSE/ce
java/util/SubList$1/i
java/util/SubList$1/this$0
java/util/LinkedHashMap/Entry/after
java/util/LinkedHashMap/Entry/before
java/util/LinkedHashMap/header
java/lang/Class$1/this$0
java/lang/Class$1/val$c
java/util/BitSet/bits
java/security/AccessControlException/perm
java/net/SocksSocketImpl$1/this$0
java/net/SocksSocketImpl$1/val$host
java/util/regex/Pattern/BitClass/bits
java/net/PasswordAuthentication/userName
java/text/BreakDictionary$1/this$0
java/text/BreakDictionary$1/val$dictionaryName
java/lang/StringCoding/CharsetSE/cs
java/text/DictionaryBasedBreakIterator/categoryFlags
java/net/InetAddress/CacheEntry/address
java/lang/SystemClassLoaderAction/parent
java/security/BasicPermission/path
sun/text/NormalizerImpl/combiningTable
sun/text/NormalizerImpl/RecomposeArgs/source
sun/text/NormalizerImpl/NextCombiningArgs/source
java/util/LinkedHashMap/LinkedHashIterator/nextEntry
java/util/LinkedHashMap/LinkedHashIterator/lastReturned
java/net/PlainSocketImpl/socketInputStream
java/net/PlainSocketImpl/fdLock
java/net/PlainSocketImpl/resetLock
sun/security/action/GetIntegerAction/theProp
java/security/Permission/name
java/nio/charset/UnsupportedCharsetException/charsetName
com/lyrisoft/chat/client/DumbClient/_attributes
java/util/regex/PatternSyntaxException/desc
java/util/regex/PatternSyntaxException/pattern
java/net/URI/scheme
java/util/HashSet/map
com/lyrisoft/chat/client/Client/_factory
com/lyrisoft/chat/client/Client/_gui
sun/nio/cs/FastCharsetProvider/cache
sun/nio/cs/FastCharsetProvider/classMap
sun/nio/cs/FastCharsetProvider/packagePrefix
java/util/regex/Pattern/Slice/buffer
java/net/URI/schemeSpecificPart
sun/misc/FloatingDecimal/b5p
java/text/BreakIterator/BreakIteratorCache/where
java/net/URI/authority
java/text/BreakIterator/BreakIteratorCache/iter
java/net/NetworkInterface/name
java/util/regex/Pattern/SliceA/buffer
java/lang/StringCoding/StringEncoder/requestedCharsetName
java/net/SocksSocketImpl/server
java/net/SocksSocketImpl/cmdOut
java/net/SocksSocketImpl/cmdIn
com/lyrisoft/chat/server/local/ChatServerLocal/_host
com/lyrisoft/chat/server/local/ChatServerLocal/_responseInterface
com/lyrisoft/chat/server/local/ChatServerLocal/_socketOpener
sun/misc/SoftCache/ValueCell/key
java/util/ResourceBundle/parent
java/lang/ClassLoader/scl
java/lang/Character/Subset/name
java/net/SocksSocketImpl/cmdsock
java/text/RuleBasedBreakIterator$1/this$0
java/text/RuleBasedBreakIterator$1/val$datafile
java/net/SocksSocketImpl$3/this$0
java/net/SocksSocketImpl$3/val$prefs
java/net/NetworkInterface/addrs
java/net/InetAddress/unknown_array
java/lang/Throwable/stackTrace
java/util/HashMap/HashIterator/next
java/util/HashMap/HashIterator/current
java/util/HashMap/HashIterator/this$0
java/lang/System$1/val$s
java/lang/SecurityManager$1/this$0
java/net/SocketPermission/portrange
java/net/SocketPermission/hostname
java/net/SocketPermission/addresses
java/net/SocketPermission/cname
com/lyrisoft/util/i18n/Translator/_messages
java/lang/reflect/AccessibleObject/securityCheckCache
java/lang/reflect/Constructor/clazz
java/io/ObjectStreamField/name
java/io/ObjectStreamField/type
java/io/ObjectStreamField/signature
java/io/ObjectStreamField/field
sun/misc/SoftCache/entrySet
java/net/URI/path
java/net/SocksSocketImpl$2/this$0
java/net/SocksSocketImpl$2/val$addr
java/net/URI/string
sun/text/NormalizerImpl/NextCCArgs/source
sun/text/NormalizerImpl/PrevArgs/src
sun/misc/Launcher/loader
java/lang/ThreadGroup/parent
java/lang/Shutdown/WrappedHook/hook
java/util/LinkedHashMap/KeyIterator/this$0
java/util/LinkedList/ListItr/lastReturned
java/util/LinkedList/ListItr/next
java/util/LinkedList/ListItr/this$0
java/net/SocksSocketImpl$5/this$0
com/lyrisoft/chat/client/UserCommands/defaultProcessor
com/lyrisoft/chat/client/UserCommands/_processors
java/lang/reflect/Constructor/parameterTypes
java/net/Socket/closeLock
java/lang/reflect/Field/name
java/util/regex/Pattern/SliceU/buffer
java/net/PasswordAuthentication/password
java/nio/charset/IllegalCharsetNameException/charsetName
java/util/AbstractList/Itr/this$0
java/net/Socket$1/this$0
sun/text/SupplementaryCharacterData/dataTable
java/net/URISyntaxException/input
java/nio/charset/Charset$2/val$charsetName
java/net/URI/query
java/lang/Thread$1/val$subcl
java/util/Hashtable/keySet
java/util/Hashtable/entrySet
java/util/Hashtable/values
java/net/NetworkInterface$1checkedAddresses/local_addrs
java/util/regex/Matcher/groups
java/util/regex/Matcher/locals
java/util/regex/Pattern/BnM/buffer
java/util/regex/Pattern/BnM/lastOcc
java/util/regex/Pattern/BnM/optoSft
java/net/SocksSocketImpl$4/this$0
java/net/SocksSocketImpl$4/val$prefs
java/util/Random/seed
com/lyrisoft/chat/server/local/CommandProcessorLocal/unknownCommandProcessor
com/lyrisoft/chat/server/local/CommandProcessorLocal/_processors
sun/text/CompactByteArray/indices
sun/text/CompactByteArray/values
java/net/NetworkInterface/displayName
java/net/InetAddress$2/val$providerName
java/net/NetworkInterface$1checkedAddresses/this$0
java/io/FilePermission/cpath
java/util/Hashtable/Enumerator/this$0
java/util/AbstractList/ListItr/this$0
java/net/URI/fragment
java/security/AccessControlContext$1/this$0
java/security/AccessControlContext$1/val$db
java/security/AccessControlContext$1/val$pd
com/lyrisoft/chat/server/local/ChatServerLocal/_commandProcessor
sun/text/NormalizerImpl$1/this$0
java/util/HashMap/KeyIterator/this$0
java/net/SocketPermission/actions
java/io/FilePermission/actions
java/util/PropertyPermission/actions
