null
java.io.BufferedInputStream
java.io.PrintStream
byte[]
java.nio.charset.CodingErrorAction
java.io.OutputStreamWriter
java.lang.String
char[]
java.io.FileOutputStream
java.io.FileDescriptor
java.lang.ref.ReferenceQueue.Null
sun.nio.cs.UTF_8
java.lang.ref.WeakReference
java.lang.ref.ReferenceQueue.Lock
sun.nio.cs.Surrogate.Parser
java.nio.charset.CoderResult
sun.nio.cs.StreamEncoder.CharsetSE
java.lang.String[]
sun.nio.cs.UTF_8.Encoder
java.io.FileInputStream
java.nio.HeapByteBuffer
java.io.BufferedOutputStream
java.io.BufferedWriter
java.util.Properties
java.lang.Object
java.io.ObjectStreamField[]
java.lang.annotation.Annotation[]
sun.reflect.ReflectionFactory.GetReflectionFactoryAction
sun.reflect.ReflectionFactory
java.lang.Class
int[]
com.lyrisoft.chat.client.Client
NULL_TYPE
java.io.InputStream
java.lang.Exception
com.lyrisoft.chat.server.local.CommandProcessorLocal
com.lyrisoft.chat.client.UserCommands
com.lyrisoft.chat.client.gui.IChatGUIFactory
com.lyrisoft.chat.client.gui.ChatGUI
com.lyrisoft.chat.server.local.SocketOpener
com.lyrisoft.chat.server.local.ISocketFactory
java.net.Socket
java.io.FileSystem
java.lang.StringBuilder
java.lang.Boolean
java.util.HashMap
java.lang.Character.UnicodeBlock
java.lang.Character.UnicodeBlock[]
java.lang.AssertionError
char[][][]
char[][]
java.util.Vector
java.util.Stack
java.lang.ConditionalSpecialCasing.Entry
java.util.Hashtable
java.lang.Integer
java.util.HashSet
java.lang.ConditionalSpecialCasing.Entry[]
java.lang.Runtime
java.lang.ThreadGroup
java.lang.Shutdown.Lock
java.lang.String.CaseInsensitiveComparator
java.io.ObjectStreamField
java.lang.ThreadLocal
java.lang.RuntimePermission
sun.misc.SoftCache
java.lang.StackTraceElement[]
java.lang.Thread
java.lang.Runnable
java.lang.ref.Reference.ReferenceHandler
java.lang.ref.Reference.Lock
java.lang.ref.Reference
java.lang.ref.ReferenceQueue
sun.misc.Cleaner
java.lang.reflect.ReflectPermission
java.lang.reflect.ReflectAccess
sun.security.action.GetBooleanAction
sun.security.action.LoadLibraryAction
sun/net/InetAddressCachePolicy$1
sun.security.action.GetIntegerAction
sun/net/InetAddressCachePolicy$2
java.net.InetAddress.Cache
java.net.InetAddressImplFactory
java.net.InetAddressImpl
java/net/InetAddress$2
java/net/InetAddress$1
sun.security.action.GetPropertyAction
java.net.PlainSocketImpl
sun.misc.Unsafe
java.nio.ByteOrder
sun.nio.cs.StandardCharsets
java/nio/charset/CoderResult$1
java/nio/charset/CoderResult$2
sun.security.util.Debug
java.lang.ref.SoftReference[]
java.util.Random
java.util.Collections.EmptySet
java.util.Collections.EmptyList
java.util.Collections.EmptyMap
java.util.Collections.ReverseComparator
java.util.Hashtable.EmptyEnumerator
java.util.Hashtable.EmptyIterator
java.util.Locale
java.util.ResourceBundle.ResourceCacheKey
java.lang.reflect.Field
java.lang.Error
java.util.prefs.PreferencesFactory
java.util.regex.Pattern.Category
java.util.regex.Pattern.Range
java.util.regex.Pattern.All
java.util.regex.Pattern.Ctype
java.util.regex.Pattern.JavaLowerCase
java.util.regex.Pattern.JavaUpperCase
java.util.regex.Pattern.JavaTitleCase
java.util.regex.Pattern.JavaDigit
java.util.regex.Pattern.JavaDefined
java.util.regex.Pattern.JavaLetter
java.util.regex.Pattern.JavaLetterOrDigit
java.util.regex.Pattern.JavaJavaIdentifierStart
java.util.regex.Pattern.JavaJavaIdentifierPart
java.util.regex.Pattern.JavaUnicodeIdentifierStart
java.util.regex.Pattern.JavaUnicodeIdentifierPart
java.util.regex.Pattern.JavaIdentifierIgnorable
java.util.regex.Pattern.JavaSpaceChar
java.util.regex.Pattern.JavaWhitespace
java.util.regex.Pattern.JavaISOControl
java.util.regex.Pattern.JavaMirrored
java.util.regex.Pattern.Node
java.util.regex.Pattern.LastNode
java.util.Map
java.lang.ref.SoftReference[][]
sun/misc/FloatingDecimal$1
java.util.regex.Pattern
double[]
float[]
long[]
sun.misc.Launcher.Factory
sun.misc.Launcher
java.util.BitSet
java.security.AllPermission
java.awt.AWTPermission
java.net.NetPermission
java.security.SecurityPermission
java.net.SocketPermission
javax.security.auth.AuthPermission
sun.text.Normalizer.Mode
sun.text.Normalizer.NFDMode
sun.text.Normalizer.NFKDMode
sun.text.Normalizer.NFCMode
sun.text.Normalizer.NFKCMode
sun.text.Normalizer.FCDMode
sun.text.Normalizer.QuickCheckResult
sun.text.NormalizerImpl
java.lang.RuntimeException
java.lang.Throwable
sun.misc.SoftCache.ValueCell
java.lang.AbstractStringBuilder
com.lyrisoft.chat.server.local.ChatServerLocal
java.lang.StringIndexOutOfBoundsException
java.lang.CharSequence
java.lang.ClassLoader
java.io.File[]
sun.misc.Launcher.AppClassLoader.1
sun.misc.Launcher.AppClassLoader
java.util.HashMap.Entry
java.util.HashMap.Entry[]
java.lang.NullPointerException
java.lang.ThreadLocal.ThreadLocalMap
java.lang.ThreadLocal.ThreadLocalMap.Entry
java.lang.ThreadLocal.ThreadLocalMap.Entry[]
java.text.StringCharacterIterator
sun.nio.cs.StreamEncoder
java.lang.StringBuffer
java.util.ArrayList
java.util.LinkedHashMap
java.util.LinkedHashMap.KeyIterator
java.util.HashMap.KeyIterator
java.util.regex.PatternSyntaxException
java.lang.reflect.Constructor
sun.reflect.ConstructorAccessor
java.nio.Buffer
java.util.SubList
java.util.ListIterator
java.util.regex.Matcher
java.lang.IllegalStateException
java.net.URI.Parser
java.lang.IndexOutOfBoundsException
java.util.HashMap.KeySet
java.util.Set
java.text.RuleBasedBreakIterator.SafeCharIterator
java.net.SocketException
java.net.URISyntaxException
java.lang.SecurityManager
java.nio.charset.CharsetDecoder
java.util.regex.Pattern.NotSingle
java.util.regex.Pattern.TreeInfo
java.util.regex.Pattern.Dollar
java.util.regex.Pattern.NotRange
java.util.regex.Pattern.NotCtype
java.util.regex.Pattern.Prolog
java.util.regex.Pattern.Loop
java.util.regex.Pattern.Not
java.util.regex.Pattern.Ques
java.util.regex.Pattern.BitClass
java.util.regex.Pattern.Add
java.util.regex.Pattern.Start
java.util.regex.Pattern.Curly
java.util.regex.Pattern.BnM
java.util.regex.Pattern.SingleU
java.util.regex.Pattern.SingleA
java.util.regex.Pattern.Slice
java.util.regex.Pattern.CIBackRef
java.util.regex.Pattern.Both
java.util.regex.Pattern.SliceA
java.util.regex.Pattern.Dot
java.util.regex.Pattern.NotSingleU
java.util.regex.Pattern.UBlock
java.util.regex.Pattern.NotSingleA
java.util.regex.Pattern.LazyLoop
java.util.regex.Pattern.GroupCurly
java.util.regex.Pattern.UnixDot
java.util.regex.Pattern.BackRef
java.util.regex.Pattern.Single
java.util.regex.Pattern.SliceU
java.util.regex.Pattern.Sub
java.util.regex.Pattern.UnixDollar
java.util.regex.Pattern.Branch
java.nio.charset.Charset
java.lang.IllegalArgumentException
java.lang.Object[]
sun.text.NormalizerImpl.DecomposeArgs
sun/text/NormalizerImpl$1
java.text.RuleBasedBreakIterator
java.util.EmptyStackException
java.util.AbstractList
java.net.InetSocketAddress
java.text.CharacterIterator
java.nio.ByteBuffer
java.nio.ReadOnlyBufferException
java.lang.UnsupportedOperationException
java.security.Permission
java.net.URI
java.util.ConcurrentModificationException
java.nio.charset.CharsetEncoder
java.lang.Number
java.util.regex.Pattern.End
java.util.regex.Pattern.Behind
java.util.regex.Pattern.Bound
java.util.regex.Pattern.Dummy
java.util.regex.Pattern.NotBehind
java.util.regex.Pattern.Caret
java.util.regex.Pattern.SliceS
java.util.regex.Pattern.UnixCaret
java.util.regex.Pattern.CINotRange
java.util.regex.Pattern.BehindS
java.util.regex.Pattern.CIRange
java.util.regex.Pattern.BnMS
java.util.regex.Pattern.Pos
java.util.regex.Pattern.GroupHead
java.util.regex.Pattern.NotBehindS
java.util.regex.Pattern.StartS
java.util.regex.Pattern.Begin
java.util.regex.Pattern.Neg
java.util.regex.Pattern.GroupTail
java.util.regex.Pattern.LastMatch
sun.text.IntTrie
java.util.Map.Entry
java.lang.ref.SoftReference
java.io.OutputStream
java.text.DictionaryBasedBreakIterator
java.text.BreakDictionary
java.lang.InternalError
java.nio.HeapCharBuffer
java.util.StringTokenizer
java.security.AccessControlContext
java.security.ProtectionDomain[]
java.security.ProtectionDomain
java/lang/Class$3
sun.nio.cs.US_ASCII.Encoder
sun/nio/cs/US_ASCII$1
java.lang.reflect.Field[]
java.util.Enumeration
java.security.cert.Certificate[]
java.util.MissingResourceException
sun.reflect.generics.repository.ClassRepository
sun.reflect.annotation.AnnotationType
sun.nio.cs.FastCharsetProvider
java.nio.CharBuffer
java.lang.NumberFormatException
sun.misc.Launcher.ExtClassLoader.1
java.net.InetAddress
java.io.File
com.lyrisoft.chat.client.DumbClient
java.lang.NoSuchFieldException
sun.text.NormalizerImpl.PrevArgs
java/text/BreakDictionary$1
sun.text.SupplementaryCharacterData
sun.text.CompactByteArray
short[]
java.nio.charset.IllegalCharsetNameException
java.lang.Class[]
java.lang.reflect.Constructor[]
java.lang.NoSuchMethodException
java.nio.charset.CoderMalfunctionError
java/lang/Shutdown$1
java.util.NoSuchElementException
java.util.Hashtable.Enumerator
java.util.Hashtable.Entry
java.util.Hashtable.Entry[]
java/lang/ThreadLocal$1
java.net.Inet4Address
java.net.Inet6Address
sun.misc.FDBigInt
java.util.AbstractList.Itr
java.io.IOException
java.lang.StringCoding.StringEncoder
java.lang.StringCoding.CharsetSE
sun.io.CharToByteConverter
java.lang.StringCoding.ConverterSE
java/lang/ref/ReferenceQueue$1
java.util.List
java.util.AbstractSet
com.lyrisoft.chat.client.gui.ILogin
java.net.SocksSocketImpl
com.lyrisoft.util.i18n.Translator
sun.text.NormalizerImpl.NextCombiningArgs
sun.nio.ch.Interruptible
java.lang.Thread.UncaughtExceptionHandler
java.lang.NegativeArraySizeException
java/util/prefs/Preferences$1
java.lang.StackTraceElement
java.util.regex.Pattern.JavaTypeClass
java.security.BasicPermission
java.util.HashMap.HashIterator
java.util.LinkedHashMap.LinkedHashIterator
java.util.LinkedHashMap.Entry
java.util.Properties.LineReader
sun.nio.cs.StandardCharsets.Cache
sun/nio/cs/StandardCharsets$1
java/util/Collections$1
sun.util.PreHashedMap
java.nio.charset.UnsupportedCharsetException
java.lang.SecurityException
java.util.LinkedList
java.util.LinkedList.Entry
java.security.DomainCombiner
java.nio.charset.CoderResult.Cache
java.net.NetworkInterface
java/text/BreakIterator$1
java.io.FilterOutputStream
sun.nio.cs.StandardCharsets.Aliases
sun.nio.cs.StandardCharsets.Classes
sun.text.Trie
java.util.Iterator
java.net.InetAddress.CacheEntry
byte[][]
java/util/HashMap$1
java.util.regex.Pattern.GroupHead[]
java.net.SocketImplFactory
java.net.SocketImpl
java/lang/SecurityManager$1
java.net.SocketAddress
java.nio.charset.UnmappableCharacterException
java.nio.charset.MalformedInputException
java.nio.BufferOverflowException
java.nio.BufferUnderflowException
java/util/ResourceBundle$1
java.lang.IllegalThreadStateException
java/nio/charset/Charset$3
com.lyrisoft.chat.server.local.SocketFactory
sun.misc.FloatingDecimal
java.util.Collections.SynchronizedMap
java/io/FilePermission$1
java.io.FilePermission
java.util.AbstractMap
java.net.InetAddress[]
sun/text/Normalizer$1
java.util.ResourceBundle
java.net.UnknownHostException
java/net/NetworkInterface$1checkedAddresses
sun.nio.cs.US_ASCII.Decoder
java.net.ServerSocket
sun.text.Trie.DataManipulate
sun.nio.cs.US_ASCII
java/util/SubList$1
java.util.PropertyPermission
java/lang/Class$1
java.util.RandomAccessSubList
java.security.AccessControlException
sun.text.NormalizerImpl.RecomposeArgs
java/net/SocksSocketImpl$1
com.lyrisoft.chat.client.command.SayToRoom
boolean[]
java.net.PasswordAuthentication
java.text.BreakIterator
java.io.Writer
java.lang.ArrayIndexOutOfBoundsException
sun.nio.cs.HistoricallyNamedCharset
java.lang.SystemClassLoaderAction
sun.text.NormalizerImpl.ComposePartArgs
java/security/AccessControlContext$1
java.lang.Appendable
java.lang.VirtualMachineError
java.util.AbstractSequentialList
java.io.UnsupportedEncodingException
com.lyrisoft.chat.server.local.command.UnknownCommand
com.lyrisoft.chat.server.local.IChatServer
sun.text.NormalizerImpl.NextCCArgs
java.nio.charset.spi.CharsetProvider
java/lang/String$1
sun.misc.FDBigInt[]
java.text.BreakIterator.BreakIteratorCache
java/util/LinkedHashMap$1
sun.misc.Launcher.ExtClassLoader
java/net/SocksSocketImpl$5
java.net.ProxySelector
java.net.Proxy
java.net.Proxy.Type
com.lyrisoft.chat.client.IChatClient
com.lyrisoft.chat.client.command.UserCommandProcessor
java.util.Dictionary
java.lang.Character.Subset
java/text/RuleBasedBreakIterator$1
java/net/SocksSocketImpl$3
java.util.prefs.Preferences
java/lang/System$1
java/lang/ref/Reference$1
java.util.AbstractList.ListItr
java/util/AbstractList$1
java/net/SocksSocketImpl$2
java/net/SocksSocketImpl$4
java/lang/StringCoding$1
java.util.LinkedList.ListItr
java.lang.IllegalAccessException
java.nio.channels.FileChannel
java.lang.Shutdown.WrappedHook
java.util.concurrent.atomic.AtomicLong
sun.net.spi.nameservice.NameService
sun/misc/Launcher$1
java/net/Socket$1
java/nio/charset/Charset$2
java/lang/Thread$1
java.util.Collection
java.nio.charset.CharacterCodingException
com.lyrisoft.chat.server.local.command.ICommandProcessorLocal
java.util.AbstractCollection
java.lang.InstantiationException
java/util/prefs/Preferences$2
java.nio.channels.spi.AbstractInterruptibleChannel
